<?xml version="1.0" encoding="utf-8"?>
<jslint>
    <file name="D:\Jenkins\jobs\test\workspace\src\gmyContact\contactMain.js">
        <issue line="35" char="22" reason="Empty block." evidence="					}else if(pams.value===&apos;1&apos;){//个人通讯录" severity="High"/>
        <issue line="118" char="1" reason="Mixed spaces and tabs." evidence="                                    	me.mod.confirm({" severity="Low"/>
        <issue line="119" char="1" reason="Mixed spaces and tabs." evidence="                                    		text:&apos;是否确定删除此组？&apos;," severity="Low"/>
        <issue line="120" char="1" reason="Mixed spaces and tabs." evidence="                                    		handler: function(confirm){" severity="Low"/>
        <issue line="121" char="1" reason="Mixed spaces and tabs." evidence="                                    			if(confirm){" severity="Low"/>
        <issue line="122" char="1" reason="Mixed spaces and tabs." evidence="                                    				mc.send({" severity="Low"/>
        <issue line="123" char="1" reason="Mixed spaces and tabs." evidence="        		                                        service:$sl.gmyContact_contactFolder_contactMain_delGroups.service," severity="Low"/>
        <issue line="124" char="1" reason="Mixed spaces and tabs." evidence="        		                                        method:$sl.gmyContact_contactFolder_contactMain_delGroups.method," severity="Low"/>
        <issue line="125" char="1" reason="Mixed spaces and tabs." evidence="        		                                        params:{" severity="Low"/>
        <issue line="126" char="1" reason="Mixed spaces and tabs." evidence="        		                                            uuids:&apos;[&quot;&apos;+node.options.uuid+&apos;&quot;]&apos;" severity="Low"/>
        <issue line="127" char="1" reason="Mixed spaces and tabs." evidence="        		                                        }," severity="Low"/>
        <issue line="128" char="1" reason="Mixed spaces and tabs." evidence="        		                                        success:function(response){" severity="Low"/>
        <issue line="129" char="1" reason="Mixed spaces and tabs." evidence="        		                                            var data = util.parseJson(response.responseText);" severity="Low"/>
        <issue line="130" char="1" reason="Mixed spaces and tabs." evidence="        		                                            if(data.success){" severity="Low"/>
        <issue line="131" char="1" reason="Mixed spaces and tabs." evidence="        		                                                me.mod.alert({" severity="Low"/>
        <issue line="132" char="1" reason="Mixed spaces and tabs." evidence="        		                                                    text:data.msg," severity="Low"/>
        <issue line="133" char="1" reason="Mixed spaces and tabs." evidence="        		                                                    level:&apos;info&apos;," severity="Low"/>
        <issue line="134" char="1" reason="Mixed spaces and tabs." evidence="        		                                                    delay:2000" severity="Low"/>
        <issue line="135" char="1" reason="Mixed spaces and tabs." evidence="        		                                                });" severity="Low"/>
        <issue line="136" char="1" reason="Mixed spaces and tabs." evidence="        		                                            }" severity="Low"/>
        <issue line="137" char="1" reason="Mixed spaces and tabs." evidence="        		                                            //如果刷新这个树" severity="Low"/>
        <issue line="138" char="1" reason="Mixed spaces and tabs." evidence="        		                                            tree.delNode({node:node,handler:function(parentTree,parentNode){" severity="Low"/>
        <issue line="139" char="1" reason="Mixed spaces and tabs." evidence="        		                                            	parentTree.onclick({uuid:parentNode.data.uuid});" severity="Low"/>
        <issue line="140" char="1" reason="Mixed spaces and tabs." evidence="        		            	                            }});" severity="Low"/>
        <issue line="141" char="1" reason="Mixed spaces and tabs." evidence="//        		                                            me.refreshTree(&apos;1&apos;);" severity="Low"/>
        <issue line="142" char="1" reason="Mixed spaces and tabs." evidence="        		                                        }" severity="Low"/>
        <issue line="143" char="1" reason="Mixed spaces and tabs." evidence="        		                                    });" severity="Low"/>
        <issue line="144" char="1" reason="Mixed spaces and tabs." evidence="                                    			}" severity="Low"/>
        <issue line="145" char="1" reason="Mixed spaces and tabs." evidence="                                    		}" severity="Low"/>
        <issue line="146" char="1" reason="Mixed spaces and tabs." evidence="                                    	});" severity="Low"/>
        <issue line="171" char="1" reason="Mixed spaces and tabs." evidence="//   								 }," severity="Low"/>
        <issue line="172" char="1" reason="Mixed spaces and tabs." evidence="//        						afterEditText:function(newValue,node){" severity="Low"/>
        <issue line="193" char="1" reason="Mixed spaces and tabs." evidence="//        						}," severity="Low"/>
        <issue line="244" char="1" reason="Mixed spaces and tabs." evidence="//			                		tObj.open = true;" severity="Low"/>
        <issue line="245" char="1" reason="Mixed spaces and tabs." evidence="//			                	}							" severity="Low"/>
        <issue line="280" char="41" reason="&apos;orgurl&apos; used out of scope." evidence="									url:orgurl," severity="High"/>
        <issue line="309" char="30" reason="Missing semicolon." evidence="			tree = personTree" severity="Medium"/>
        <issue line="314" char="10" reason="Unnecessary semicolon." evidence="		};" severity="High"/>
        <issue line="335" char="1" reason="Mixed spaces and tabs." evidence="	                	 tree.onclick({uuid:uuid});" severity="Low"/>
        <issue line="341" char="30" reason="&apos;root&apos; is already defined." evidence="					var root = orgTree.getRoot();" severity="High"/>
        <issue line="351" char="6" reason="Missing semicolon." evidence="	}" severity="Medium"/>
        <issue line="375" char="6" reason="Missing semicolon." evidence="	}" severity="Medium"/>
        <issue line="389" char="6" reason="Missing semicolon." evidence="	}" severity="Medium"/>
        <issue line="435" char="13" reason="Comma warnings can be turned off with &apos;laxcomma&apos;." evidence="			," severity="High"/>
        <issue line="434" char="17" reason="Bad line breaking before &apos;,&apos;." evidence="				]" severity="High"/>
        <issue line="445" char="6" reason="Missing semicolon." evidence="	}" severity="Medium"/>
        <issue line="481" char="6" reason="Missing semicolon." evidence="	}" severity="Medium"/>
    </file>
    <file name="D:\Jenkins\jobs\test\workspace\src\gmyContact\contactTonXun\gcontactTonXun.js">
        <issue line="1" char="0" reason="This character may get silently deleted by one or more browsers." evidence="﻿new (function(){" severity="High"/>
        <issue line="48" char="38" reason="Missing semicolon." evidence="									}" severity="Medium"/>
        <issue line="90" char="30" reason="Missing semicolon." evidence="							}" severity="Medium"/>
        <issue line="95" char="25" reason="Empty block." evidence="						}	" severity="High"/>
        <issue line="96" char="22" reason="Missing semicolon." evidence="					}" severity="Medium"/>
        <issue line="121" char="6" reason="Missing semicolon." evidence="	}" severity="Medium"/>
        <issue line="202" char="6" reason="Missing semicolon." evidence="	}" severity="Medium"/>
        <issue line="229" char="6" reason="Missing semicolon." evidence="	}" severity="Medium"/>
        <issue line="245" char="1" reason="Mixed spaces and tabs." evidence="		   	var object = {viewUuid:viewUuid,path:path};" severity="Low"/>
        <issue line="255" char="6" reason="Missing semicolon." evidence="	}" severity="Medium"/>
        <issue line="260" char="60" reason="Missing semicolon." evidence="			var object = {viewUuid:viewUuid,path:diguiPath}" severity="Medium"/>
        <issue line="262" char="10" reason="Unnecessary semicolon." evidence="		};" severity="High"/>
        <issue line="276" char="6" reason="Missing semicolon." evidence="	}" severity="Medium"/>
        <issue line="304" char="37" reason="Use &apos;===&apos; to compare with &apos;true&apos;." evidence="				if(data.role.impower==true &amp;&amp; data.type==&apos;2&apos;){" severity="High"/>
        <issue line="353" char="6" reason="Missing semicolon." evidence="	}" severity="Medium"/>
        <issue line="402" char="6" reason="Missing semicolon." evidence="	}" severity="Medium"/>
        <issue line="457" char="6" reason="Missing semicolon." evidence="	}" severity="Medium"/>
        <issue line="484" char="6" reason="Missing semicolon." evidence="	}" severity="Medium"/>
        <issue line="510" char="1" reason="Mixed spaces and tabs." evidence="									 	me.mod.get(&apos;sendPersonDetailInfoCardIdInOrgContact&apos;).getByItemId(&apos;recevierINfoCardItemId&apos;).setValue(&apos;&apos;);" severity="Low"/>
        <issue line="532" char="6" reason="Missing semicolon." evidence="	}" severity="Medium"/>
        <issue line="550" char="11" reason="Missing semicolon." evidence="		})" severity="Medium"/>
        <issue line="557" char="11" reason="Missing semicolon." evidence="		})" severity="Medium"/>
        <issue line="587" char="6" reason="Missing semicolon." evidence="	}" severity="Medium"/>
        <issue line="592" char="6" reason="Missing semicolon." evidence="	}" severity="Medium"/>
        <issue line="597" char="60" reason="Missing semicolon." evidence="			var object = {viewUuid:viewUuid,path:diguiPath}" severity="Medium"/>
        <issue line="599" char="10" reason="Unnecessary semicolon." evidence="		};" severity="High"/>
        <issue line="612" char="6" reason="Missing semicolon." evidence="	}" severity="Medium"/>
        <issue line="636" char="6" reason="Missing semicolon." evidence="	}" severity="Medium"/>
        <issue line="653" char="11" reason="Missing semicolon." evidence="		})" severity="Medium"/>
        <issue line="759" char="6" reason="Missing semicolon." evidence="	}" severity="Medium"/>
        <issue line="776" char="11" reason="Missing semicolon." evidence="		})" severity="Medium"/>
        <issue line="863" char="6" reason="Missing semicolon." evidence="	}" severity="Medium"/>
        <issue line="875" char="6" reason="Missing semicolon." evidence="	}" severity="Medium"/>
        <issue line="922" char="6" reason="Missing semicolon." evidence="	}" severity="Medium"/>
        <issue line="949" char="6" reason="Missing semicolon." evidence="	}" severity="Medium"/>
        <issue line="1020" char="11" reason="Missing semicolon." evidence="		})" severity="Medium"/>
        <issue line="1024" char="6" reason="Missing semicolon." evidence="	}" severity="Medium"/>
        <issue line="1048" char="6" reason="Missing semicolon." evidence="	}" severity="Medium"/>
        <issue line="1134" char="6" reason="Missing semicolon." evidence="	}" severity="Medium"/>
        <issue line="1154" char="6" reason="Missing semicolon." evidence="	}" severity="Medium"/>
        <issue line="1226" char="6" reason="Missing semicolon." evidence="	}" severity="Medium"/>
        <issue line="1237" char="15" reason="Missing semicolon." evidence="			})" severity="Medium"/>
        <issue line="1245" char="23" reason="Duplicate key &apos;fn&apos;." evidence="					fn:me.openMainGridAgain" severity="High"/>
        <issue line="1247" char="15" reason="Missing semicolon." evidence="			})" severity="Medium"/>
        <issue line="1249" char="6" reason="Missing semicolon." evidence="	}" severity="Medium"/>
        <issue line="1253" char="60" reason="Missing semicolon." evidence="		mc.download(&apos;dfc967d4-1681-4799-8bd8-d74442451608&apos;)" severity="Medium"/>
        <issue line="1254" char="6" reason="Missing semicolon." evidence="	}" severity="Medium"/>
        <issue line="1293" char="6" reason="Missing semicolon." evidence="	}" severity="Medium"/>
        <issue line="1304" char="6" reason="Missing semicolon." evidence="	}" severity="Medium"/>
        <issue line="1315" char="6" reason="Missing semicolon." evidence="	}" severity="Medium"/>
        <issue line="1323" char="6" reason="Missing semicolon." evidence="	}" severity="Medium"/>
        <issue line="1381" char="51" reason="Missing semicolon." evidence="				setTitleValue.setValue(titleValue)" severity="Medium"/>
        <issue line="1385" char="6" reason="Missing semicolon." evidence="	}" severity="Medium"/>
        <issue line="1390" char="19" reason="Use &apos;===&apos; to compare with &apos;undefined&apos;." evidence="		if(o.uuid == undefined){" severity="High"/>
        <issue line="1419" char="6" reason="Missing semicolon." evidence="	}" severity="Medium"/>
        <issue line="1472" char="6" reason="Missing semicolon." evidence="	}" severity="Medium"/>
        <issue line="1482" char="6" reason="Missing semicolon." evidence="	}" severity="Medium"/>
        <issue line="1488" char="6" reason="Missing semicolon." evidence="	}" severity="Medium"/>
        <issue line="1491" char="19" reason="Unnecessary semicolon." evidence="	var pingtaiId;;" severity="High"/>
        <issue line="1495" char="1" reason="Mixed spaces and tabs." evidence="		orgImportRelateType = platFormChooseId.getValue();//type：//  	1、LDAP  2、其他系统" severity="Low"/>
        <issue line="1537" char="6" reason="Missing semicolon." evidence="	}" severity="Medium"/>
        <issue line="1552" char="6" reason="Missing semicolon." evidence="	}" severity="Medium"/>
        <issue line="1570" char="6" reason="Missing semicolon." evidence="	}" severity="Medium"/>
        <issue line="1615" char="10" reason="Missing semicolon." evidence="		}" severity="Medium"/>
        <issue line="1622" char="37" reason="Missing semicolon." evidence="			if(!n.uuid){n.uuid = &apos; &apos;};if(!n.name){n.name = &apos; &apos;};if(!n.type){n.type = &apos; &apos;};" severity="Medium"/>
        <issue line="1622" char="38" reason="Unnecessary semicolon." evidence="			if(!n.uuid){n.uuid = &apos; &apos;};if(!n.name){n.name = &apos; &apos;};if(!n.type){n.type = &apos; &apos;};" severity="High"/>
        <issue line="1622" char="63" reason="Missing semicolon." evidence="			if(!n.uuid){n.uuid = &apos; &apos;};if(!n.name){n.name = &apos; &apos;};if(!n.type){n.type = &apos; &apos;};" severity="Medium"/>
        <issue line="1622" char="64" reason="Unnecessary semicolon." evidence="			if(!n.uuid){n.uuid = &apos; &apos;};if(!n.name){n.name = &apos; &apos;};if(!n.type){n.type = &apos; &apos;};" severity="High"/>
        <issue line="1622" char="89" reason="Missing semicolon." evidence="			if(!n.uuid){n.uuid = &apos; &apos;};if(!n.name){n.name = &apos; &apos;};if(!n.type){n.type = &apos; &apos;};" severity="Medium"/>
        <issue line="1622" char="90" reason="Unnecessary semicolon." evidence="			if(!n.uuid){n.uuid = &apos; &apos;};if(!n.name){n.name = &apos; &apos;};if(!n.type){n.type = &apos; &apos;};" severity="High"/>
        <issue line="1623" char="39" reason="Missing semicolon." evidence="			if(!n.email){n.email = &apos; &apos;};if(!n.phone){n.phone = &apos; &apos;};if(!n.remark){n.remark = &apos; &apos;};" severity="Medium"/>
        <issue line="1623" char="40" reason="Unnecessary semicolon." evidence="			if(!n.email){n.email = &apos; &apos;};if(!n.phone){n.phone = &apos; &apos;};if(!n.remark){n.remark = &apos; &apos;};" severity="High"/>
        <issue line="1623" char="67" reason="Missing semicolon." evidence="			if(!n.email){n.email = &apos; &apos;};if(!n.phone){n.phone = &apos; &apos;};if(!n.remark){n.remark = &apos; &apos;};" severity="Medium"/>
        <issue line="1623" char="68" reason="Unnecessary semicolon." evidence="			if(!n.email){n.email = &apos; &apos;};if(!n.phone){n.phone = &apos; &apos;};if(!n.remark){n.remark = &apos; &apos;};" severity="High"/>
        <issue line="1623" char="97" reason="Missing semicolon." evidence="			if(!n.email){n.email = &apos; &apos;};if(!n.phone){n.phone = &apos; &apos;};if(!n.remark){n.remark = &apos; &apos;};" severity="Medium"/>
        <issue line="1623" char="98" reason="Unnecessary semicolon." evidence="			if(!n.email){n.email = &apos; &apos;};if(!n.phone){n.phone = &apos; &apos;};if(!n.remark){n.remark = &apos; &apos;};" severity="High"/>
        <issue line="1664" char="6" reason="Missing semicolon." evidence="	}" severity="Medium"/>
        <issue line="1690" char="23" reason="Missing semicolon." evidence="					})" severity="Medium"/>
        <issue line="1692" char="13" reason="Empty block." evidence="			}" severity="High"/>
        <issue line="1693" char="11" reason="Missing semicolon." evidence="		})" severity="Medium"/>
        <issue line="1697" char="6" reason="Missing semicolon." evidence="	}" severity="Medium"/>
        <issue line="1725" char="23" reason="Missing semicolon." evidence="					})" severity="Medium"/>
        <issue line="1727" char="13" reason="Empty block." evidence="			}" severity="High"/>
        <issue line="1728" char="11" reason="Missing semicolon." evidence="		})" severity="Medium"/>
        <issue line="1732" char="6" reason="Missing semicolon." evidence="	}" severity="Medium"/>
        <issue line="1754" char="94" reason="Missing semicolon." evidence="					mc.fireEvent(form.get(&apos;editmycontactFoldernowId&apos;,&apos;loadForm&apos;,{data:data}))" severity="Medium"/>
        <issue line="1795" char="11" reason="Missing semicolon." evidence="		})" severity="Medium"/>
        <issue line="1796" char="6" reason="Missing semicolon." evidence="	}" severity="Medium"/>
        <issue line="1819" char="6" reason="Missing semicolon." evidence="	}" severity="Medium"/>
        <issue line="1834" char="31" reason="Use &apos;===&apos; to compare with &apos;true&apos;." evidence="				if(o.role.show==true &amp;&amp;  !o.role.impower){//如果只是有查看的权限" severity="High"/>
        <issue line="1849" char="6" reason="Missing semicolon." evidence="	}" severity="Medium"/>
        <issue line="1895" char="11" reason="Missing semicolon." evidence="		})" severity="Medium"/>
        <issue line="1896" char="6" reason="Missing semicolon." evidence="	}" severity="Medium"/>
        <issue line="1965" char="6" reason="Missing semicolon." evidence="	}" severity="Medium"/>
        <issue line="1976" char="69" reason="Missing semicolon." evidence="				{name:contactName,handler:function(){me.mod.goback()}}," severity="Medium"/>
        <issue line="2056" char="6" reason="Missing semicolon." evidence="	}" severity="Medium"/>
        <issue line="2066" char="6" reason="Missing semicolon." evidence="	}" severity="Medium"/>
        <issue line="2108" char="6" reason="Missing semicolon." evidence="	}" severity="Medium"/>
        <issue line="2143" char="14" reason="Missing semicolon." evidence="			]" severity="Medium"/>
        <issue line="2146" char="5" reason="Empty block." evidence="	}" severity="High"/>
        <issue line="2146" char="6" reason="Missing semicolon." evidence="	}" severity="Medium"/>
        <issue line="2181" char="14" reason="Missing semicolon." evidence="			]" severity="Medium"/>
        <issue line="2183" char="6" reason="Missing semicolon." evidence="	}" severity="Medium"/>
        <issue line="2197" char="6" reason="Missing semicolon." evidence="	}" severity="Medium"/>
        <issue line="2208" char="6" reason="Missing semicolon." evidence="	}" severity="Medium"/>
        <issue line="2249" char="6" reason="Missing semicolon." evidence="	}" severity="Medium"/>
        <issue line="2262" char="66" reason="Missing semicolon." evidence="			if(o.members){var members = util.parseJson(o.members)};" severity="Medium"/>
        <issue line="2262" char="67" reason="Unnecessary semicolon." evidence="			if(o.members){var members = util.parseJson(o.members)};" severity="High"/>
        <issue line="2263" char="13" reason="&apos;members&apos; used out of scope." evidence="			members.each(function(e,o){" severity="High"/>
        <issue line="2280" char="26" reason="Use &apos;===&apos; to compare with &apos;false&apos;." evidence="		if(jsonRole.show == false &amp;&amp; jsonRole.impower == false){" severity="High"/>
        <issue line="2280" char="55" reason="Use &apos;===&apos; to compare with &apos;false&apos;." evidence="		if(jsonRole.show == false &amp;&amp; jsonRole.impower == false){" severity="High"/>
        <issue line="2303" char="23" reason="Missing semicolon." evidence="					})" severity="Medium"/>
        <issue line="2313" char="6" reason="Missing semicolon." evidence="	}" severity="Medium"/>
        <issue line="2345" char="26" reason="Use &apos;===&apos; to compare with &apos;false&apos;." evidence="		if(jsonRole.show == false &amp;&amp; jsonRole.impower == false){" severity="High"/>
        <issue line="2345" char="55" reason="Use &apos;===&apos; to compare with &apos;false&apos;." evidence="		if(jsonRole.show == false &amp;&amp; jsonRole.impower == false){" severity="High"/>
        <issue line="2368" char="23" reason="Missing semicolon." evidence="					})" severity="Medium"/>
        <issue line="2379" char="6" reason="Missing semicolon." evidence="	}" severity="Medium"/>
        <issue line="2390" char="33" reason="Use &apos;===&apos; to compare with &apos;false&apos;." evidence="				if(data.success == false){" severity="High"/>
        <issue line="2404" char="6" reason="Missing semicolon." evidence="	}" severity="Medium"/>
        <issue line="2422" char="6" reason="Missing semicolon." evidence="	}" severity="Medium"/>
        <issue line="2439" char="6" reason="Missing semicolon." evidence="	}" severity="Medium"/>
    </file>
    <file name="D:\Jenkins\jobs\test\workspace\src\gmyContact\contactTonXun\personImportContact.js">
        <issue line="53" char="80" reason="Missing semicolon." evidence="						me.createColba(form,arrayName[i],data[i].text,2+i,data)" severity="Medium"/>
        <issue line="57" char="18" reason="Missing semicolon." evidence="				}	" severity="Medium"/>
        <issue line="63" char="6" reason="Missing semicolon." evidence="	}" severity="Medium"/>
        <issue line="74" char="6" reason="Missing semicolon." evidence="	}" severity="Medium"/>
        <issue line="96" char="10" reason="Missing semicolon." evidence="		]" severity="Medium"/>
        <issue line="123" char="11" reason="Missing semicolon." evidence="		})" severity="Medium"/>
        <issue line="124" char="6" reason="Missing semicolon." evidence="	}" severity="Medium"/>
        <issue line="125" char="3" reason="Missing semicolon." evidence="})" severity="Medium"/>
    </file>
    <file name="D:\Jenkins\jobs\test\workspace\src\gmyContact\datamapping.js">
        <issue line="35" char="2" reason="Expected an assignment or function call and instead saw an expression." evidence="});" severity="High"/>
    </file>
    <file name="D:\Jenkins\jobs\test\workspace\src\gmyContact\editpersonal.js">
        <issue line="10" char="11" reason="&apos;id&apos; is already defined." evidence="	var id;" severity="High"/>
        <issue line="164" char="6" reason="Missing semicolon." evidence="	}" severity="Medium"/>
        <issue line="172" char="6" reason="Missing semicolon." evidence="	}" severity="Medium"/>
        <issue line="180" char="6" reason="Missing semicolon." evidence="	}" severity="Medium"/>
        <issue line="206" char="6" reason="Missing semicolon." evidence="	}" severity="Medium"/>
        <issue line="210" char="6" reason="Missing semicolon." evidence="	}" severity="Medium"/>
        <issue line="236" char="11" reason="Missing semicolon." evidence="		})" severity="Medium"/>
        <issue line="237" char="6" reason="Missing semicolon." evidence="	}" severity="Medium"/>
        <issue line="258" char="11" reason="Missing semicolon." evidence="		})" severity="Medium"/>
        <issue line="259" char="6" reason="Missing semicolon." evidence="	}" severity="Medium"/>
        <issue line="231" char="21" reason="&apos;getUserInfo&apos; is not defined." evidence="					getUserInfo(dataMsg);" severity="High"/>
    </file>
    <file name="D:\Jenkins\jobs\test\workspace\src\gmyContact\editpersonal2.js">
        <issue line="46" char="1" reason="Mixed spaces and tabs." evidence="	   	pwdtext =  new Gframe.controls.TextField({enabled:false,name:&apos;newPwd&apos;,lable:&quot;输入新密码&quot;,value:&quot;&quot;,readonly:false,xtype:&apos;password&apos;,width:&apos;max&apos;,leftWidth:70})" severity="Low"/>
        <issue line="45" char="161" reason="Missing semicolon." evidence="	    oldPwdtext =  new Gframe.controls.TextField({enabled:false,name:&apos;oldPwd&apos;,lable:&quot;原密码&quot;,value:&quot;&quot;,readonly:false,xtype:&apos;password&apos;,width:&apos;max&apos;,leftWidth:70})" severity="Medium"/>
        <issue line="47" char="1" reason="Mixed spaces and tabs." evidence="		confirmtext = new Gframe.controls.TextField({enabled:false,name:&apos;newPwd2&apos;,lable:&quot;确认新密码&quot;,value:&quot;&quot;,readonly:false,xtype:&apos;password&apos;,width:&apos;max&apos;,leftWidth:70})	   	" severity="Low"/>
        <issue line="46" char="163" reason="Missing semicolon." evidence="	   	pwdtext =  new Gframe.controls.TextField({enabled:false,name:&apos;newPwd&apos;,lable:&quot;输入新密码&quot;,value:&quot;&quot;,readonly:false,xtype:&apos;password&apos;,width:&apos;max&apos;,leftWidth:70})" severity="Medium"/>
        <issue line="48" char="1" reason="Mixed spaces and tabs." evidence="	  	" severity="Low"/>
        <issue line="47" char="164" reason="Missing semicolon." evidence="		confirmtext = new Gframe.controls.TextField({enabled:false,name:&apos;newPwd2&apos;,lable:&quot;确认新密码&quot;,value:&quot;&quot;,readonly:false,xtype:&apos;password&apos;,width:&apos;max&apos;,leftWidth:70})	   	" severity="Medium"/>
        <issue line="66" char="1" reason="Mixed spaces and tabs." evidence="	   	r_col5.addItem(new Blank({width:10}));" severity="Low"/>
        <issue line="67" char="1" reason="Mixed spaces and tabs." evidence="	   	r_col7.addItem(oldPwdtext);" severity="Low"/>
        <issue line="68" char="1" reason="Mixed spaces and tabs." evidence="	   	" severity="Low"/>
        <issue line="98" char="1" reason="Mixed spaces and tabs." evidence="	                                               success:function(){uploadsuccess();},		                                                                                             									" severity="Low"/>
        <issue line="101" char="1" reason="Mixed spaces and tabs." evidence="												 	  }," severity="Low"/>
        <issue line="116" char="1" reason="Mixed spaces and tabs." evidence="		leftrowbar.addItem(l_col1);	 	" severity="Low"/>
        <issue line="129" char="1" reason="Mixed spaces and tabs." evidence="												    		leftrowbar," severity="Low"/>
        <issue line="130" char="1" reason="Mixed spaces and tabs." evidence="//												    		new Gframe.controls.Label({value:&apos;姓名：&apos;,textAlign:&apos;left&apos;,width:&apos;max&apos;,height:36})," severity="Low"/>
        <issue line="137" char="1" reason="Mixed spaces and tabs." evidence="												    	signatureText," severity="Low"/>
        <issue line="138" char="1" reason="Mixed spaces and tabs." evidence="												    	new Blank({width:10})" severity="Low"/>
        <issue line="146" char="1" reason="Mixed spaces and tabs." evidence="														    		new Blank({width:10})," severity="Low"/>
        <issue line="148" char="1" reason="Mixed spaces and tabs." evidence="														    		new Blank({width:10})" severity="Low"/>
        <issue line="156" char="1" reason="Mixed spaces and tabs." evidence="												    		new Blank({width:10})," severity="Low"/>
        <issue line="158" char="1" reason="Mixed spaces and tabs." evidence="												    		new Blank({width:10})" severity="Low"/>
        <issue line="167" char="1" reason="Mixed spaces and tabs." evidence="												    		new Blank({width:10})" severity="Low"/>
        <issue line="223" char="1" reason="Mixed spaces and tabs." evidence="												    		buttonEnter," severity="Low"/>
        <issue line="242" char="1" reason="Mixed spaces and tabs." evidence="												    		new Gframe.controls.Label({width:10})," severity="Low"/>
        <issue line="243" char="1" reason="Mixed spaces and tabs." evidence="												    		dataEditForm," severity="Low"/>
        <issue line="244" char="1" reason="Mixed spaces and tabs." evidence="												    		new Gframe.controls.Label({width:10})	" severity="Low"/>
        <issue line="255" char="27" reason="Use &apos;!==&apos; to compare with &apos;&apos;." evidence="		if(_uuid &amp;&amp; _uuid != &apos;&apos;) {" severity="High"/>
        <issue line="285" char="6" reason="Missing semicolon." evidence="	}" severity="Medium"/>
        <issue line="308" char="6" reason="Missing semicolon." evidence="	}" severity="Medium"/>
        <issue line="312" char="6" reason="Missing semicolon." evidence="	}" severity="Medium"/>
        <issue line="32" char="89" reason="&apos;data&apos; is not defined." evidence="	    var signatureText = new Gframe.controls.TextField({name:&apos;sign&apos;,lable:&quot;签名&quot;,value:data.sign,readonly:false,xtype:&apos;text&apos;,width:&apos;max&apos;,leftWidth:70});	" severity="High"/>
        <issue line="97" char="7" reason="&apos;upload&apos; is not defined." evidence="	  upload = new Gframe.controls.DirectUpload({" severity="High"/>
        <issue line="104" char="24" reason="&apos;upload&apos; is not defined." evidence="		l_col2.addItem(upload);  " severity="High"/>
        <issue line="108" char="95" reason="&apos;upload&apos; is not defined." evidence="	   var hrefUrl = mc.downloadurl+&apos;?g_userName=&apos;+mc.username+&apos;&amp;g_token=&apos;+mc.token+&apos;&amp;uuid=&apos;+(upload.getUploadInfo().uuid);" severity="High"/>
        <issue line="207" char="57" reason="&apos;getUserInfo&apos; is not defined." evidence="														getUserInfo();" severity="High"/>
        <issue line="248" char="21" reason="&apos;Panel&apos; is not defined." evidence="		panel = new Panel([mainColbar]);" severity="High"/>
    </file>
    <file name="D:\Jenkins\jobs\test\workspace\src\gmyContact\organizationContact\buildPerson.js">
        <issue line="34" char="82" reason="Missing semicolon." evidence="					{name:&apos;取消&apos;,value:&apos;取消&apos;,handler:function(){me.mod.main.goback()}}" severity="Medium"/>
        <issue line="50" char="17" reason="Don&apos;t make functions within a loop." evidence="				}" severity="High"/>
        <issue line="49" char="22" reason="Missing semicolon." evidence="					}" severity="Medium"/>
        <issue line="78" char="6" reason="Missing semicolon." evidence="	}" severity="Medium"/>
        <issue line="157" char="10" reason="Unnecessary semicolon." evidence="		};" severity="High"/>
        <issue line="182" char="11" reason="Missing semicolon." evidence="		})" severity="Medium"/>
        <issue line="184" char="6" reason="Missing semicolon." evidence="	}" severity="Medium"/>
        <issue line="251" char="10" reason="Unnecessary semicolon." evidence="		};" severity="High"/>
        <issue line="257" char="6" reason="Missing semicolon." evidence="	}" severity="Medium"/>
        <issue line="328" char="6" reason="Missing semicolon." evidence="	}" severity="Medium"/>
        <issue line="349" char="6" reason="Missing semicolon." evidence="	}" severity="Medium"/>
        <issue line="366" char="6" reason="Missing semicolon." evidence="	}" severity="Medium"/>
        <issue line="383" char="6" reason="Missing semicolon." evidence="	}" severity="Medium"/>
        <issue line="400" char="22" reason="Confusing use of &apos;!&apos;." evidence="		phoneIndex = !Boolean(allPhones.length)===true?index:phoneIndex;" severity="High"/>
        <issue line="409" char="1" reason="Mixed spaces and tabs." evidence="	 				index--;" severity="Low"/>
        <issue line="410" char="1" reason="Mixed spaces and tabs." evidence="	 				phoneIndex--;" severity="Low"/>
        <issue line="411" char="1" reason="Mixed spaces and tabs." evidence="	 				phoneLength--;" severity="Low"/>
        <issue line="412" char="1" reason="Mixed spaces and tabs." evidence="	 				form.update();" severity="Low"/>
        <issue line="464" char="6" reason="Missing semicolon." evidence="	}" severity="Medium"/>
        <issue line="490" char="1" reason="Mixed spaces and tabs." evidence="	 				index--;" severity="Low"/>
        <issue line="491" char="1" reason="Mixed spaces and tabs." evidence="	 				faxLength--;" severity="Low"/>
        <issue line="492" char="1" reason="Mixed spaces and tabs." evidence="	 				form.update();" severity="Low"/>
        <issue line="514" char="10" reason="Unnecessary semicolon." evidence="		};" severity="High"/>
        <issue line="524" char="10" reason="Unnecessary semicolon." evidence="		};" severity="High"/>
        <issue line="537" char="6" reason="Missing semicolon." evidence="	}" severity="Medium"/>
        <issue line="562" char="1" reason="Mixed spaces and tabs." evidence="	 				index--;" severity="Low"/>
        <issue line="563" char="1" reason="Mixed spaces and tabs." evidence="	 				msgLength--;" severity="Low"/>
        <issue line="564" char="1" reason="Mixed spaces and tabs." evidence="	 				form.update();" severity="Low"/>
        <issue line="585" char="10" reason="Unnecessary semicolon." evidence="		};" severity="High"/>
        <issue line="595" char="10" reason="Unnecessary semicolon." evidence="		};" severity="High"/>
        <issue line="608" char="6" reason="Missing semicolon." evidence="	}" severity="Medium"/>
        <issue line="633" char="1" reason="Mixed spaces and tabs." evidence="	 				index--;" severity="Low"/>
        <issue line="634" char="1" reason="Mixed spaces and tabs." evidence="	 				emailLength--;" severity="Low"/>
        <issue line="635" char="1" reason="Mixed spaces and tabs." evidence="	 				form.update();" severity="Low"/>
        <issue line="636" char="1" reason="Mixed spaces and tabs." evidence="	 		" severity="Low"/>
        <issue line="667" char="10" reason="Unnecessary semicolon." evidence="		};" severity="High"/>
        <issue line="695" char="6" reason="Missing semicolon." evidence="	}" severity="Medium"/>
        <issue line="720" char="1" reason="Mixed spaces and tabs." evidence="	 				index--;" severity="Low"/>
        <issue line="721" char="1" reason="Mixed spaces and tabs." evidence="	 				addressLength--;" severity="Low"/>
        <issue line="722" char="1" reason="Mixed spaces and tabs." evidence="	 				form.update();" severity="Low"/>
        <issue line="737" char="10" reason="Unnecessary semicolon." evidence="		};" severity="High"/>
        <issue line="749" char="10" reason="Unnecessary semicolon." evidence="		};" severity="High"/>
        <issue line="770" char="6" reason="Missing semicolon." evidence="	}" severity="Medium"/>
        <issue line="785" char="10" reason="Unnecessary semicolon." evidence="		};" severity="High"/>
        <issue line="800" char="6" reason="Missing semicolon." evidence="	}" severity="Medium"/>
        <issue line="821" char="6" reason="Missing semicolon." evidence="	}" severity="Medium"/>
        <issue line="839" char="6" reason="Missing semicolon." evidence="	}" severity="Medium"/>
        <issue line="849" char="10" reason="Unnecessary semicolon." evidence="		};" severity="High"/>
        <issue line="850" char="6" reason="Missing semicolon." evidence="	}" severity="Medium"/>
        <issue line="855" char="6" reason="Missing semicolon." evidence="	}" severity="Medium"/>
        <issue line="869" char="10" reason="Unnecessary semicolon." evidence="		};" severity="High"/>
        <issue line="871" char="6" reason="Missing semicolon." evidence="	}" severity="Medium"/>
        <issue line="891" char="14" reason="Unnecessary semicolon." evidence="			};" severity="High"/>
        <issue line="899" char="14" reason="Unnecessary semicolon." evidence="			};" severity="High"/>
        <issue line="915" char="14" reason="Unnecessary semicolon." evidence="			};" severity="High"/>
        <issue line="923" char="14" reason="Unnecessary semicolon." evidence="			};" severity="High"/>
        <issue line="927" char="10" reason="Unnecessary semicolon." evidence="		};" severity="High"/>
        <issue line="932" char="6" reason="Missing semicolon." evidence="	}" severity="Medium"/>
        <issue line="72" char="17" reason="&apos;setDefaultTag&apos; is not defined." evidence="				setDefaultTag = 0;" severity="High"/>
        <issue line="644" char="110" reason="&apos;defaultLabel&apos; is not defined." evidence="			var bnObj = me.updateSumitData(self,emailCol,allEmails,addBtn,deldanweiZhizilabel,&apos;emailDefault&apos;,defaultLabel,emailText);" severity="High"/>
    </file>
    <file name="D:\Jenkins\jobs\test\workspace\src\gmyContact\organizationContact\createContact.js">
        <issue line="120" char="6" reason="Missing semicolon." evidence="	}" severity="Medium"/>
        <issue line="153" char="6" reason="Missing semicolon." evidence="	}" severity="Medium"/>
        <issue line="14" char="21" reason="&apos;personTree&apos; is not defined." evidence="					personTree = new Treebar({});	" severity="High"/>
        <issue line="15" char="21" reason="&apos;personTree&apos; is not defined." evidence="					personTree.handler = function(node){" severity="High"/>
        <issue line="25" char="28" reason="&apos;personTree&apos; is not defined." evidence="					return personTree;" severity="High"/>
        <issue line="34" char="42" reason="&apos;personTree&apos; is not defined." evidence="							mc.fireEvent(personTree.get(&apos;id&apos;),&apos;loadData&apos;,{obj:response.responseText});" severity="High"/>
    </file>
    <file name="D:\Jenkins\jobs\test\workspace\src\gmyContact\organizationContact\editContact.js">
        <issue line="25" char="10" reason="Unnecessary semicolon." evidence="		};" severity="High"/>
        <issue line="74" char="18" reason="Unnecessary semicolon." evidence="				};" severity="High"/>
        <issue line="83" char="6" reason="Missing semicolon." evidence="	}" severity="Medium"/>
        <issue line="111" char="6" reason="Missing semicolon." evidence="	}" severity="Medium"/>
    </file>
    <file name="D:\Jenkins\jobs\test\workspace\src\gmyContact\organizationContact\editGroup.js">
        <issue line="25" char="10" reason="Unnecessary semicolon." evidence="		};" severity="High"/>
        <issue line="71" char="18" reason="Unnecessary semicolon." evidence="				};" severity="High"/>
        <issue line="83" char="6" reason="Missing semicolon." evidence="	}" severity="Medium"/>
        <issue line="115" char="6" reason="Missing semicolon." evidence="	}" severity="Medium"/>
    </file>
    <file name="D:\Jenkins\jobs\test\workspace\src\gmyContact\organizationContact\editPerson.js">
        <issue line="42" char="82" reason="Missing semicolon." evidence="					{name:&apos;取消&apos;,value:&apos;取消&apos;,handler:function(){me.mod.main.goback()}}" severity="Medium"/>
        <issue line="60" char="17" reason="Don&apos;t make functions within a loop." evidence="				};" severity="High"/>
        <issue line="59" char="22" reason="Missing semicolon." evidence="					}" severity="Medium"/>
        <issue line="60" char="18" reason="Unnecessary semicolon." evidence="				};" severity="High"/>
        <issue line="100" char="6" reason="Missing semicolon." evidence="	}" severity="Medium"/>
        <issue line="183" char="10" reason="Unnecessary semicolon." evidence="		};" severity="High"/>
        <issue line="205" char="11" reason="Missing semicolon." evidence="		})" severity="Medium"/>
        <issue line="207" char="6" reason="Missing semicolon." evidence="	}" severity="Medium"/>
        <issue line="222" char="10" reason="Unnecessary semicolon." evidence="		};" severity="High"/>
        <issue line="239" char="6" reason="Missing semicolon." evidence="	}" severity="Medium"/>
        <issue line="251" char="10" reason="Unnecessary semicolon." evidence="		};" severity="High"/>
        <issue line="337" char="10" reason="Unnecessary semicolon." evidence="		};" severity="High"/>
        <issue line="343" char="6" reason="Missing semicolon." evidence="	}" severity="Medium"/>
        <issue line="435" char="6" reason="Missing semicolon." evidence="	}" severity="Medium"/>
        <issue line="457" char="6" reason="Missing semicolon." evidence="	}" severity="Medium"/>
        <issue line="475" char="6" reason="Missing semicolon." evidence="	}" severity="Medium"/>
        <issue line="492" char="6" reason="Missing semicolon." evidence="	}" severity="Medium"/>
        <issue line="504" char="18" reason="Unnecessary semicolon." evidence="				};" severity="High"/>
        <issue line="507" char="14" reason="Unnecessary semicolon." evidence="			};" severity="High"/>
        <issue line="509" char="6" reason="Missing semicolon." evidence="	} " severity="Medium"/>
        <issue line="518" char="18" reason="Unnecessary semicolon." evidence="				};" severity="High"/>
        <issue line="523" char="6" reason="Missing semicolon." evidence="	} " severity="Medium"/>
        <issue line="533" char="18" reason="Unnecessary semicolon." evidence="				};" severity="High"/>
        <issue line="536" char="14" reason="Unnecessary semicolon." evidence="			};" severity="High"/>
        <issue line="538" char="6" reason="Missing semicolon." evidence="	} " severity="Medium"/>
        <issue line="546" char="18" reason="Unnecessary semicolon." evidence="				};" severity="High"/>
        <issue line="549" char="14" reason="Unnecessary semicolon." evidence="			};" severity="High"/>
        <issue line="551" char="6" reason="Missing semicolon." evidence="	} " severity="Medium"/>
        <issue line="559" char="18" reason="Unnecessary semicolon." evidence="				};" severity="High"/>
        <issue line="562" char="14" reason="Unnecessary semicolon." evidence="			};" severity="High"/>
        <issue line="566" char="6" reason="Missing semicolon." evidence="	} " severity="Medium"/>
        <issue line="582" char="22" reason="Confusing use of &apos;!&apos;." evidence="		phoneIndex = !Boolean(allPhones.length)===true?index:phoneIndex;" severity="High"/>
        <issue line="589" char="1" reason="Mixed spaces and tabs." evidence="	 				index--;" severity="Low"/>
        <issue line="590" char="1" reason="Mixed spaces and tabs." evidence="	 				phoneIndex--;" severity="Low"/>
        <issue line="591" char="1" reason="Mixed spaces and tabs." evidence="	 				phoneLength--;" severity="Low"/>
        <issue line="592" char="1" reason="Mixed spaces and tabs." evidence="	 				form.update();" severity="Low"/>
        <issue line="646" char="6" reason="Missing semicolon." evidence="	}" severity="Medium"/>
        <issue line="672" char="1" reason="Mixed spaces and tabs." evidence="	 				index--;" severity="Low"/>
        <issue line="673" char="1" reason="Mixed spaces and tabs." evidence="	 				faxLength--;" severity="Low"/>
        <issue line="674" char="1" reason="Mixed spaces and tabs." evidence="	 				form.update();" severity="Low"/>
        <issue line="696" char="10" reason="Unnecessary semicolon." evidence="		};" severity="High"/>
        <issue line="706" char="10" reason="Unnecessary semicolon." evidence="		};" severity="High"/>
        <issue line="726" char="6" reason="Missing semicolon." evidence="	}" severity="Medium"/>
        <issue line="751" char="1" reason="Mixed spaces and tabs." evidence="	 				index--;" severity="Low"/>
        <issue line="752" char="1" reason="Mixed spaces and tabs." evidence="	 				msgLength--;" severity="Low"/>
        <issue line="753" char="1" reason="Mixed spaces and tabs." evidence="	 				form.update();" severity="Low"/>
        <issue line="775" char="10" reason="Unnecessary semicolon." evidence="		};" severity="High"/>
        <issue line="785" char="10" reason="Unnecessary semicolon." evidence="		};" severity="High"/>
        <issue line="805" char="6" reason="Missing semicolon." evidence="	}" severity="Medium"/>
        <issue line="830" char="1" reason="Mixed spaces and tabs." evidence="	 				index--;" severity="Low"/>
        <issue line="831" char="1" reason="Mixed spaces and tabs." evidence="	 				emailLength--;" severity="Low"/>
        <issue line="832" char="1" reason="Mixed spaces and tabs." evidence="	 				form.update();" severity="Low"/>
        <issue line="833" char="1" reason="Mixed spaces and tabs." evidence="	 		" severity="Low"/>
        <issue line="867" char="10" reason="Unnecessary semicolon." evidence="		};" severity="High"/>
        <issue line="908" char="6" reason="Missing semicolon." evidence="	}" severity="Medium"/>
        <issue line="933" char="1" reason="Mixed spaces and tabs." evidence="	 				index--;" severity="Low"/>
        <issue line="934" char="1" reason="Mixed spaces and tabs." evidence="	 				addressLength--;" severity="Low"/>
        <issue line="935" char="1" reason="Mixed spaces and tabs." evidence="	 				form.update();" severity="Low"/>
        <issue line="950" char="10" reason="Unnecessary semicolon." evidence="		};" severity="High"/>
        <issue line="964" char="10" reason="Unnecessary semicolon." evidence="		};" severity="High"/>
        <issue line="994" char="6" reason="Missing semicolon." evidence="	}" severity="Medium"/>
        <issue line="1016" char="6" reason="Missing semicolon." evidence="	}" severity="Medium"/>
        <issue line="1036" char="6" reason="Missing semicolon." evidence="	}" severity="Medium"/>
        <issue line="1046" char="10" reason="Unnecessary semicolon." evidence="		};" severity="High"/>
        <issue line="1047" char="6" reason="Missing semicolon." evidence="	}" severity="Medium"/>
        <issue line="1052" char="6" reason="Missing semicolon." evidence="	}" severity="Medium"/>
        <issue line="1065" char="10" reason="Unnecessary semicolon." evidence="		};" severity="High"/>
        <issue line="1067" char="6" reason="Missing semicolon." evidence="	}" severity="Medium"/>
        <issue line="1087" char="14" reason="Unnecessary semicolon." evidence="			};" severity="High"/>
        <issue line="1095" char="14" reason="Unnecessary semicolon." evidence="			};" severity="High"/>
        <issue line="1111" char="14" reason="Unnecessary semicolon." evidence="			};" severity="High"/>
        <issue line="1119" char="14" reason="Unnecessary semicolon." evidence="			};" severity="High"/>
        <issue line="1123" char="10" reason="Unnecessary semicolon." evidence="		};" severity="High"/>
        <issue line="1128" char="6" reason="Missing semicolon." evidence="	}" severity="Medium"/>
        <issue line="841" char="110" reason="&apos;defaultLabel&apos; is not defined." evidence="			var bnObj = me.updateSumitData(self,emailCol,allEmails,addBtn,deldanweiZhizilabel,&apos;emailDefault&apos;,defaultLabel,emailText);" severity="High"/>
        <issue line="902" char="17" reason="&apos;defaultLabel&apos; is not defined." evidence="				defaultLabel.setCls(&apos;finish_sign&apos;);" severity="High"/>
    </file>
    <file name="D:\Jenkins\jobs\test\workspace\src\gmyContact\organizationContact\givePriv.js">
        <issue line="24" char="34" reason="Missing semicolon." evidence="								}" severity="Medium"/>
        <issue line="150" char="6" reason="Missing semicolon." evidence="	}" severity="Medium"/>
        <issue line="161" char="6" reason="Missing semicolon." evidence="	}" severity="Medium"/>
        <issue line="173" char="6" reason="Missing semicolon." evidence="	}" severity="Medium"/>
        <issue line="214" char="6" reason="Missing semicolon." evidence="	}" severity="Medium"/>
        <issue line="225" char="6" reason="Missing semicolon." evidence="	}" severity="Medium"/>
        <issue line="236" char="6" reason="Missing semicolon." evidence="	}" severity="Medium"/>
        <issue line="241" char="35" reason="Expected &apos;{&apos; and instead saw &apos;str&apos;." evidence="		if(v &amp;&amp; v.contain(&apos;show&apos;))str+=&apos;可见 &apos;;" severity="High"/>
        <issue line="243" char="6" reason="Missing semicolon." evidence="	}" severity="Medium"/>
        <issue line="246" char="23" reason="Use &apos;===&apos; to compare with &apos;true&apos;." evidence="		if(o.allowDel == true){" severity="High"/>
        <issue line="278" char="14" reason="Missing semicolon." evidence="			]" severity="Medium"/>
        <issue line="280" char="6" reason="Missing semicolon." evidence="	}" severity="Medium"/>
        <issue line="297" char="10" reason="Unnecessary semicolon." evidence="		};" severity="High"/>
        <issue line="329" char="23" reason="Missing semicolon." evidence="					})" severity="Medium"/>
        <issue line="339" char="1" reason="Mixed spaces and tabs." evidence="				 			url:&apos;modules/gappManager/buildAppShortCut.js&apos;," severity="Low"/>
        <issue line="340" char="1" reason="Mixed spaces and tabs." evidence="				 			params:{" severity="Low"/>
        <issue line="341" char="1" reason="Mixed spaces and tabs." evidence="				 				sendPath:sendPath," severity="Low"/>
        <issue line="342" char="1" reason="Mixed spaces and tabs." evidence="				 				mod:mod," severity="Low"/>
        <issue line="343" char="1" reason="Mixed spaces and tabs." evidence="				 				tag:tag," severity="Low"/>
        <issue line="344" char="1" reason="Mixed spaces and tabs." evidence="				 				lineData:lineData" severity="Low"/>
        <issue line="345" char="1" reason="Mixed spaces and tabs." evidence="				 			}" severity="Low"/>
        <issue line="352" char="6" reason="Missing semicolon." evidence="	}" severity="Medium"/>
        <issue line="363" char="6" reason="Missing semicolon." evidence="	}" severity="Medium"/>
        <issue line="382" char="6" reason="Missing semicolon." evidence="	}" severity="Medium"/>
        <issue line="140" char="17" reason="&apos;pathStr&apos; is not defined." evidence="				pathStr = &apos;行政通讯录/&apos;+lineData.name;" severity="High"/>
        <issue line="141" char="36" reason="&apos;pathStr&apos; is not defined." evidence="				pathLabel.setValue(pathStr);" severity="High"/>
        <issue line="146" char="17" reason="&apos;refuseBtn&apos; is not defined." evidence="				refuseBtn = radiogoup.getByItemId(&apos;refuseBtn&apos;);" severity="High"/>
        <issue line="147" char="17" reason="&apos;refuseBtn&apos; is not defined." evidence="				refuseBtn.setEnabled(false);" severity="High"/>
        <issue line="159" char="9" reason="&apos;refuseBtn&apos; is not defined." evidence="		refuseBtn = radiogoup.getByItemId(&apos;refuseBtn&apos;);" severity="High"/>
        <issue line="160" char="9" reason="&apos;refuseBtn&apos; is not defined." evidence="		refuseBtn.setEnabled(true);" severity="High"/>
        <issue line="171" char="9" reason="&apos;refuseBtn&apos; is not defined." evidence="		refuseBtn = radiogoup.getByItemId(&apos;refuseBtn&apos;);" severity="High"/>
        <issue line="172" char="9" reason="&apos;refuseBtn&apos; is not defined." evidence="		refuseBtn.setEnabled(false);" severity="High"/>
        <issue line="341" char="43" reason="&apos;sendPath&apos; is not defined." evidence="				 				sendPath:sendPath," severity="High"/>
        <issue line="342" char="38" reason="&apos;mod&apos; is not defined." evidence="				 				mod:mod," severity="High"/>
    </file>
    <file name="D:\Jenkins\jobs\test\workspace\src\gmyContact\organizationContact\giveSort.js">
        <issue line="38" char="6" reason="Missing semicolon." evidence="	}" severity="Medium"/>
        <issue line="65" char="6" reason="Missing semicolon." evidence="	}" severity="Medium"/>
        <issue line="152" char="6" reason="Missing semicolon." evidence="	}" severity="Medium"/>
    </file>
    <file name="D:\Jenkins\jobs\test\workspace\src\gmyContact\organizationContact\groupAndPersonGrid.js">
        <issue line="58" char="21" reason="Don&apos;t make functions within a loop." evidence="					};" severity="High"/>
        <issue line="57" char="26" reason="Missing semicolon." evidence="						}" severity="Medium"/>
        <issue line="58" char="22" reason="Unnecessary semicolon." evidence="					};" severity="High"/>
        <issue line="111" char="130" reason="Missing semicolon." evidence="				{header:&apos;图标&apos;,textHidden:true,mapping:&apos;phones&apos;,renderer:me.showMessage,handler:function(e,o){me.show(e,o,o.phones)},width:20,textAlign:&apos;left&apos;}," severity="Medium"/>
        <issue line="126" char="6" reason="Missing semicolon." evidence="	}" severity="Medium"/>
        <issue line="135" char="6" reason="Missing semicolon." evidence="	}" severity="Medium"/>
        <issue line="144" char="6" reason="Missing semicolon." evidence="	}" severity="Medium"/>
        <issue line="155" char="23" reason="Missing semicolon." evidence="			return &apos; &apos;" severity="Medium"/>
        <issue line="157" char="6" reason="Missing semicolon." evidence="	}" severity="Medium"/>
        <issue line="167" char="6" reason="Missing semicolon." evidence="	}" severity="Medium"/>
        <issue line="186" char="30" reason="Missing semicolon." evidence="			v.push(testLabel)" severity="Medium"/>
        <issue line="198" char="70" reason="Missing radix parameter." evidence="		targetXY.y = targetXY.y+parseInt(record.getdom().style.height);" severity="High"/>
        <issue line="200" char="6" reason="Missing semicolon." evidence="	}" severity="Medium"/>
        <issue line="219" char="23" reason="Missing semicolon." evidence="					})" severity="Medium"/>
        <issue line="230" char="27" reason="Missing semicolon." evidence="						})" severity="Medium"/>
        <issue line="244" char="6" reason="Missing semicolon." evidence="	}" severity="Medium"/>
        <issue line="284" char="11" reason="Missing semicolon." evidence="		})" severity="Medium"/>
        <issue line="285" char="6" reason="Missing semicolon." evidence="	}" severity="Medium"/>
        <issue line="297" char="6" reason="Missing semicolon." evidence="	}" severity="Medium"/>
        <issue line="310" char="6" reason="Missing semicolon." evidence="	}" severity="Medium"/>
        <issue line="320" char="6" reason="Missing semicolon." evidence="	}" severity="Medium"/>
        <issue line="334" char="6" reason="Missing semicolon." evidence="	}" severity="Medium"/>
        <issue line="358" char="6" reason="Missing semicolon." evidence="	}" severity="Medium"/>
        <issue line="362" char="6" reason="Missing semicolon." evidence="	}" severity="Medium"/>
        <issue line="378" char="6" reason="Missing semicolon." evidence="	}" severity="Medium"/>
        <issue line="389" char="6" reason="Missing semicolon." evidence="	}" severity="Medium"/>
        <issue line="402" char="6" reason="Missing semicolon." evidence="	}" severity="Medium"/>
        <issue line="413" char="6" reason="Missing semicolon." evidence="	}" severity="Medium"/>
        <issue line="426" char="6" reason="Missing semicolon." evidence="	}" severity="Medium"/>
        <issue line="474" char="6" reason="Missing semicolon." evidence="	}" severity="Medium"/>
        <issue line="477" char="19" reason="&apos;uuids&apos; is already defined." evidence="		var uuids = uuids;" severity="High"/>
        <issue line="487" char="10" reason="Unnecessary semicolon." evidence="		};" severity="High"/>
        <issue line="494" char="10" reason="Unnecessary semicolon." evidence="		};" severity="High"/>
        <issue line="500" char="114" reason="Missing semicolon." evidence="					{value:&apos;忽略&apos;,handler:function(){actFlag = &apos;1&apos;;me.goonMove(actFlag,uuids,targetUuid,clearUuids)}}," severity="Medium"/>
        <issue line="501" char="114" reason="Missing semicolon." evidence="					{value:&apos;覆盖&apos;,handler:function(){actFlag = &apos;2&apos;;me.goonMove(actFlag,uuids,targetUuid,clearUuids)}}," severity="Medium"/>
        <issue line="502" char="115" reason="Missing semicolon." evidence="					{value:&apos;重命名&apos;,handler:function(){actFlag = &apos;3&apos;;me.goonMove(actFlag,uuids,targetUuid,clearUuids)}}," severity="Medium"/>
        <issue line="508" char="6" reason="Missing semicolon." evidence="	}" severity="Medium"/>
        <issue line="529" char="30" reason="Unnecessary semicolon." evidence="							};" severity="High"/>
        <issue line="532" char="26" reason="Unnecessary semicolon." evidence="						};" severity="High"/>
        <issue line="535" char="10" reason="Unnecessary semicolon." evidence="		};" severity="High"/>
        <issue line="536" char="6" reason="Missing semicolon." evidence="	}" severity="Medium"/>
        <issue line="583" char="6" reason="Missing semicolon." evidence="	}" severity="Medium"/>
        <issue line="587" char="19" reason="&apos;uuids&apos; is already defined." evidence="		var uuids = uuids;" severity="High"/>
        <issue line="597" char="10" reason="Unnecessary semicolon." evidence="		};" severity="High"/>
        <issue line="604" char="10" reason="Unnecessary semicolon." evidence="		};" severity="High"/>
        <issue line="610" char="114" reason="Missing semicolon." evidence="					{value:&apos;忽略&apos;,handler:function(){actFlag = &apos;1&apos;;me.goonCopy(actFlag,uuids,targetUuid,clearUuids)}}," severity="Medium"/>
        <issue line="611" char="114" reason="Missing semicolon." evidence="					{value:&apos;覆盖&apos;,handler:function(){actFlag = &apos;2&apos;;me.goonCopy(actFlag,uuids,targetUuid,clearUuids)}}," severity="Medium"/>
        <issue line="612" char="115" reason="Missing semicolon." evidence="					{value:&apos;重命名&apos;,handler:function(){actFlag = &apos;3&apos;;me.goonCopy(actFlag,uuids,targetUuid,clearUuids)}}," severity="Medium"/>
        <issue line="618" char="6" reason="Missing semicolon." evidence="	}" severity="Medium"/>
        <issue line="639" char="30" reason="Unnecessary semicolon." evidence="							};" severity="High"/>
        <issue line="642" char="26" reason="Unnecessary semicolon." evidence="						};" severity="High"/>
        <issue line="645" char="10" reason="Unnecessary semicolon." evidence="		};" severity="High"/>
        <issue line="646" char="6" reason="Missing semicolon." evidence="	}" severity="Medium"/>
        <issue line="655" char="6" reason="Missing semicolon." evidence="	}" severity="Medium"/>
    </file>
    <file name="D:\Jenkins\jobs\test\workspace\src\gmyContact\organizationContact\newEditContact.js">
        <issue line="13" char="21" reason="&apos;personTree&apos; is not defined." evidence="                    personTree = new Treebar({});" severity="High"/>
        <issue line="14" char="21" reason="&apos;personTree&apos; is not defined." evidence="                    personTree.handler = function (node) {" severity="High"/>
        <issue line="25" char="28" reason="&apos;personTree&apos; is not defined." evidence="                    return personTree;" severity="High"/>
        <issue line="34" char="42" reason="&apos;personTree&apos; is not defined." evidence="                            mc.fireEvent(personTree.get(&apos;id&apos;), &apos;loadData&apos;, {obj:response.responseText});" severity="High"/>
    </file>
    <file name="D:\Jenkins\jobs\test\workspace\src\gmyContact\organizationContact\organizationContact.js">
        <issue line="14" char="6" reason="Missing semicolon." evidence="	}" severity="Medium"/>
        <issue line="84" char="6" reason="Missing semicolon." evidence="	}" severity="Medium"/>
        <issue line="94" char="6" reason="Missing semicolon." evidence="	}" severity="Medium"/>
        <issue line="106" char="6" reason="Missing semicolon." evidence="	}" severity="Medium"/>
        <issue line="126" char="6" reason="Missing semicolon." evidence="	}" severity="Medium"/>
        <issue line="137" char="6" reason="Missing semicolon." evidence="	}" severity="Medium"/>
        <issue line="147" char="6" reason="Missing semicolon." evidence="	}" severity="Medium"/>
        <issue line="157" char="6" reason="Missing semicolon." evidence="	}" severity="Medium"/>
        <issue line="193" char="11" reason="Missing semicolon." evidence="		})" severity="Medium"/>
        <issue line="194" char="6" reason="Missing semicolon." evidence="	}" severity="Medium"/>
        <issue line="204" char="6" reason="Missing semicolon." evidence="	}" severity="Medium"/>
        <issue line="211" char="6" reason="Missing semicolon." evidence="	}" severity="Medium"/>
    </file>
    <file name="D:\Jenkins\jobs\test\workspace\src\gmyContact\organizationContact\serchContact.js">
        <issue line="45" char="18" reason="Missing semicolon." evidence="				}" severity="Medium"/>
        <issue line="48" char="6" reason="Missing semicolon." evidence="	}" severity="Medium"/>
        <issue line="60" char="6" reason="Missing semicolon." evidence="	}" severity="Medium"/>
    </file>
    <file name="D:\Jenkins\jobs\test\workspace\src\gmyContact\organizationContact\serchContactResult.js">
        <issue line="16" char="6" reason="Missing semicolon." evidence="	}" severity="Medium"/>
        <issue line="55" char="22" reason="Duplicate key &apos;actFilter&apos;." evidence="			actFilter:function(data,purview){" severity="High"/>
        <issue line="80" char="6" reason="Missing semicolon." evidence="	}" severity="Medium"/>
        <issue line="90" char="6" reason="Missing semicolon." evidence="	}" severity="Medium"/>
        <issue line="103" char="6" reason="Missing semicolon." evidence="	}" severity="Medium"/>
        <issue line="113" char="6" reason="Missing semicolon." evidence="	}" severity="Medium"/>
        <issue line="120" char="6" reason="Missing semicolon." evidence="	}" severity="Medium"/>
    </file>
    <file name="D:\Jenkins\jobs\test\workspace\src\gmyContact\organizationContact\serchPerson.js">
        <issue line="11" char="37" reason="Unnecessary semicolon." evidence="	var type,teamName,mod,trackPath;;" severity="High"/>
        <issue line="50" char="18" reason="Missing semicolon." evidence="				}" severity="Medium"/>
        <issue line="53" char="6" reason="Missing semicolon." evidence="	}" severity="Medium"/>
        <issue line="69" char="6" reason="Missing semicolon." evidence="	}" severity="Medium"/>
    </file>
    <file name="D:\Jenkins\jobs\test\workspace\src\gmyContact\organizationContact\serchPersonResult.js">
        <issue line="14" char="77" reason="Bad escaping." evidence="			if(params.data.key.indexOf(&apos;\&apos;&apos;)!=-1||params.data.key.indexOf(&apos;\.&apos;)!=-1||params.data.key.indexOf(&apos;\*&apos;)!=-1){" severity="High"/>
        <issue line="14" char="112" reason="Bad escaping." evidence="			if(params.data.key.indexOf(&apos;\&apos;&apos;)!=-1||params.data.key.indexOf(&apos;\.&apos;)!=-1||params.data.key.indexOf(&apos;\*&apos;)!=-1){" severity="High"/>
        <issue line="16" char="43" reason="Bad escaping." evidence="					text:&apos;关键字含有非法字符（例如\&apos; \. \*等），请重新搜索！&apos;," severity="High"/>
        <issue line="16" char="46" reason="Bad escaping." evidence="					text:&apos;关键字含有非法字符（例如\&apos; \. \*等），请重新搜索！&apos;," severity="High"/>
        <issue line="20" char="26" reason="Unnecessary semicolon." evidence="				return;}};" severity="High"/>
        <issue line="23" char="6" reason="Missing semicolon." evidence="	}" severity="Medium"/>
        <issue line="89" char="21" reason="Don&apos;t make functions within a loop." evidence="					};" severity="High"/>
        <issue line="88" char="26" reason="Missing semicolon." evidence="						}" severity="Medium"/>
        <issue line="89" char="22" reason="Unnecessary semicolon." evidence="					};" severity="High"/>
        <issue line="118" char="148" reason="Missing semicolon." evidence="				{header:&apos;图标&apos;,textHidden:true,mapping:&apos;phones&apos;,renderer:me.showMessage,cursor: &apos;pointer&apos;,handler:function(e,o){me.show(e,o,o.phones)},width:25,textAlign:&apos;left&apos;}," severity="Medium"/>
        <issue line="131" char="6" reason="Missing semicolon." evidence="	}" severity="Medium"/>
        <issue line="152" char="6" reason="Missing semicolon." evidence="	}" severity="Medium"/>
        <issue line="165" char="6" reason="Missing semicolon." evidence="	}" severity="Medium"/>
        <issue line="189" char="6" reason="Missing semicolon." evidence="	}" severity="Medium"/>
        <issue line="200" char="23" reason="Missing semicolon." evidence="			return &apos; &apos;" severity="Medium"/>
        <issue line="202" char="6" reason="Missing semicolon." evidence="	}" severity="Medium"/>
        <issue line="212" char="6" reason="Missing semicolon." evidence="	}" severity="Medium"/>
        <issue line="231" char="30" reason="Missing semicolon." evidence="			v.push(testLabel)" severity="Medium"/>
        <issue line="243" char="70" reason="Missing radix parameter." evidence="		targetXY.y = targetXY.y+parseInt(record.getdom().style.height);" severity="High"/>
        <issue line="245" char="6" reason="Missing semicolon." evidence="	}" severity="Medium"/>
        <issue line="264" char="23" reason="Missing semicolon." evidence="					})" severity="Medium"/>
        <issue line="275" char="27" reason="Missing semicolon." evidence="						})" severity="Medium"/>
        <issue line="289" char="6" reason="Missing semicolon." evidence="	}" severity="Medium"/>
        <issue line="312" char="6" reason="Missing semicolon." evidence="	}" severity="Medium"/>
        <issue line="353" char="11" reason="Missing semicolon." evidence="		})" severity="Medium"/>
        <issue line="354" char="6" reason="Missing semicolon." evidence="	}" severity="Medium"/>
        <issue line="364" char="6" reason="Missing semicolon." evidence="	}" severity="Medium"/>
        <issue line="371" char="6" reason="Missing semicolon." evidence="	}" severity="Medium"/>
        <issue line="377" char="6" reason="Missing semicolon." evidence="	}" severity="Medium"/>
        <issue line="390" char="6" reason="Missing semicolon." evidence="	}" severity="Medium"/>
        <issue line="403" char="6" reason="Missing semicolon." evidence="	}" severity="Medium"/>
        <issue line="414" char="6" reason="Missing semicolon." evidence="	}" severity="Medium"/>
        <issue line="460" char="6" reason="Missing semicolon." evidence="	}" severity="Medium"/>
        <issue line="305" char="26" reason="&apos;targetUuid&apos; is not defined." evidence="					uuid:targetUuid," severity="High"/>
    </file>
    <file name="D:\Jenkins\jobs\test\workspace\src\gmyContact\organizationContact\viewPerson.js">
        <issue line="54" char="21" reason="Don&apos;t make functions within a loop." evidence="					};" severity="High"/>
        <issue line="53" char="26" reason="Missing semicolon." evidence="						}" severity="Medium"/>
        <issue line="54" char="22" reason="Unnecessary semicolon." evidence="					};" severity="High"/>
        <issue line="70" char="6" reason="Missing semicolon." evidence="	}" severity="Medium"/>
        <issue line="81" char="10" reason="Unnecessary semicolon." evidence="		};" severity="High"/>
        <issue line="138" char="6" reason="Missing semicolon." evidence="	}" severity="Medium"/>
        <issue line="222" char="6" reason="Missing semicolon." evidence="	}" severity="Medium"/>
        <issue line="247" char="6" reason="Missing semicolon." evidence="	}" severity="Medium"/>
        <issue line="262" char="21" reason="Use &apos;===&apos; to compare with &apos;0&apos;." evidence="				if(i==0){" severity="High"/>
        <issue line="266" char="18" reason="Unnecessary semicolon." evidence="				};" severity="High"/>
        <issue line="273" char="14" reason="Unnecessary semicolon." evidence="			};" severity="High"/>
        <issue line="282" char="22" reason="&apos;i&apos; is already defined." evidence="			for(var i=0;i&lt;faxes.length;i++){" severity="High"/>
        <issue line="284" char="29" reason="&apos;keyabel&apos; is already defined." evidence="				var keyabel = new Gframe.controls.Label({textAlign:&apos;right&apos;,height:33,width:120,value:fax.key});" severity="High"/>
        <issue line="285" char="32" reason="&apos;valueLabel&apos; is already defined." evidence="				var valueLabel = new Gframe.controls.Label({textAlign:&apos;left&apos;,height:33,width:&apos;max&apos;,value:fax.value});" severity="High"/>
        <issue line="286" char="25" reason="&apos;col&apos; is already defined." evidence="				var col = new Colbar({cols:[],align:&apos;left&apos;},{width:&apos;max&apos;,height:33});" severity="High"/>
        <issue line="288" char="21" reason="Use &apos;===&apos; to compare with &apos;0&apos;." evidence="				if(i==0){" severity="High"/>
        <issue line="292" char="18" reason="Unnecessary semicolon." evidence="				};" severity="High"/>
        <issue line="299" char="14" reason="Unnecessary semicolon." evidence="			};" severity="High"/>
        <issue line="308" char="22" reason="&apos;i&apos; is already defined." evidence="			for(var i=0;i&lt;messaginges.length;i++){" severity="High"/>
        <issue line="310" char="29" reason="&apos;keyabel&apos; is already defined." evidence="				var keyabel = new Gframe.controls.Label({textAlign:&apos;right&apos;,height:33,width:120,value:msg.key});" severity="High"/>
        <issue line="311" char="32" reason="&apos;valueLabel&apos; is already defined." evidence="				var valueLabel = new Gframe.controls.Label({textAlign:&apos;left&apos;,height:33,width:&apos;max&apos;,value:msg.value});" severity="High"/>
        <issue line="312" char="25" reason="&apos;col&apos; is already defined." evidence="				var col = new Colbar({cols:[],align:&apos;left&apos;},{width:&apos;max&apos;,height:33});" severity="High"/>
        <issue line="314" char="21" reason="Use &apos;===&apos; to compare with &apos;0&apos;." evidence="				if(i==0){" severity="High"/>
        <issue line="318" char="18" reason="Unnecessary semicolon." evidence="				};" severity="High"/>
        <issue line="325" char="14" reason="Unnecessary semicolon." evidence="			};" severity="High"/>
        <issue line="358" char="22" reason="&apos;i&apos; is already defined." evidence="			for(var i=0;i&lt;emails.length;i++){" severity="High"/>
        <issue line="360" char="29" reason="&apos;keyabel&apos; is already defined." evidence="				var keyabel = new Gframe.controls.Label({textAlign:&apos;right&apos;,height:33,width:120,value:email.key});" severity="High"/>
        <issue line="361" char="32" reason="&apos;valueLabel&apos; is already defined." evidence="				var valueLabel = new Gframe.controls.Label({textAlign:&apos;left&apos;,height:33,width:&apos;max&apos;,value:email.value});" severity="High"/>
        <issue line="362" char="25" reason="&apos;col&apos; is already defined." evidence="				var col = new Colbar({cols:[],align:&apos;left&apos;},{width:&apos;max&apos;,height:33});" severity="High"/>
        <issue line="368" char="18" reason="Unnecessary semicolon." evidence="				};" severity="High"/>
        <issue line="375" char="14" reason="Unnecessary semicolon." evidence="			};" severity="High"/>
        <issue line="384" char="22" reason="&apos;i&apos; is already defined." evidence="			for(var i=0;i&lt;addresses.length;i++){" severity="High"/>
        <issue line="386" char="29" reason="&apos;keyabel&apos; is already defined." evidence="				var keyabel = new Gframe.controls.Label({textAlign:&apos;right&apos;,height:33,width:120,value:address.key});" severity="High"/>
        <issue line="388" char="32" reason="&apos;valueLabel&apos; is already defined." evidence="				var valueLabel = new Gframe.controls.Label({textAlign:&apos;left&apos;,height:33,width:&apos;max&apos;,value:address.value});" severity="High"/>
        <issue line="390" char="25" reason="&apos;col&apos; is already defined." evidence="				var col = new Colbar({cols:[],align:&apos;left&apos;},{width:&apos;max&apos;,height:33});" severity="High"/>
        <issue line="392" char="21" reason="Use &apos;===&apos; to compare with &apos;0&apos;." evidence="				if(i==0){" severity="High"/>
        <issue line="396" char="18" reason="Unnecessary semicolon." evidence="				};" severity="High"/>
        <issue line="407" char="14" reason="Unnecessary semicolon." evidence="			};" severity="High"/>
        <issue line="416" char="6" reason="Missing semicolon." evidence="	}" severity="Medium"/>
        <issue line="433" char="6" reason="Missing semicolon." evidence="	}" severity="Medium"/>
        <issue line="452" char="6" reason="Missing semicolon." evidence="	}" severity="Medium"/>
        <issue line="453" char="3" reason="Missing semicolon." evidence="})" severity="Medium"/>
    </file>
    <file name="D:\Jenkins\jobs\test\workspace\src\gmyContact\organizationTonXun\buildNewOrgPersonContact.js">
        <issue line="156" char="1" reason="Mixed spaces and tabs." evidence="				me.mod.main.historyMgr.reloadTrack(tspath);  			" severity="Low"/>
        <issue line="155" char="22" reason="Missing semicolon." evidence="					}			" severity="Medium"/>
        <issue line="160" char="6" reason="Missing semicolon." evidence="	}" severity="Medium"/>
        <issue line="195" char="6" reason="Missing semicolon." evidence="	}" severity="Medium"/>
        <issue line="311" char="1" reason="Mixed spaces and tabs." evidence="	} 	" severity="Low"/>
        <issue line="311" char="6" reason="Missing semicolon." evidence="	} 	" severity="Medium"/>
        <issue line="338" char="6" reason="Missing semicolon." evidence="	}" severity="Medium"/>
        <issue line="344" char="6" reason="Missing semicolon." evidence="	}" severity="Medium"/>
    </file>
    <file name="D:\Jenkins\jobs\test\workspace\src\gmyContact\organizationTonXun\editOrgPersonalDetaiInfo.js">
        <issue line="184" char="6" reason="Missing semicolon." evidence="	}" severity="Medium"/>
        <issue line="219" char="6" reason="Missing semicolon." evidence="	}" severity="Medium"/>
        <issue line="265" char="113" reason="Duplicate key &apos;value&apos;." evidence="		var nameText5 = new Gframe.controls.TextField({leftHidden:true,value:&apos;&apos;,name:&apos;company&apos;,width:&apos;max&apos;,value:obj.company});" severity="High"/>
        <issue line="282" char="118" reason="Duplicate key &apos;value&apos;." evidence="		var nameText1 = new Gframe.controls.TextField({leftHidden:true,value:&apos;&apos;,name:&apos;organization&apos;,width:&apos;max&apos;,value:obj.organization});" severity="High"/>
        <issue line="284" char="113" reason="Duplicate key &apos;value&apos;." evidence="		var nameText2= new Gframe.controls.TextField({leftHidden:true,value:&apos;&apos;,name:&apos;position&apos;,width:&apos;max&apos;,value:obj.position});" severity="High"/>
        <issue line="350" char="6" reason="Missing semicolon." evidence="	} " severity="Medium"/>
        <issue line="373" char="23" reason="Missing semicolon." evidence="					})" severity="Medium"/>
        <issue line="379" char="6" reason="Missing semicolon." evidence="	}" severity="Medium"/>
        <issue line="386" char="15" reason="Missing semicolon." evidence="			})" severity="Medium"/>
        <issue line="388" char="6" reason="Missing semicolon." evidence="	}" severity="Medium"/>
    </file>
    <file name="D:\Jenkins\jobs\test\workspace\src\gmyContact\organizationTonXun\viewImportPeopleInfo.js">
        <issue line="60" char="6" reason="Missing semicolon." evidence="	}	" severity="Medium"/>
    </file>
    <file name="D:\Jenkins\jobs\test\workspace\src\gmyContact\organizationTonXun\viewOrgPersonalDetaiInfo.js">
        <issue line="2" char="1" reason="Mixed spaces and tabs." evidence=" * 	组织通讯录中&apos;个人详细信息&apos;的查看" severity="Low"/>
        <issue line="173" char="6" reason="Missing semicolon." evidence="	}" severity="Medium"/>
        <issue line="213" char="115" reason="Duplicate key &apos;value&apos;." evidence="		var nameText1 = new Gframe.controls.Label({value:&apos;&apos;,name:&apos;organization&apos;,textAlign:&apos;left&apos;,width:&apos;max&apos;,value:obj.organization});" severity="High"/>
        <issue line="283" char="6" reason="Missing semicolon." evidence="	} " severity="Medium"/>
        <issue line="363" char="6" reason="Missing semicolon." evidence="	} " severity="Medium"/>
        <issue line="260" char="9" reason="&apos;iconUuid&apos; is not defined." evidence="		iconUuid = obj.iconuuid;" severity="High"/>
        <issue line="261" char="12" reason="&apos;iconUuid&apos; is not defined." evidence="		if(iconUuid){" severity="High"/>
        <issue line="262" char="100" reason="&apos;iconUuid&apos; is not defined." evidence="			var hrefUrl = mc.downloadurl+&apos;?g_userName=&apos;+mc.username+&apos;&amp;g_token=&apos;+mc.token+&apos;&amp;uuid=&apos;+(iconUuid);" severity="High"/>
    </file>
    <file name="D:\Jenkins\jobs\test\workspace\src\gmyContact\personContact\allPersonGrid.js">
        <issue line="148" char="147" reason="Missing semicolon." evidence="				{header:&apos;更多&apos;,textHidden:true,mapping:&apos;phones&apos;,textAlign:&apos;left&apos;,renderer:me.showMessage,handler:function(e,o){me.show(e,o,o.phones)},width:25,textAlign:&apos;left&apos;}," severity="Medium"/>
        <issue line="148" char="167" reason="Duplicate key &apos;textAlign&apos;." evidence="				{header:&apos;更多&apos;,textHidden:true,mapping:&apos;phones&apos;,textAlign:&apos;left&apos;,renderer:me.showMessage,handler:function(e,o){me.show(e,o,o.phones)},width:25,textAlign:&apos;left&apos;}," severity="High"/>
        <issue line="149" char="90" reason="Duplicate key &apos;textAlign&apos;." evidence="				{header:&apos;邮箱&apos;,mapping:&apos;intraEmail&apos;,width:&apos;max&apos;,textAlign:&apos;right&apos;,textAlign:&apos;center&apos;}," severity="High"/>
        <issue line="161" char="6" reason="Missing semicolon." evidence="	}" severity="Medium"/>
        <issue line="172" char="6" reason="Missing semicolon." evidence="	}" severity="Medium"/>
        <issue line="176" char="6" reason="Missing semicolon." evidence="	}" severity="Medium"/>
        <issue line="187" char="23" reason="Missing semicolon." evidence="			return &apos; &apos;" severity="Medium"/>
        <issue line="189" char="6" reason="Missing semicolon." evidence="	}" severity="Medium"/>
        <issue line="199" char="6" reason="Missing semicolon." evidence="	}" severity="Medium"/>
        <issue line="210" char="6" reason="Missing semicolon." evidence="	}" severity="Medium"/>
        <issue line="230" char="30" reason="Missing semicolon." evidence="			v.push(testLabel)" severity="Medium"/>
        <issue line="242" char="70" reason="Missing radix parameter." evidence="		targetXY.y = targetXY.y+parseInt(record.getdom().style.height);" severity="High"/>
        <issue line="244" char="6" reason="Missing semicolon." evidence="	}" severity="Medium"/>
        <issue line="263" char="23" reason="Missing semicolon." evidence="					})" severity="Medium"/>
        <issue line="274" char="27" reason="Missing semicolon." evidence="						})" severity="Medium"/>
        <issue line="288" char="6" reason="Missing semicolon." evidence="	}" severity="Medium"/>
        <issue line="313" char="6" reason="Missing semicolon." evidence="	}" severity="Medium"/>
        <issue line="350" char="6" reason="Missing semicolon." evidence="	}" severity="Medium"/>
        <issue line="363" char="6" reason="Missing semicolon." evidence="	}" severity="Medium"/>
        <issue line="376" char="6" reason="Missing semicolon." evidence="	}" severity="Medium"/>
        <issue line="388" char="6" reason="Missing semicolon." evidence="	}" severity="Medium"/>
        <issue line="428" char="6" reason="Missing semicolon." evidence="	}	" severity="Medium"/>
        <issue line="437" char="6" reason="Missing semicolon." evidence="	}" severity="Medium"/>
        <issue line="449" char="6" reason="Missing semicolon." evidence="	}" severity="Medium"/>
        <issue line="459" char="6" reason="Missing semicolon." evidence="	}" severity="Medium"/>
        <issue line="577" char="6" reason="Missing semicolon." evidence="	}" severity="Medium"/>
        <issue line="587" char="10" reason="Unnecessary semicolon." evidence="		};" severity="High"/>
        <issue line="625" char="6" reason="Missing semicolon." evidence="	}" severity="Medium"/>
        <issue line="680" char="6" reason="Missing semicolon." evidence="	}" severity="Medium"/>
        <issue line="711" char="6" reason="Missing semicolon." evidence="	}" severity="Medium"/>
        <issue line="724" char="6" reason="Missing semicolon." evidence="	}" severity="Medium"/>
        <issue line="735" char="6" reason="Missing semicolon." evidence="	}" severity="Medium"/>
        <issue line="744" char="6" reason="Missing semicolon." evidence="	}" severity="Medium"/>
        <issue line="755" char="6" reason="Missing semicolon." evidence="	}" severity="Medium"/>
        <issue line="792" char="6" reason="Missing semicolon." evidence="	}" severity="Medium"/>
        <issue line="841" char="6" reason="Missing semicolon." evidence="	}" severity="Medium"/>
        <issue line="890" char="6" reason="Missing semicolon." evidence="	}" severity="Medium"/>
        <issue line="942" char="6" reason="Missing semicolon." evidence="	}" severity="Medium"/>
        <issue line="950" char="6" reason="Missing semicolon." evidence="	}" severity="Medium"/>
        <issue line="971" char="6" reason="Missing semicolon." evidence="	}" severity="Medium"/>
        <issue line="984" char="6" reason="Missing semicolon." evidence="	}" severity="Medium"/>
        <issue line="995" char="6" reason="Missing semicolon." evidence="	}" severity="Medium"/>
        <issue line="1001" char="6" reason="Missing semicolon." evidence="	}" severity="Medium"/>
        <issue line="14" char="25" reason="&apos;orgTonxunTree&apos; is not defined." evidence="						orgTonxunTree = new Treebar({serviceType:true});	" severity="High"/>
        <issue line="15" char="25" reason="&apos;orgTonxunTree&apos; is not defined." evidence="						orgTonxunTree.handler = function(node){" severity="High"/>
        <issue line="24" char="37" reason="&apos;importText&apos; is not defined." evidence="									importText.addRecord(record);" severity="High"/>
        <issue line="25" char="37" reason="&apos;importText&apos; is not defined." evidence="									importText.update();" severity="High"/>
        <issue line="28" char="32" reason="&apos;orgTonxunTree&apos; is not defined." evidence="						return orgTonxunTree;" severity="High"/>
        <issue line="36" char="46" reason="&apos;orgTonxunTree&apos; is not defined." evidence="								mc.fireEvent(orgTonxunTree.get(&apos;id&apos;),&apos;loadData&apos;,{obj:response.responseText});" severity="High"/>
        <issue line="44" char="25" reason="&apos;myFolderTree&apos; is not defined." evidence="						myFolderTree = new Treebar({serviceType:true});	" severity="High"/>
        <issue line="45" char="25" reason="&apos;myFolderTree&apos; is not defined." evidence="						myFolderTree.handler = function(node){" severity="High"/>
        <issue line="57" char="32" reason="&apos;myFolderTree&apos; is not defined." evidence="						return myFolderTree;" severity="High"/>
        <issue line="68" char="46" reason="&apos;myFolderTree&apos; is not defined." evidence="								mc.fireEvent(myFolderTree.get(&apos;id&apos;),&apos;loadData&apos;,{obj:response.responseText});" severity="High"/>
        <issue line="977" char="22" reason="&apos;dataR&apos; is not defined." evidence="				name:dataR.name," severity="High"/>
        <issue line="980" char="23" reason="&apos;dataR&apos; is not defined." evidence="				dataR:dataR" severity="High"/>
    </file>
    <file name="D:\Jenkins\jobs\test\workspace\src\gmyContact\personContact\contactFolder\advancedSerch.js">
        <issue line="15" char="12" reason="&apos;mod&apos; is already defined." evidence="	var mod;" severity="High"/>
        <issue line="18" char="67" reason="Bad escaping." evidence="		if(params.o.key.indexOf(&apos;\&apos;&apos;)!=-1||params.o.key.indexOf(&apos;\.&apos;)!=-1||params.o.key.indexOf(&apos;\*&apos;)!=-1){" severity="High"/>
        <issue line="18" char="99" reason="Bad escaping." evidence="		if(params.o.key.indexOf(&apos;\&apos;&apos;)!=-1||params.o.key.indexOf(&apos;\.&apos;)!=-1||params.o.key.indexOf(&apos;\*&apos;)!=-1){" severity="High"/>
        <issue line="20" char="39" reason="Bad escaping." evidence="				text:&apos;关键字含有非法字符（例如\&apos; \. \*等），请重新搜索！&apos;," severity="High"/>
        <issue line="20" char="42" reason="Bad escaping." evidence="				text:&apos;关键字含有非法字符（例如\&apos; \. \*等），请重新搜索！&apos;," severity="High"/>
        <issue line="24" char="22" reason="Unnecessary semicolon." evidence="			return;}};" severity="High"/>
        <issue line="98" char="81" reason="Extra comma. (it breaks older versions of IE)" evidence="					{name:&apos;删除&apos;,value:&apos;删除&apos;,handler:me.deletePersonFunc,exp:&apos;all&apos;}," severity="High"/>
        <issue line="108" char="147" reason="Missing semicolon." evidence="				{header:&apos;图标&apos;,textHidden:true,mapping:&apos;phones&apos;,textAlign:&apos;left&apos;,renderer:me.showMessage,handler:function(e,o){me.show(e,o,o.phones)},width:25,textAlign:&apos;left&apos;}," severity="Medium"/>
        <issue line="108" char="167" reason="Duplicate key &apos;textAlign&apos;." evidence="				{header:&apos;图标&apos;,textHidden:true,mapping:&apos;phones&apos;,textAlign:&apos;left&apos;,renderer:me.showMessage,handler:function(e,o){me.show(e,o,o.phones)},width:25,textAlign:&apos;left&apos;}," severity="High"/>
        <issue line="122" char="6" reason="Missing semicolon." evidence="	}" severity="Medium"/>
        <issue line="131" char="6" reason="Missing semicolon." evidence="	}" severity="Medium"/>
        <issue line="177" char="6" reason="Missing semicolon." evidence="	}" severity="Medium"/>
        <issue line="223" char="6" reason="Missing semicolon." evidence="	}" severity="Medium"/>
        <issue line="234" char="23" reason="Missing semicolon." evidence="			return &apos; &apos;" severity="Medium"/>
        <issue line="236" char="6" reason="Missing semicolon." evidence="	}" severity="Medium"/>
        <issue line="246" char="6" reason="Missing semicolon." evidence="	}" severity="Medium"/>
        <issue line="265" char="30" reason="Missing semicolon." evidence="			v.push(testLabel)" severity="Medium"/>
        <issue line="277" char="70" reason="Missing radix parameter." evidence="		targetXY.y = targetXY.y+parseInt(record.getdom().style.height);" severity="High"/>
        <issue line="279" char="6" reason="Missing semicolon." evidence="	}" severity="Medium"/>
        <issue line="298" char="23" reason="Missing semicolon." evidence="					})" severity="Medium"/>
        <issue line="309" char="27" reason="Missing semicolon." evidence="						})" severity="Medium"/>
        <issue line="323" char="6" reason="Missing semicolon." evidence="	}" severity="Medium"/>
        <issue line="367" char="6" reason="Missing semicolon." evidence="	}" severity="Medium"/>
        <issue line="387" char="6" reason="Missing semicolon." evidence="	}" severity="Medium"/>
        <issue line="398" char="6" reason="Missing semicolon." evidence="	}" severity="Medium"/>
        <issue line="411" char="6" reason="Missing semicolon." evidence="	}" severity="Medium"/>
        <issue line="423" char="6" reason="Missing semicolon." evidence="	}" severity="Medium"/>
        <issue line="436" char="6" reason="Missing semicolon." evidence="	}" severity="Medium"/>
        <issue line="474" char="6" reason="Missing semicolon." evidence="	}" severity="Medium"/>
        <issue line="484" char="6" reason="Missing semicolon." evidence="	}" severity="Medium"/>
        <issue line="496" char="6" reason="Missing semicolon." evidence="	}" severity="Medium"/>
        <issue line="544" char="6" reason="Missing semicolon." evidence="	}" severity="Medium"/>
        <issue line="569" char="6" reason="Missing semicolon." evidence="	}" severity="Medium"/>
        <issue line="585" char="6" reason="Missing semicolon." evidence="	}" severity="Medium"/>
        <issue line="613" char="6" reason="Missing semicolon." evidence="	}" severity="Medium"/>
        <issue line="619" char="6" reason="Missing semicolon." evidence="	}" severity="Medium"/>
        <issue line="376" char="23" reason="&apos;toUUid&apos; is not defined." evidence="		o.groupUuid = toUUid;" severity="High"/>
    </file>
    <file name="D:\Jenkins\jobs\test\workspace\src\gmyContact\personContact\contactFolder\exportGroup.js">
        <issue line="81" char="105" reason="Duplicate key &apos;width&apos;." evidence="							{displayValue:&apos;本地&apos;,value:&apos;2&apos;,cursor:&apos;pointer&apos;,width:&apos;max&apos;,checked:true,width:60}" severity="High"/>
        <issue line="89" char="1" reason="Mixed spaces and tabs." evidence="			        	var form = me.mod.main.get(&apos;exportGroup_id&apos;);" severity="Low"/>
        <issue line="90" char="1" reason="Mixed spaces and tabs." evidence="			        	form.reset();" severity="Low"/>
        <issue line="91" char="1" reason="Mixed spaces and tabs." evidence="			        	me.openLocal();		" severity="Low"/>
        <issue line="92" char="1" reason="Mixed spaces and tabs." evidence="			        	me.mod.main.closeExpandView(&apos;myFolderTreeExport&apos;);" severity="Low"/>
        <issue line="93" char="1" reason="Mixed spaces and tabs." evidence="			        	me.mod.main.popMgr.close(&apos;exportGroup_id&apos;);" severity="Low"/>
        <issue line="94" char="1" reason="Mixed spaces and tabs." evidence="			        	" severity="Low"/>
        <issue line="102" char="6" reason="Missing semicolon." evidence="	}" severity="Medium"/>
        <issue line="110" char="6" reason="Missing semicolon." evidence="	}" severity="Medium"/>
        <issue line="193" char="34" reason="&apos;form&apos; is already defined." evidence="						var form = me.mod.main.get(&apos;exportGroup_id&apos;);" severity="High"/>
        <issue line="204" char="6" reason="Missing semicolon." evidence="	}" severity="Medium"/>
        <issue line="228" char="6" reason="Missing semicolon." evidence="	}" severity="Medium"/>
    </file>
    <file name="D:\Jenkins\jobs\test\workspace\src\gmyContact\personContact\contactFolder\importPerson.js">
        <issue line="75" char="6" reason="Missing semicolon." evidence="	}" severity="Medium"/>
        <issue line="106" char="10" reason="Unnecessary semicolon." evidence="		};" severity="High"/>
        <issue line="175" char="1" reason="Mixed spaces and tabs." evidence="    	//var botton3 = new Gframe.controls.Label({value:&apos;模版下载&apos;,width:60,height:30,textCls:&apos;alable&apos;,handler:me.downImport,cursor:&apos;pointer&apos;});" severity="Low"/>
        <issue line="176" char="1" reason="Mixed spaces and tabs." evidence="    	" severity="Low"/>
        <issue line="197" char="43" reason="Missing semicolon." evidence="					orgColForImport = null" severity="Medium"/>
        <issue line="202" char="18" reason="Unnecessary semicolon." evidence="				};" severity="High"/>
        <issue line="206" char="18" reason="Unnecessary semicolon." evidence="				};" severity="High"/>
        <issue line="246" char="6" reason="Missing semicolon." evidence="	}" severity="Medium"/>
        <issue line="265" char="1" reason="Mixed spaces and tabs." evidence="    	var form = me.mod.main.get(&apos;importRelativeMan_id&apos;);" severity="Low"/>
        <issue line="266" char="1" reason="Mixed spaces and tabs." evidence="    	me.mod.main.closeExpandView(&apos;orgTonxunTree&apos;);" severity="Low"/>
        <issue line="275" char="10" reason="Unnecessary semicolon." evidence="		};" severity="High"/>
        <issue line="279" char="10" reason="Unnecessary semicolon." evidence="		};" severity="High"/>
        <issue line="333" char="26" reason="Unnecessary semicolon." evidence="						};" severity="High"/>
        <issue line="337" char="26" reason="Unnecessary semicolon." evidence="						};" severity="High"/>
        <issue line="362" char="6" reason="Missing semicolon." evidence="	}" severity="Medium"/>
    </file>
    <file name="D:\Jenkins\jobs\test\workspace\src\gmyContact\personContact\contactFolder\openCardForm.js">
        <issue line="7" char="1" reason="Mixed spaces and tabs." evidence=" 	var me = this;" severity="Low"/>
        <issue line="8" char="1" reason="Mixed spaces and tabs." evidence=" 	" severity="Low"/>
        <issue line="9" char="1" reason="Mixed spaces and tabs." evidence=" 	this.mod = new Gframe.module.RemoteModule({});" severity="Low"/>
        <issue line="10" char="1" reason="Mixed spaces and tabs." evidence=" 	" severity="Low"/>
        <issue line="11" char="1" reason="Mixed spaces and tabs." evidence=" 	var uuid,index;" severity="Low"/>
        <issue line="12" char="1" reason="Mixed spaces and tabs." evidence=" 	var getData;" severity="Low"/>
        <issue line="13" char="1" reason="Mixed spaces and tabs." evidence=" 	this.mod.defaultView = function(params){" severity="Low"/>
        <issue line="14" char="1" reason="Mixed spaces and tabs." evidence=" 		" severity="Low"/>
        <issue line="15" char="1" reason="Mixed spaces and tabs." evidence=" 		uuid = params.uuid || &apos;&apos;;" severity="Low"/>
        <issue line="16" char="1" reason="Mixed spaces and tabs." evidence=" 		me.mod.main.open({" severity="Low"/>
        <issue line="17" char="1" reason="Mixed spaces and tabs." evidence=" 			id:&apos;cardFormPanel_id&apos;," severity="Low"/>
        <issue line="18" char="1" reason="Mixed spaces and tabs." evidence=" 			xtype:&apos;form&apos;," severity="Low"/>
        <issue line="19" char="1" reason="Mixed spaces and tabs." evidence=" 			mode:&apos;loop&apos;," severity="Low"/>
        <issue line="20" char="1" reason="Mixed spaces and tabs." evidence=" 			track:[" severity="Low"/>
        <issue line="21" char="1" reason="Mixed spaces and tabs." evidence=" 				{name:&apos;收到的名片&apos;}" severity="Low"/>
        <issue line="22" char="1" reason="Mixed spaces and tabs." evidence=" 			]," severity="Low"/>
        <issue line="23" char="1" reason="Mixed spaces and tabs." evidence=" 			acts:{" severity="Low"/>
        <issue line="24" char="1" reason="Mixed spaces and tabs." evidence=" 					track:[" severity="Low"/>
        <issue line="25" char="1" reason="Mixed spaces and tabs." evidence=" 						{name:&apos;查看详情&apos;,value:&apos;查看详情&apos;,handler:me.openDetail}" severity="Low"/>
        <issue line="26" char="1" reason="Mixed spaces and tabs." evidence=" 					]" severity="Low"/>
        <issue line="27" char="1" reason="Mixed spaces and tabs." evidence=" 			}," severity="Low"/>
        <issue line="28" char="1" reason="Mixed spaces and tabs." evidence=" 			fields:[" severity="Low"/>
        <issue line="29" char="1" reason="Mixed spaces and tabs." evidence=" 				" severity="Low"/>
        <issue line="30" char="1" reason="Mixed spaces and tabs." evidence=" 			]," severity="Low"/>
        <issue line="31" char="1" reason="Mixed spaces and tabs." evidence=" 			initMethod:function(mod){" severity="Low"/>
        <issue line="32" char="1" reason="Mixed spaces and tabs." evidence=" 				index = 1;" severity="Low"/>
        <issue line="33" char="1" reason="Mixed spaces and tabs." evidence=" 				var form = me.mod.main.get(&apos;cardFormPanel_id&apos;);" severity="Low"/>
        <issue line="34" char="1" reason="Mixed spaces and tabs." evidence=" 				form.removeData();" severity="Low"/>
        <issue line="35" char="1" reason="Mixed spaces and tabs." evidence=" 				mc.send({" severity="Low"/>
        <issue line="51" char="1" reason="Mixed spaces and tabs." evidence=" 			}" severity="Low"/>
        <issue line="52" char="1" reason="Mixed spaces and tabs." evidence=" 			" severity="Low"/>
        <issue line="53" char="1" reason="Mixed spaces and tabs." evidence=" 		});" severity="Low"/>
        <issue line="54" char="1" reason="Mixed spaces and tabs." evidence=" 	" severity="Low"/>
        <issue line="55" char="1" reason="Mixed spaces and tabs." evidence=" 	}" severity="Low"/>
        <issue line="56" char="1" reason="Mixed spaces and tabs." evidence=" 	" severity="Low"/>
        <issue line="57" char="1" reason="Mixed spaces and tabs." evidence=" 	this.createPanel1 = function(data){" severity="Low"/>
        <issue line="55" char="7" reason="Missing semicolon." evidence=" 	}" severity="Medium"/>
        <issue line="58" char="1" reason="Mixed spaces and tabs." evidence=" 		var form = me.mod.main.get(&apos;cardFormPanel_id&apos;);" severity="Low"/>
        <issue line="59" char="1" reason="Mixed spaces and tabs." evidence=" 		" severity="Low"/>
        <issue line="60" char="1" reason="Mixed spaces and tabs." evidence=" 		var col1 = new Colbar({cols:[],align:&apos;left&apos;},{width:&apos;max&apos;,height:36});" severity="Low"/>
        <issue line="61" char="1" reason="Mixed spaces and tabs." evidence=" 		var col2 = new Colbar({cols:[],align:&apos;left&apos;},{width:&apos;max&apos;,height:36});" severity="Low"/>
        <issue line="62" char="1" reason="Mixed spaces and tabs." evidence=" 		var col3 = new Colbar({cols:[],align:&apos;left&apos;},{width:&apos;max&apos;,height:36});" severity="Low"/>
        <issue line="63" char="1" reason="Mixed spaces and tabs." evidence=" 		var nameLabel = new Gframe.controls.Label({textAlign:&apos;right&apos;,textCls:&apos;title_font&apos;,width:120,value:&apos;发送人：&apos;});" severity="Low"/>
        <issue line="64" char="1" reason="Mixed spaces and tabs." evidence=" 		var nameValueLabel2 = new Gframe.controls.Label({textAlign:&apos;left&apos;,width:&apos;max&apos;});" severity="Low"/>
        <issue line="65" char="1" reason="Mixed spaces and tabs." evidence=" 		" severity="Low"/>
        <issue line="66" char="1" reason="Mixed spaces and tabs." evidence=" 		" severity="Low"/>
        <issue line="67" char="1" reason="Mixed spaces and tabs." evidence=" 		var timeLabel = new Gframe.controls.Label({textAlign:&apos;right&apos;,textCls:&apos;title_font&apos;,width:120,value:&apos;发送时间：&apos;});" severity="Low"/>
        <issue line="68" char="1" reason="Mixed spaces and tabs." evidence=" 		var timeValueLabel = new Gframe.controls.Label({textAlign:&apos;left&apos;,width:&apos;max&apos;});" severity="Low"/>
        <issue line="69" char="1" reason="Mixed spaces and tabs." evidence=" 		timeValueLabel.setValue(data.sendTime);" severity="Low"/>
        <issue line="70" char="1" reason="Mixed spaces and tabs." evidence=" 		" severity="Low"/>
        <issue line="71" char="1" reason="Mixed spaces and tabs." evidence=" 		var contentLabel = new Gframe.controls.Label({textAlign:&apos;right&apos;,textCls:&apos;title_font&apos;,width:120,value:&apos;包含内容：&apos;});" severity="Low"/>
        <issue line="73" char="1" reason="Mixed spaces and tabs." evidence=" 		" severity="Low"/>
        <issue line="74" char="1" reason="Mixed spaces and tabs." evidence=" 		col1.addItem(new Blank({width:20}));" severity="Low"/>
        <issue line="75" char="1" reason="Mixed spaces and tabs." evidence=" 		col1.addItem(nameLabel);" severity="Low"/>
        <issue line="76" char="1" reason="Mixed spaces and tabs." evidence=" 		col1.addItem(new Blank({width:10}));" severity="Low"/>
        <issue line="77" char="1" reason="Mixed spaces and tabs." evidence=" 		col1.addItem(nameValueLabel2);" severity="Low"/>
        <issue line="78" char="1" reason="Mixed spaces and tabs." evidence=" 		" severity="Low"/>
        <issue line="79" char="1" reason="Mixed spaces and tabs." evidence=" 		" severity="Low"/>
        <issue line="80" char="1" reason="Mixed spaces and tabs." evidence=" 		" severity="Low"/>
        <issue line="81" char="1" reason="Mixed spaces and tabs." evidence=" 		col2.addItem(new Blank({width:20}));" severity="Low"/>
        <issue line="82" char="1" reason="Mixed spaces and tabs." evidence=" 		col2.addItem(timeLabel);" severity="Low"/>
        <issue line="83" char="1" reason="Mixed spaces and tabs." evidence=" 		col2.addItem(new Blank({width:10}));" severity="Low"/>
        <issue line="84" char="1" reason="Mixed spaces and tabs." evidence=" 		col2.addItem(timeValueLabel);" severity="Low"/>
        <issue line="85" char="1" reason="Mixed spaces and tabs." evidence=" 		" severity="Low"/>
        <issue line="86" char="1" reason="Mixed spaces and tabs." evidence=" 		col3.addItem(new Blank({width:20}));" severity="Low"/>
        <issue line="87" char="1" reason="Mixed spaces and tabs." evidence=" 		col3.addItem(contentLabel);" severity="Low"/>
        <issue line="88" char="1" reason="Mixed spaces and tabs." evidence=" 		" severity="Low"/>
        <issue line="89" char="1" reason="Mixed spaces and tabs." evidence=" 		form.addItem(index,col1);" severity="Low"/>
        <issue line="90" char="1" reason="Mixed spaces and tabs." evidence=" 		form.addItem(index+1,col2);" severity="Low"/>
        <issue line="91" char="1" reason="Mixed spaces and tabs." evidence=" 		form.addItem(index+2,col3);" severity="Low"/>
        <issue line="92" char="1" reason="Mixed spaces and tabs." evidence=" 				" severity="Low"/>
        <issue line="93" char="1" reason="Mixed spaces and tabs." evidence=" 		if(util.isArray(data.sendContent)){" severity="Low"/>
        <issue line="94" char="1" reason="Mixed spaces and tabs." evidence=" 			var contenValueLabel = new Gframe.controls.Label({textAlign:&apos;left&apos;,width:&apos;max&apos;});" severity="Low"/>
        <issue line="95" char="1" reason="Mixed spaces and tabs." evidence=" 			contenValueLabel.setValue(data.sendContent[0]);" severity="Low"/>
        <issue line="96" char="1" reason="Mixed spaces and tabs." evidence=" 			col3.addItem(contenValueLabel);" severity="Low"/>
        <issue line="97" char="1" reason="Mixed spaces and tabs." evidence=" 		}" severity="Low"/>
        <issue line="98" char="1" reason="Mixed spaces and tabs." evidence=" 		if(data.sendContent.length&gt;=2){" severity="Low"/>
        <issue line="99" char="1" reason="Mixed spaces and tabs." evidence=" 			for(var i=1;i&lt;data.sendContent.length;i++){" severity="Low"/>
        <issue line="100" char="1" reason="Mixed spaces and tabs." evidence="	 			var col4 = new Colbar({cols:[],align:&apos;left&apos;},{width:&apos;max&apos;,height:36});" severity="Low"/>
        <issue line="101" char="1" reason="Mixed spaces and tabs." evidence="	 			var lab = new Gframe.controls.Label({textAlign:&apos;left&apos;,width:&apos;max&apos;});" severity="Low"/>
        <issue line="102" char="1" reason="Mixed spaces and tabs." evidence="	 			col4.addItem(new Blank({width:20}));" severity="Low"/>
        <issue line="103" char="1" reason="Mixed spaces and tabs." evidence="	 			col4.addItem(new Blank({width:120}));" severity="Low"/>
        <issue line="104" char="1" reason="Mixed spaces and tabs." evidence="	 			col4.addItem(lab);" severity="Low"/>
        <issue line="105" char="1" reason="Mixed spaces and tabs." evidence="	 			lab.setValue(data.sendContent[i]);" severity="Low"/>
        <issue line="106" char="1" reason="Mixed spaces and tabs." evidence="	 			form.addItem(index+3,col4);" severity="Low"/>
        <issue line="107" char="1" reason="Mixed spaces and tabs." evidence=" 			}" severity="Low"/>
        <issue line="108" char="1" reason="Mixed spaces and tabs." evidence=" 		} 	" severity="Low"/>
        <issue line="109" char="1" reason="Mixed spaces and tabs." evidence=" 		nameValueLabel2.setValue(data.sendPerson);" severity="Low"/>
        <issue line="110" char="1" reason="Mixed spaces and tabs." evidence=" 		form.update();" severity="Low"/>
        <issue line="111" char="1" reason="Mixed spaces and tabs." evidence=" 	}" severity="Low"/>
        <issue line="112" char="1" reason="Mixed spaces and tabs." evidence=" 	" severity="Low"/>
        <issue line="113" char="1" reason="Mixed spaces and tabs." evidence=" 	this.openDetail = function(){" severity="Low"/>
        <issue line="111" char="7" reason="Missing semicolon." evidence=" 	}" severity="Medium"/>
        <issue line="114" char="1" reason="Mixed spaces and tabs." evidence=" 		me.mod.main.remoteOpen({" severity="Low"/>
        <issue line="123" char="1" reason="Mixed spaces and tabs." evidence=" 	}" severity="Low"/>
        <issue line="123" char="7" reason="Missing semicolon." evidence=" 	}" severity="Medium"/>
    </file>
    <file name="D:\Jenkins\jobs\test\workspace\src\gmyContact\personContact\contactFolder\openCardFromMsg.js">
        <issue line="24" char="6" reason="Missing semicolon." evidence="	}" severity="Medium"/>
    </file>
    <file name="D:\Jenkins\jobs\test\workspace\src\gmyContact\personContact\contactFolder\recvCards.js">
        <issue line="55" char="6" reason="Missing semicolon." evidence="	}" severity="Medium"/>
        <issue line="66" char="6" reason="Missing semicolon." evidence="	}" severity="Medium"/>
        <issue line="81" char="6" reason="Missing semicolon." evidence="	}" severity="Medium"/>
        <issue line="96" char="6" reason="Missing semicolon." evidence="	}" severity="Medium"/>
        <issue line="147" char="6" reason="Missing semicolon." evidence="	}" severity="Medium"/>
        <issue line="229" char="6" reason="Missing semicolon." evidence="	}" severity="Medium"/>
        <issue line="263" char="6" reason="Missing semicolon." evidence="	}" severity="Medium"/>
        <issue line="299" char="6" reason="Missing semicolon." evidence="	}" severity="Medium"/>
        <issue line="331" char="6" reason="Missing semicolon." evidence="	}" severity="Medium"/>
        <issue line="337" char="6" reason="Missing semicolon." evidence="	}" severity="Medium"/>
        <issue line="339" char="3" reason="Missing semicolon." evidence="})" severity="Medium"/>
    </file>
    <file name="D:\Jenkins\jobs\test\workspace\src\gmyContact\personContact\contactFolder\reflectPage.js">
        <issue line="48" char="1" reason="Mixed spaces and tabs." evidence="                				" severity="Low"/>
        <issue line="51" char="6" reason="Missing semicolon." evidence="	} " severity="Medium"/>
        <issue line="62" char="6" reason="Missing semicolon." evidence="	}" severity="Medium"/>
        <issue line="81" char="6" reason="Missing semicolon." evidence="	}" severity="Medium"/>
        <issue line="111" char="6" reason="Missing semicolon." evidence="	}" severity="Medium"/>
        <issue line="126" char="13" reason="The body of a for in should be wrapped in an if statement to filter unwanted properties from the prototype." evidence="			for(var p in col){" severity="High"/>
        <issue line="129" char="14" reason="Unnecessary semicolon." evidence="			};" severity="High"/>
        <issue line="160" char="6" reason="Missing semicolon." evidence="	}" severity="Medium"/>
        <issue line="176" char="6" reason="Missing semicolon." evidence="	}" severity="Medium"/>
        <issue line="209" char="6" reason="Missing semicolon." evidence="	}" severity="Medium"/>
        <issue line="229" char="6" reason="Missing semicolon." evidence="	}" severity="Medium"/>
        <issue line="243" char="6" reason="Missing semicolon." evidence="	}" severity="Medium"/>
        <issue line="274" char="10" reason="Unnecessary semicolon." evidence="		};" severity="High"/>
        <issue line="299" char="6" reason="Missing semicolon." evidence="	}" severity="Medium"/>
    </file>
    <file name="D:\Jenkins\jobs\test\workspace\src\gmyContact\personContact\contactFolder\sendCard.js">
        <issue line="80" char="62" reason="Missing semicolon." evidence="															}" severity="Medium"/>
        <issue line="130" char="6" reason="Missing semicolon." evidence="	}" severity="Medium"/>
        <issue line="136" char="41" reason="Use &apos;===&apos; to compare with &apos;0&apos;." evidence="		 if(textto.getValue(true).length==0){" severity="High"/>
        <issue line="137" char="1" reason="Mixed spaces and tabs." evidence="		 	me.mod.main.alert({" severity="Low"/>
        <issue line="150" char="1" reason="Mixed spaces and tabs." evidence="		 		var obj = {};" severity="Low"/>
        <issue line="151" char="1" reason="Mixed spaces and tabs." evidence="		 		obj.type = col.type;" severity="Low"/>
        <issue line="152" char="1" reason="Mixed spaces and tabs." evidence="		 		obj.uuid = col.uuid;" severity="Low"/>
        <issue line="153" char="1" reason="Mixed spaces and tabs." evidence="		 		toUuids.push(obj);" severity="Low"/>
        <issue line="154" char="12" reason="Missing semicolon." evidence="		 })" severity="Medium"/>
        <issue line="156" char="1" reason="Mixed spaces and tabs." evidence="		 	var obk = {" severity="Low"/>
        <issue line="157" char="1" reason="Mixed spaces and tabs." evidence="		 		uuid:col.uuid," severity="Low"/>
        <issue line="158" char="1" reason="Mixed spaces and tabs." evidence="		 		type:col.memberType" severity="Low"/>
        <issue line="159" char="1" reason="Mixed spaces and tabs." evidence="		 	};" severity="Low"/>
        <issue line="160" char="1" reason="Mixed spaces and tabs." evidence="		 	uuids.push(obk);" severity="Low"/>
        <issue line="161" char="1" reason="Mixed spaces and tabs." evidence="		 	clipuuid.push(col.uuid);" severity="Low"/>
        <issue line="190" char="6" reason="Missing semicolon." evidence="	}" severity="Medium"/>
    </file>
    <file name="D:\Jenkins\jobs\test\workspace\src\gmyContact\personContact\contactFolder\showCardDatail.js">
        <issue line="27" char="6" reason="Missing semicolon." evidence="	}" severity="Medium"/>
        <issue line="85" char="6" reason="Missing semicolon." evidence="	}" severity="Medium"/>
        <issue line="96" char="6" reason="Missing semicolon." evidence="	}" severity="Medium"/>
        <issue line="107" char="6" reason="Missing semicolon." evidence="	}" severity="Medium"/>
        <issue line="119" char="6" reason="Missing semicolon." evidence="	}" severity="Medium"/>
        <issue line="130" char="6" reason="Missing semicolon." evidence="	}" severity="Medium"/>
        <issue line="142" char="6" reason="Missing semicolon." evidence="	}" severity="Medium"/>
        <issue line="177" char="99" reason="Duplicate key &apos;name&apos;." evidence="						{xtype:&apos;text&apos;,name:&apos;title&apos;,itemId:&apos;title&apos;,leftHidden:true,width:&apos;max&apos;,name:&apos;createGroupName&apos;,itemId:&apos;createGroupName&apos;}," severity="High"/>
        <issue line="177" char="124" reason="Duplicate key &apos;itemId&apos;." evidence="						{xtype:&apos;text&apos;,name:&apos;title&apos;,itemId:&apos;title&apos;,leftHidden:true,width:&apos;max&apos;,name:&apos;createGroupName&apos;,itemId:&apos;createGroupName&apos;}," severity="High"/>
        <issue line="212" char="19" reason="Missing semicolon." evidence="				})" severity="Medium"/>
        <issue line="215" char="6" reason="Missing semicolon." evidence="	}" severity="Medium"/>
        <issue line="240" char="15" reason="Missing semicolon." evidence="			})" severity="Medium"/>
        <issue line="279" char="99" reason="Duplicate key &apos;name&apos;." evidence="						{xtype:&apos;text&apos;,name:&apos;title&apos;,itemId:&apos;title&apos;,leftHidden:true,width:&apos;max&apos;,name:&apos;createGroupName&apos;,itemId:&apos;createGroupName&apos;}," severity="High"/>
        <issue line="279" char="124" reason="Duplicate key &apos;itemId&apos;." evidence="						{xtype:&apos;text&apos;,name:&apos;title&apos;,itemId:&apos;title&apos;,leftHidden:true,width:&apos;max&apos;,name:&apos;createGroupName&apos;,itemId:&apos;createGroupName&apos;}," severity="High"/>
        <issue line="313" char="19" reason="Missing semicolon." evidence="				})" severity="Medium"/>
        <issue line="317" char="6" reason="Missing semicolon." evidence="	}" severity="Medium"/>
        <issue line="328" char="6" reason="Missing semicolon." evidence="	}" severity="Medium"/>
        <issue line="339" char="6" reason="Missing semicolon." evidence="	}" severity="Medium"/>
        <issue line="366" char="15" reason="Missing semicolon." evidence="			})" severity="Medium"/>
        <issue line="370" char="6" reason="Missing semicolon." evidence="	}" severity="Medium"/>
        <issue line="395" char="6" reason="Missing semicolon." evidence="	}" severity="Medium"/>
        <issue line="430" char="6" reason="Missing semicolon." evidence="	}" severity="Medium"/>
        <issue line="462" char="6" reason="Missing semicolon." evidence="	}" severity="Medium"/>
        <issue line="469" char="6" reason="Missing semicolon." evidence="	}" severity="Medium"/>
    </file>
    <file name="D:\Jenkins\jobs\test\workspace\src\gmyContact\personContact\contactFolder\showCardDatailMsg.js">
        <issue line="27" char="6" reason="Missing semicolon." evidence="	}" severity="Medium"/>
        <issue line="83" char="6" reason="Missing semicolon." evidence="	}" severity="Medium"/>
        <issue line="94" char="6" reason="Missing semicolon." evidence="	}" severity="Medium"/>
        <issue line="105" char="6" reason="Missing semicolon." evidence="	}" severity="Medium"/>
        <issue line="117" char="6" reason="Missing semicolon." evidence="	}" severity="Medium"/>
        <issue line="128" char="6" reason="Missing semicolon." evidence="	}" severity="Medium"/>
        <issue line="140" char="6" reason="Missing semicolon." evidence="	}" severity="Medium"/>
        <issue line="175" char="99" reason="Duplicate key &apos;name&apos;." evidence="						{xtype:&apos;text&apos;,name:&apos;title&apos;,itemId:&apos;title&apos;,leftHidden:true,width:&apos;max&apos;,name:&apos;createGroupName&apos;,itemId:&apos;createGroupName&apos;}," severity="High"/>
        <issue line="175" char="124" reason="Duplicate key &apos;itemId&apos;." evidence="						{xtype:&apos;text&apos;,name:&apos;title&apos;,itemId:&apos;title&apos;,leftHidden:true,width:&apos;max&apos;,name:&apos;createGroupName&apos;,itemId:&apos;createGroupName&apos;}," severity="High"/>
        <issue line="210" char="19" reason="Missing semicolon." evidence="				})" severity="Medium"/>
        <issue line="213" char="6" reason="Missing semicolon." evidence="	}" severity="Medium"/>
        <issue line="238" char="15" reason="Missing semicolon." evidence="			})" severity="Medium"/>
        <issue line="277" char="99" reason="Duplicate key &apos;name&apos;." evidence="						{xtype:&apos;text&apos;,name:&apos;title&apos;,itemId:&apos;title&apos;,leftHidden:true,width:&apos;max&apos;,name:&apos;createGroupName&apos;,itemId:&apos;createGroupName&apos;}," severity="High"/>
        <issue line="277" char="124" reason="Duplicate key &apos;itemId&apos;." evidence="						{xtype:&apos;text&apos;,name:&apos;title&apos;,itemId:&apos;title&apos;,leftHidden:true,width:&apos;max&apos;,name:&apos;createGroupName&apos;,itemId:&apos;createGroupName&apos;}," severity="High"/>
        <issue line="311" char="19" reason="Missing semicolon." evidence="				})" severity="Medium"/>
        <issue line="315" char="6" reason="Missing semicolon." evidence="	}" severity="Medium"/>
        <issue line="326" char="6" reason="Missing semicolon." evidence="	}" severity="Medium"/>
        <issue line="337" char="6" reason="Missing semicolon." evidence="	}" severity="Medium"/>
        <issue line="364" char="15" reason="Missing semicolon." evidence="			})" severity="Medium"/>
        <issue line="368" char="6" reason="Missing semicolon." evidence="	}" severity="Medium"/>
        <issue line="393" char="6" reason="Missing semicolon." evidence="	}" severity="Medium"/>
        <issue line="428" char="6" reason="Missing semicolon." evidence="	}" severity="Medium"/>
        <issue line="460" char="6" reason="Missing semicolon." evidence="	}" severity="Medium"/>
        <issue line="467" char="6" reason="Missing semicolon." evidence="	}" severity="Medium"/>
    </file>
    <file name="D:\Jenkins\jobs\test\workspace\src\gmyContact\personContact\personGrid.js">
        <issue line="183" char="147" reason="Missing semicolon." evidence="				{header:&apos;图标&apos;,textHidden:true,mapping:&apos;phones&apos;,textAlign:&apos;left&apos;,renderer:me.showMessage,handler:function(e,o){me.show(e,o,o.phones)},width:25,textAlign:&apos;left&apos;}," severity="Medium"/>
        <issue line="183" char="167" reason="Duplicate key &apos;textAlign&apos;." evidence="				{header:&apos;图标&apos;,textHidden:true,mapping:&apos;phones&apos;,textAlign:&apos;left&apos;,renderer:me.showMessage,handler:function(e,o){me.show(e,o,o.phones)},width:25,textAlign:&apos;left&apos;}," severity="High"/>
        <issue line="185" char="91" reason="Duplicate key &apos;textAlign&apos;." evidence="				{header:&apos;邮箱&apos;,mapping:&apos;intraEmail&apos;,width:&apos;max&apos;,textAlign:&apos;center&apos;,textAlign:&apos;left&apos;}," severity="High"/>
        <issue line="197" char="6" reason="Missing semicolon." evidence="	}" severity="Medium"/>
        <issue line="208" char="6" reason="Missing semicolon." evidence="	}" severity="Medium"/>
        <issue line="219" char="6" reason="Missing semicolon." evidence="	}" severity="Medium"/>
        <issue line="230" char="6" reason="Missing semicolon." evidence="	}" severity="Medium"/>
        <issue line="241" char="23" reason="Missing semicolon." evidence="			return &apos; &apos;" severity="Medium"/>
        <issue line="243" char="6" reason="Missing semicolon." evidence="	}" severity="Medium"/>
        <issue line="253" char="6" reason="Missing semicolon." evidence="	}" severity="Medium"/>
        <issue line="272" char="30" reason="Missing semicolon." evidence="			v.push(testLabel)" severity="Medium"/>
        <issue line="284" char="70" reason="Missing radix parameter." evidence="		targetXY.y = targetXY.y+parseInt(record.getdom().style.height);" severity="High"/>
        <issue line="286" char="6" reason="Missing semicolon." evidence="	}" severity="Medium"/>
        <issue line="305" char="23" reason="Missing semicolon." evidence="					})" severity="Medium"/>
        <issue line="316" char="27" reason="Missing semicolon." evidence="						})" severity="Medium"/>
        <issue line="330" char="6" reason="Missing semicolon." evidence="	}" severity="Medium"/>
        <issue line="365" char="6" reason="Missing semicolon." evidence="	}" severity="Medium"/>
        <issue line="412" char="13" reason="Comma warnings can be turned off with &apos;laxcomma&apos;." evidence="			," severity="High"/>
        <issue line="411" char="17" reason="Bad line breaking before &apos;,&apos;." evidence="				]" severity="High"/>
        <issue line="420" char="6" reason="Missing semicolon." evidence="	}" severity="Medium"/>
        <issue line="433" char="6" reason="Missing semicolon." evidence="	}" severity="Medium"/>
        <issue line="444" char="6" reason="Missing semicolon." evidence="	}" severity="Medium"/>
        <issue line="457" char="6" reason="Missing semicolon." evidence="	}" severity="Medium"/>
        <issue line="469" char="6" reason="Missing semicolon." evidence="	}" severity="Medium"/>
        <issue line="509" char="6" reason="Missing semicolon." evidence="	}	" severity="Medium"/>
        <issue line="518" char="6" reason="Missing semicolon." evidence="	}" severity="Medium"/>
        <issue line="530" char="6" reason="Missing semicolon." evidence="	}" severity="Medium"/>
        <issue line="540" char="6" reason="Missing semicolon." evidence="	}" severity="Medium"/>
        <issue line="658" char="6" reason="Missing semicolon." evidence="	}" severity="Medium"/>
        <issue line="668" char="10" reason="Unnecessary semicolon." evidence="		};" severity="High"/>
        <issue line="706" char="6" reason="Missing semicolon." evidence="	}" severity="Medium"/>
        <issue line="761" char="6" reason="Missing semicolon." evidence="	}" severity="Medium"/>
        <issue line="793" char="6" reason="Missing semicolon." evidence="	}" severity="Medium"/>
        <issue line="806" char="6" reason="Missing semicolon." evidence="	}" severity="Medium"/>
        <issue line="823" char="6" reason="Missing semicolon." evidence="	}" severity="Medium"/>
        <issue line="832" char="6" reason="Missing semicolon." evidence="	}" severity="Medium"/>
        <issue line="849" char="6" reason="Missing semicolon." evidence="	}" severity="Medium"/>
        <issue line="861" char="6" reason="Missing semicolon." evidence="	}" severity="Medium"/>
        <issue line="897" char="6" reason="Missing semicolon." evidence="	}" severity="Medium"/>
        <issue line="943" char="6" reason="Missing semicolon." evidence="	}" severity="Medium"/>
        <issue line="989" char="6" reason="Missing semicolon." evidence="	}" severity="Medium"/>
        <issue line="1041" char="6" reason="Missing semicolon." evidence="	}" severity="Medium"/>
        <issue line="1049" char="6" reason="Missing semicolon." evidence="	}" severity="Medium"/>
        <issue line="1069" char="6" reason="Missing semicolon." evidence="	}" severity="Medium"/>
        <issue line="1082" char="6" reason="Missing semicolon." evidence="	}" severity="Medium"/>
        <issue line="1088" char="6" reason="Missing semicolon." evidence="	}" severity="Medium"/>
        <issue line="14" char="25" reason="&apos;orgTonxunTree&apos; is not defined." evidence="						orgTonxunTree = new Treebar({serviceType:true});	" severity="High"/>
        <issue line="15" char="25" reason="&apos;orgTonxunTree&apos; is not defined." evidence="						orgTonxunTree.handler = function(node){" severity="High"/>
        <issue line="28" char="32" reason="&apos;orgTonxunTree&apos; is not defined." evidence="						return orgTonxunTree;" severity="High"/>
        <issue line="36" char="46" reason="&apos;orgTonxunTree&apos; is not defined." evidence="								mc.fireEvent(orgTonxunTree.get(&apos;id&apos;),&apos;loadData&apos;,{obj:response.responseText});" severity="High"/>
        <issue line="44" char="25" reason="&apos;myFolderTree&apos; is not defined." evidence="						myFolderTree = new Treebar({serviceType:true});	" severity="High"/>
        <issue line="45" char="25" reason="&apos;myFolderTree&apos; is not defined." evidence="						myFolderTree.handler = function(node){" severity="High"/>
        <issue line="57" char="32" reason="&apos;myFolderTree&apos; is not defined." evidence="						return myFolderTree;" severity="High"/>
        <issue line="68" char="46" reason="&apos;myFolderTree&apos; is not defined." evidence="								mc.fireEvent(myFolderTree.get(&apos;id&apos;),&apos;loadData&apos;,{obj:response.responseText});" severity="High"/>
        <issue line="1075" char="22" reason="&apos;dataR&apos; is not defined." evidence="				name:dataR.name," severity="High"/>
        <issue line="1078" char="23" reason="&apos;dataR&apos; is not defined." evidence="				dataR:dataR" severity="High"/>
    </file>
    <file name="D:\Jenkins\jobs\test\workspace\src\gmyContact\personContact\relativeOpen\buildNewPerson.js">
        <issue line="9" char="1" reason="Mixed spaces and tabs." evidence=" *    	   那么phone下面的fax,msg,email,address,有共同的特点，就是当前行的行标只受上面的行标影响，跟后面的动态增、减行" severity="Low"/>
        <issue line="10" char="1" reason="Mixed spaces and tabs." evidence=" *    	   的行标没有关系，例如：msg的在做动态增行的时候，那么我们就要计算新增的行的位置（msgIndex），然后使用form.addItem(msgIndex,addCol);" severity="Low"/>
        <issue line="12" char="1" reason="Mixed spaces and tabs." evidence=" *         		1、第一种解决方案(不可行，但是首先想到的是这个办法)：" severity="Low"/>
        <issue line="13" char="1" reason="Mixed spaces and tabs." evidence=" *         			msgIndex = phoneIndex+faxIndex；" severity="Low"/>
        <issue line="14" char="1" reason="Mixed spaces and tabs." evidence=" *         			首先phone的行标(phoneIndex),fax的行标(faxIndex),随着各自的减行，减行的操作，phoneIndex，faxIndex是一个实时变化的量，" severity="Low"/>
        <issue line="15" char="1" reason="Mixed spaces and tabs." evidence=" *         			而且faxIndex的值是随着phone的增行，减行操作不断变化的，初值不确定，phone一旦改变它的值就要变化，所以采用(msgIndex = phoneIndex+faxIndex)" severity="Low"/>
        <issue line="16" char="1" reason="Mixed spaces and tabs." evidence=" *         			方式计算是很不稳定的，风险很大，布局容易混乱." severity="Low"/>
        <issue line="17" char="1" reason="Mixed spaces and tabs." evidence=" *         		2、第二种解决方案（可行，且布局稳定）" severity="Low"/>
        <issue line="18" char="1" reason="Mixed spaces and tabs." evidence=" *         			msgIndex = phoneIndex+faxLength；" severity="Low"/>
        <issue line="19" char="1" reason="Mixed spaces and tabs." evidence=" *         			根据上面的分析，phoneIndex的初始值是确定的，虽然它会随着增，减行而不断的改变，但是它的变化是很容易控制的，非常稳定的，因为" severity="Low"/>
        <issue line="20" char="1" reason="Mixed spaces and tabs." evidence=" *         			phoneIndex不受其他的动态增减行的影响，它只收自己的动态增，减行的影响，虽然faxIndex的变化很不稳定，难以控制，但是fax区域的" severity="Low"/>
        <issue line="21" char="1" reason="Mixed spaces and tabs." evidence=" *         			高度是很容易计算，增加一行：faxLength+1，减少一行：faxLength-1；所以计算msgIndex的时候，使用phoneIndex+faxLength这样的方式计算" severity="Low"/>
        <issue line="22" char="1" reason="Mixed spaces and tabs." evidence=" *         			风险最低，根据多次测试，页面布局最稳定！" severity="Low"/>
        <issue line="26" char="1" reason="Mixed spaces and tabs." evidence=" *         			" severity="Low"/>
        <issue line="75" char="82" reason="Missing semicolon." evidence="					{name:&apos;取消&apos;,value:&apos;取消&apos;,handler:function(){me.mod.main.goback()}}" severity="Medium"/>
        <issue line="100" char="6" reason="Missing semicolon." evidence="	}" severity="Medium"/>
        <issue line="112" char="26" reason="Use &apos;!==&apos; to compare with &apos;&apos;." evidence="				if(value != &quot;&quot;){" severity="High"/>
        <issue line="115" char="52" reason="Use &apos;===&apos; to compare with &apos;false&apos;." evidence="					if(result == &quot;false&quot; || result == false){" severity="High"/>
        <issue line="146" char="52" reason="Use &apos;===&apos; to compare with &apos;false&apos;." evidence="					if(result == &quot;false&quot; || result == false){" severity="High"/>
        <issue line="150" char="61" reason="Bad escaping." evidence="					var pattMSN = new RegExp(&quot;^([a-zA-Z0-9_\.\-])+\@(([a-zA-Z0-9\-])+\.)+([a-zA-Z0-9]{2,4})+$&quot;);" severity="High"/>
        <issue line="150" char="63" reason="Bad escaping." evidence="					var pattMSN = new RegExp(&quot;^([a-zA-Z0-9_\.\-])+\@(([a-zA-Z0-9\-])+\.)+([a-zA-Z0-9]{2,4})+$&quot;);" severity="High"/>
        <issue line="150" char="68" reason="Bad escaping." evidence="					var pattMSN = new RegExp(&quot;^([a-zA-Z0-9_\.\-])+\@(([a-zA-Z0-9\-])+\.)+([a-zA-Z0-9]{2,4})+$&quot;);" severity="High"/>
        <issue line="150" char="82" reason="Bad escaping." evidence="					var pattMSN = new RegExp(&quot;^([a-zA-Z0-9_\.\-])+\@(([a-zA-Z0-9\-])+\.)+([a-zA-Z0-9]{2,4})+$&quot;);" severity="High"/>
        <issue line="150" char="87" reason="Bad escaping." evidence="					var pattMSN = new RegExp(&quot;^([a-zA-Z0-9_\.\-])+\@(([a-zA-Z0-9\-])+\.)+([a-zA-Z0-9]{2,4})+$&quot;);" severity="High"/>
        <issue line="151" char="32" reason="&apos;result&apos; is already defined." evidence="					var result = pattMSN.test(value);" severity="High"/>
        <issue line="152" char="52" reason="Use &apos;===&apos; to compare with &apos;false&apos;." evidence="					if(result == &quot;false&quot; || result == false){" severity="High"/>
        <issue line="158" char="67" reason="Bad escaping." evidence="					var pattMsgsEmail = new RegExp(&quot;^([a-zA-Z0-9_\.\-])+\@(([a-zA-Z0-9\-])+\.)+([a-zA-Z0-9]{2,4})+$&quot;);" severity="High"/>
        <issue line="158" char="69" reason="Bad escaping." evidence="					var pattMsgsEmail = new RegExp(&quot;^([a-zA-Z0-9_\.\-])+\@(([a-zA-Z0-9\-])+\.)+([a-zA-Z0-9]{2,4})+$&quot;);" severity="High"/>
        <issue line="158" char="74" reason="Bad escaping." evidence="					var pattMsgsEmail = new RegExp(&quot;^([a-zA-Z0-9_\.\-])+\@(([a-zA-Z0-9\-])+\.)+([a-zA-Z0-9]{2,4})+$&quot;);" severity="High"/>
        <issue line="158" char="88" reason="Bad escaping." evidence="					var pattMsgsEmail = new RegExp(&quot;^([a-zA-Z0-9_\.\-])+\@(([a-zA-Z0-9\-])+\.)+([a-zA-Z0-9]{2,4})+$&quot;);" severity="High"/>
        <issue line="158" char="93" reason="Bad escaping." evidence="					var pattMsgsEmail = new RegExp(&quot;^([a-zA-Z0-9_\.\-])+\@(([a-zA-Z0-9\-])+\.)+([a-zA-Z0-9]{2,4})+$&quot;);" severity="High"/>
        <issue line="160" char="30" reason="Use &apos;!==&apos; to compare with &apos;&apos;." evidence="					if(value != &quot;&quot;){" severity="High"/>
        <issue line="166" char="69" reason="Use &apos;===&apos; to compare with &apos;false&apos;." evidence="						if((resultNumber == &quot;false&quot; || resultNumber == false)&amp;&amp;(key = &quot;腾讯微博&quot;)||(key = &quot;新浪微博&quot;)){" severity="High"/>
        <issue line="167" char="26" reason="Empty block." evidence="						}else if((resultEmail == &quot;false&quot; || resultEmail == false)&amp;&amp;(key = &quot;腾讯微博&quot;)||(key = &quot;新浪微博&quot;)){" severity="High"/>
        <issue line="167" char="73" reason="Use &apos;===&apos; to compare with &apos;false&apos;." evidence="						}else if((resultEmail == &quot;false&quot; || resultEmail == false)&amp;&amp;(key = &quot;腾讯微博&quot;)||(key = &quot;新浪微博&quot;)){" severity="High"/>
        <issue line="168" char="26" reason="Empty block." evidence="						}else if((resultPhone == &quot;false&quot; || resultPhone == false)&amp;&amp;(key = &quot;腾讯微博&quot;)||(key = &quot;新浪微博&quot;)){" severity="High"/>
        <issue line="168" char="73" reason="Use &apos;===&apos; to compare with &apos;false&apos;." evidence="						}else if((resultPhone == &quot;false&quot; || resultPhone == false)&amp;&amp;(key = &quot;腾讯微博&quot;)||(key = &quot;新浪微博&quot;)){" severity="High"/>
        <issue line="169" char="26" reason="Empty block." evidence="						}else{" severity="High"/>
        <issue line="188" char="30" reason="Use &apos;!==&apos; to compare with &apos;&apos;." evidence="		if(emailSysTextValue != &quot;&quot;){" severity="High"/>
        <issue line="189" char="58" reason="Bad escaping." evidence="			var pattSysEmail = new RegExp(&quot;^([a-zA-Z0-9_\.\-])+\@(([a-zA-Z0-9\-])+\.)+([a-zA-Z0-9]{2,4})+$&quot;);" severity="High"/>
        <issue line="189" char="60" reason="Bad escaping." evidence="			var pattSysEmail = new RegExp(&quot;^([a-zA-Z0-9_\.\-])+\@(([a-zA-Z0-9\-])+\.)+([a-zA-Z0-9]{2,4})+$&quot;);" severity="High"/>
        <issue line="189" char="65" reason="Bad escaping." evidence="			var pattSysEmail = new RegExp(&quot;^([a-zA-Z0-9_\.\-])+\@(([a-zA-Z0-9\-])+\.)+([a-zA-Z0-9]{2,4})+$&quot;);" severity="High"/>
        <issue line="189" char="79" reason="Bad escaping." evidence="			var pattSysEmail = new RegExp(&quot;^([a-zA-Z0-9_\.\-])+\@(([a-zA-Z0-9\-])+\.)+([a-zA-Z0-9]{2,4})+$&quot;);" severity="High"/>
        <issue line="189" char="84" reason="Bad escaping." evidence="			var pattSysEmail = new RegExp(&quot;^([a-zA-Z0-9_\.\-])+\@(([a-zA-Z0-9\-])+\.)+([a-zA-Z0-9]{2,4})+$&quot;);" severity="High"/>
        <issue line="191" char="54" reason="Use &apos;===&apos; to compare with &apos;false&apos;." evidence="			if(resultEmail == &quot;false&quot; || resultEmail == false){" severity="High"/>
        <issue line="213" char="26" reason="Use &apos;!==&apos; to compare with &apos;&apos;." evidence="				if(value != &quot;&quot;){" severity="High"/>
        <issue line="214" char="63" reason="Bad escaping." evidence="					var pattEmail = new RegExp(&quot;^([a-zA-Z0-9_\.\-])+\@(([a-zA-Z0-9\-])+\.)+([a-zA-Z0-9]{2,4})+$&quot;);" severity="High"/>
        <issue line="214" char="65" reason="Bad escaping." evidence="					var pattEmail = new RegExp(&quot;^([a-zA-Z0-9_\.\-])+\@(([a-zA-Z0-9\-])+\.)+([a-zA-Z0-9]{2,4})+$&quot;);" severity="High"/>
        <issue line="214" char="70" reason="Bad escaping." evidence="					var pattEmail = new RegExp(&quot;^([a-zA-Z0-9_\.\-])+\@(([a-zA-Z0-9\-])+\.)+([a-zA-Z0-9]{2,4})+$&quot;);" severity="High"/>
        <issue line="214" char="84" reason="Bad escaping." evidence="					var pattEmail = new RegExp(&quot;^([a-zA-Z0-9_\.\-])+\@(([a-zA-Z0-9\-])+\.)+([a-zA-Z0-9]{2,4})+$&quot;);" severity="High"/>
        <issue line="214" char="89" reason="Bad escaping." evidence="					var pattEmail = new RegExp(&quot;^([a-zA-Z0-9_\.\-])+\@(([a-zA-Z0-9\-])+\.)+([a-zA-Z0-9]{2,4})+$&quot;);" severity="High"/>
        <issue line="216" char="62" reason="Use &apos;===&apos; to compare with &apos;false&apos;." evidence="					if(resultEmail == &quot;false&quot; || resultEmail == false){" severity="High"/>
        <issue line="240" char="48" reason="Use &apos;===&apos; to compare with &apos;false&apos;." evidence="				if(result == &quot;false&quot; || result == false){" severity="High"/>
        <issue line="282" char="10" reason="Unnecessary semicolon." evidence="		};" severity="High"/>
        <issue line="323" char="11" reason="Missing semicolon." evidence="		})" severity="Medium"/>
        <issue line="325" char="6" reason="Missing semicolon." evidence="	}" severity="Medium"/>
        <issue line="405" char="10" reason="Unnecessary semicolon." evidence="		};" severity="High"/>
        <issue line="411" char="6" reason="Missing semicolon." evidence="	}" severity="Medium"/>
        <issue line="482" char="6" reason="Missing semicolon." evidence="	}" severity="Medium"/>
        <issue line="503" char="6" reason="Missing semicolon." evidence="	}" severity="Medium"/>
        <issue line="520" char="6" reason="Missing semicolon." evidence="	}" severity="Medium"/>
        <issue line="540" char="6" reason="Missing semicolon." evidence="	}" severity="Medium"/>
        <issue line="557" char="22" reason="Confusing use of &apos;!&apos;." evidence="		phoneIndex = !Boolean(allPhones.length)===true?index:phoneIndex;" severity="High"/>
        <issue line="567" char="1" reason="Mixed spaces and tabs." evidence="	 				index--;" severity="Low"/>
        <issue line="568" char="1" reason="Mixed spaces and tabs." evidence="	 				phoneIndex--;" severity="Low"/>
        <issue line="569" char="1" reason="Mixed spaces and tabs." evidence="	 				phoneLength--;" severity="Low"/>
        <issue line="570" char="1" reason="Mixed spaces and tabs." evidence="	 				form.update();" severity="Low"/>
        <issue line="626" char="6" reason="Missing semicolon." evidence="	}" severity="Medium"/>
        <issue line="668" char="1" reason="Mixed spaces and tabs." evidence="	 				index--;" severity="Low"/>
        <issue line="669" char="1" reason="Mixed spaces and tabs." evidence="	 				faxLength--;" severity="Low"/>
        <issue line="670" char="1" reason="Mixed spaces and tabs." evidence="	 				form.update();" severity="Low"/>
        <issue line="692" char="10" reason="Unnecessary semicolon." evidence="		};" severity="High"/>
        <issue line="704" char="10" reason="Unnecessary semicolon." evidence="		};" severity="High"/>
        <issue line="717" char="6" reason="Missing semicolon." evidence="	}" severity="Medium"/>
        <issue line="742" char="1" reason="Mixed spaces and tabs." evidence="	 				index--;" severity="Low"/>
        <issue line="743" char="1" reason="Mixed spaces and tabs." evidence="	 				msgLength--;" severity="Low"/>
        <issue line="744" char="1" reason="Mixed spaces and tabs." evidence="	 				form.update();" severity="Low"/>
        <issue line="765" char="10" reason="Unnecessary semicolon." evidence="		};" severity="High"/>
        <issue line="775" char="26" reason="Missing semicolon." evidence="			isOne = false" severity="Medium"/>
        <issue line="777" char="10" reason="Unnecessary semicolon." evidence="		};" severity="High"/>
        <issue line="790" char="6" reason="Missing semicolon." evidence="	}" severity="Medium"/>
        <issue line="811" char="128" reason="Bad escaping." evidence="		var emaillabel =  new Gframe.controls.Label({textAlign:&apos;right&apos;,vtype:&apos;exp&apos;,errorMsg:&apos;邮箱格式错误，请重新输入。&apos;,exp:&apos;^([a-zA-Z0-9_\.\-])+\@(([a-zA-Z0-9\-])+\.)+([a-zA-Z0-9]{2,4})+$&apos;,itemId:&apos;emailMark&apos;,textCls:&apos;title_font&apos;,width:80,value:&apos;电子邮箱：&apos;});" severity="High"/>
        <issue line="811" char="130" reason="Bad escaping." evidence="		var emaillabel =  new Gframe.controls.Label({textAlign:&apos;right&apos;,vtype:&apos;exp&apos;,errorMsg:&apos;邮箱格式错误，请重新输入。&apos;,exp:&apos;^([a-zA-Z0-9_\.\-])+\@(([a-zA-Z0-9\-])+\.)+([a-zA-Z0-9]{2,4})+$&apos;,itemId:&apos;emailMark&apos;,textCls:&apos;title_font&apos;,width:80,value:&apos;电子邮箱：&apos;});" severity="High"/>
        <issue line="811" char="135" reason="Bad escaping." evidence="		var emaillabel =  new Gframe.controls.Label({textAlign:&apos;right&apos;,vtype:&apos;exp&apos;,errorMsg:&apos;邮箱格式错误，请重新输入。&apos;,exp:&apos;^([a-zA-Z0-9_\.\-])+\@(([a-zA-Z0-9\-])+\.)+([a-zA-Z0-9]{2,4})+$&apos;,itemId:&apos;emailMark&apos;,textCls:&apos;title_font&apos;,width:80,value:&apos;电子邮箱：&apos;});" severity="High"/>
        <issue line="811" char="149" reason="Bad escaping." evidence="		var emaillabel =  new Gframe.controls.Label({textAlign:&apos;right&apos;,vtype:&apos;exp&apos;,errorMsg:&apos;邮箱格式错误，请重新输入。&apos;,exp:&apos;^([a-zA-Z0-9_\.\-])+\@(([a-zA-Z0-9\-])+\.)+([a-zA-Z0-9]{2,4})+$&apos;,itemId:&apos;emailMark&apos;,textCls:&apos;title_font&apos;,width:80,value:&apos;电子邮箱：&apos;});" severity="High"/>
        <issue line="811" char="154" reason="Bad escaping." evidence="		var emaillabel =  new Gframe.controls.Label({textAlign:&apos;right&apos;,vtype:&apos;exp&apos;,errorMsg:&apos;邮箱格式错误，请重新输入。&apos;,exp:&apos;^([a-zA-Z0-9_\.\-])+\@(([a-zA-Z0-9\-])+\.)+([a-zA-Z0-9]{2,4})+$&apos;,itemId:&apos;emailMark&apos;,textCls:&apos;title_font&apos;,width:80,value:&apos;电子邮箱：&apos;});" severity="High"/>
        <issue line="829" char="1" reason="Mixed spaces and tabs." evidence="	 				index--;" severity="Low"/>
        <issue line="830" char="1" reason="Mixed spaces and tabs." evidence="	 				emailLength--;" severity="Low"/>
        <issue line="831" char="1" reason="Mixed spaces and tabs." evidence="	 				form.update();" severity="Low"/>
        <issue line="832" char="1" reason="Mixed spaces and tabs." evidence="	 		" severity="Low"/>
        <issue line="864" char="26" reason="Missing semicolon." evidence="			isOne = false" severity="Medium"/>
        <issue line="865" char="10" reason="Unnecessary semicolon." evidence="		};" severity="High"/>
        <issue line="893" char="6" reason="Missing semicolon." evidence="	}" severity="Medium"/>
        <issue line="909" char="10" reason="Unnecessary semicolon." evidence="		};" severity="High"/>
        <issue line="924" char="6" reason="Missing semicolon." evidence="	}" severity="Medium"/>
        <issue line="949" char="1" reason="Mixed spaces and tabs." evidence="	 				index--;" severity="Low"/>
        <issue line="950" char="1" reason="Mixed spaces and tabs." evidence="	 				addressLength--;" severity="Low"/>
        <issue line="951" char="1" reason="Mixed spaces and tabs." evidence="	 				form.update();" severity="Low"/>
        <issue line="966" char="10" reason="Unnecessary semicolon." evidence="		};" severity="High"/>
        <issue line="978" char="10" reason="Unnecessary semicolon." evidence="		};" severity="High"/>
        <issue line="999" char="6" reason="Missing semicolon." evidence="	}" severity="Medium"/>
        <issue line="1020" char="6" reason="Missing semicolon." evidence="	}" severity="Medium"/>
        <issue line="1038" char="6" reason="Missing semicolon." evidence="	}" severity="Medium"/>
        <issue line="1048" char="10" reason="Unnecessary semicolon." evidence="		};" severity="High"/>
        <issue line="1049" char="6" reason="Missing semicolon." evidence="	}" severity="Medium"/>
        <issue line="1055" char="6" reason="Missing semicolon." evidence="	}" severity="Medium"/>
        <issue line="1069" char="10" reason="Unnecessary semicolon." evidence="		};" severity="High"/>
        <issue line="1071" char="6" reason="Missing semicolon." evidence="	}" severity="Medium"/>
        <issue line="1091" char="14" reason="Unnecessary semicolon." evidence="			};" severity="High"/>
        <issue line="1099" char="14" reason="Unnecessary semicolon." evidence="			};" severity="High"/>
        <issue line="1116" char="14" reason="Unnecessary semicolon." evidence="			};" severity="High"/>
        <issue line="1124" char="14" reason="Unnecessary semicolon." evidence="			};" severity="High"/>
        <issue line="1128" char="10" reason="Unnecessary semicolon." evidence="		};" severity="High"/>
        <issue line="1133" char="6" reason="Missing semicolon." evidence="	}" severity="Medium"/>
        <issue line="94" char="17" reason="&apos;setDefaultTag&apos; is not defined." evidence="				setDefaultTag = 0;" severity="High"/>
        <issue line="165" char="25" reason="&apos;console&apos; is not defined." evidence="						console.log(value + &quot;1111111111111111&quot;);" severity="High"/>
        <issue line="840" char="110" reason="&apos;defaultLabel&apos; is not defined." evidence="			var bnObj = me.updateSumitData(self,emailCol,allEmails,addBtn,deldanweiZhizilabel,&apos;emailDefault&apos;,defaultLabel,emailText,isOne);" severity="High"/>
    </file>
    <file name="D:\Jenkins\jobs\test\workspace\src\gmyContact\personContact\relativeOpen\editPersonInfo.js">
        <issue line="71" char="82" reason="Missing semicolon." evidence="					{name:&apos;取消&apos;,value:&apos;取消&apos;,handler:function(){me.mod.main.goback()}}" severity="Medium"/>
        <issue line="107" char="6" reason="Missing semicolon." evidence="	}" severity="Medium"/>
        <issue line="119" char="26" reason="Use &apos;!==&apos; to compare with &apos;&apos;." evidence="				if(value != &quot;&quot;){" severity="High"/>
        <issue line="122" char="52" reason="Use &apos;===&apos; to compare with &apos;false&apos;." evidence="					if(result == &quot;false&quot; || result == false){" severity="High"/>
        <issue line="153" char="52" reason="Use &apos;===&apos; to compare with &apos;false&apos;." evidence="					if(result == &quot;false&quot; || result == false){" severity="High"/>
        <issue line="157" char="61" reason="Bad escaping." evidence="					var pattMSN = new RegExp(&quot;^([a-zA-Z0-9_\.\-])+\@(([a-zA-Z0-9\-])+\.)+([a-zA-Z0-9]{2,4})+$&quot;);" severity="High"/>
        <issue line="157" char="63" reason="Bad escaping." evidence="					var pattMSN = new RegExp(&quot;^([a-zA-Z0-9_\.\-])+\@(([a-zA-Z0-9\-])+\.)+([a-zA-Z0-9]{2,4})+$&quot;);" severity="High"/>
        <issue line="157" char="68" reason="Bad escaping." evidence="					var pattMSN = new RegExp(&quot;^([a-zA-Z0-9_\.\-])+\@(([a-zA-Z0-9\-])+\.)+([a-zA-Z0-9]{2,4})+$&quot;);" severity="High"/>
        <issue line="157" char="82" reason="Bad escaping." evidence="					var pattMSN = new RegExp(&quot;^([a-zA-Z0-9_\.\-])+\@(([a-zA-Z0-9\-])+\.)+([a-zA-Z0-9]{2,4})+$&quot;);" severity="High"/>
        <issue line="157" char="87" reason="Bad escaping." evidence="					var pattMSN = new RegExp(&quot;^([a-zA-Z0-9_\.\-])+\@(([a-zA-Z0-9\-])+\.)+([a-zA-Z0-9]{2,4})+$&quot;);" severity="High"/>
        <issue line="158" char="32" reason="&apos;result&apos; is already defined." evidence="					var result = pattMSN.test(value);" severity="High"/>
        <issue line="159" char="52" reason="Use &apos;===&apos; to compare with &apos;false&apos;." evidence="					if(result == &quot;false&quot; || result == false){" severity="High"/>
        <issue line="165" char="67" reason="Bad escaping." evidence="					var pattMsgsEmail = new RegExp(&quot;^([a-zA-Z0-9_\.\-])+\@(([a-zA-Z0-9\-])+\.)+([a-zA-Z0-9]{2,4})+$&quot;);" severity="High"/>
        <issue line="165" char="69" reason="Bad escaping." evidence="					var pattMsgsEmail = new RegExp(&quot;^([a-zA-Z0-9_\.\-])+\@(([a-zA-Z0-9\-])+\.)+([a-zA-Z0-9]{2,4})+$&quot;);" severity="High"/>
        <issue line="165" char="74" reason="Bad escaping." evidence="					var pattMsgsEmail = new RegExp(&quot;^([a-zA-Z0-9_\.\-])+\@(([a-zA-Z0-9\-])+\.)+([a-zA-Z0-9]{2,4})+$&quot;);" severity="High"/>
        <issue line="165" char="88" reason="Bad escaping." evidence="					var pattMsgsEmail = new RegExp(&quot;^([a-zA-Z0-9_\.\-])+\@(([a-zA-Z0-9\-])+\.)+([a-zA-Z0-9]{2,4})+$&quot;);" severity="High"/>
        <issue line="165" char="93" reason="Bad escaping." evidence="					var pattMsgsEmail = new RegExp(&quot;^([a-zA-Z0-9_\.\-])+\@(([a-zA-Z0-9\-])+\.)+([a-zA-Z0-9]{2,4})+$&quot;);" severity="High"/>
        <issue line="167" char="30" reason="Use &apos;!==&apos; to compare with &apos;&apos;." evidence="					if(value != &quot;&quot;){" severity="High"/>
        <issue line="172" char="69" reason="Use &apos;===&apos; to compare with &apos;false&apos;." evidence="						if((resultNumber == &quot;false&quot; || resultNumber == false)&amp;&amp;(key = &quot;腾讯微博&quot;)||(key = &quot;新浪微博&quot;)){" severity="High"/>
        <issue line="173" char="26" reason="Empty block." evidence="						}else if((resultEmail == &quot;false&quot; || resultEmail == false)&amp;&amp;(key = &quot;腾讯微博&quot;)||(key = &quot;新浪微博&quot;)){" severity="High"/>
        <issue line="173" char="73" reason="Use &apos;===&apos; to compare with &apos;false&apos;." evidence="						}else if((resultEmail == &quot;false&quot; || resultEmail == false)&amp;&amp;(key = &quot;腾讯微博&quot;)||(key = &quot;新浪微博&quot;)){" severity="High"/>
        <issue line="174" char="26" reason="Empty block." evidence="						}else if((resultPhone == &quot;false&quot; || resultPhone == false)&amp;&amp;(key = &quot;腾讯微博&quot;)||(key = &quot;新浪微博&quot;)){" severity="High"/>
        <issue line="174" char="73" reason="Use &apos;===&apos; to compare with &apos;false&apos;." evidence="						}else if((resultPhone == &quot;false&quot; || resultPhone == false)&amp;&amp;(key = &quot;腾讯微博&quot;)||(key = &quot;新浪微博&quot;)){" severity="High"/>
        <issue line="175" char="26" reason="Empty block." evidence="						}else{" severity="High"/>
        <issue line="194" char="30" reason="Use &apos;!==&apos; to compare with &apos;&apos;." evidence="		if(emailSysTextValue != &quot;&quot;){" severity="High"/>
        <issue line="195" char="58" reason="Bad escaping." evidence="			var pattSysEmail = new RegExp(&quot;^([a-zA-Z0-9_\.\-])+\@(([a-zA-Z0-9\-])+\.)+([a-zA-Z0-9]{2,4})+$&quot;);" severity="High"/>
        <issue line="195" char="60" reason="Bad escaping." evidence="			var pattSysEmail = new RegExp(&quot;^([a-zA-Z0-9_\.\-])+\@(([a-zA-Z0-9\-])+\.)+([a-zA-Z0-9]{2,4})+$&quot;);" severity="High"/>
        <issue line="195" char="65" reason="Bad escaping." evidence="			var pattSysEmail = new RegExp(&quot;^([a-zA-Z0-9_\.\-])+\@(([a-zA-Z0-9\-])+\.)+([a-zA-Z0-9]{2,4})+$&quot;);" severity="High"/>
        <issue line="195" char="79" reason="Bad escaping." evidence="			var pattSysEmail = new RegExp(&quot;^([a-zA-Z0-9_\.\-])+\@(([a-zA-Z0-9\-])+\.)+([a-zA-Z0-9]{2,4})+$&quot;);" severity="High"/>
        <issue line="195" char="84" reason="Bad escaping." evidence="			var pattSysEmail = new RegExp(&quot;^([a-zA-Z0-9_\.\-])+\@(([a-zA-Z0-9\-])+\.)+([a-zA-Z0-9]{2,4})+$&quot;);" severity="High"/>
        <issue line="197" char="54" reason="Use &apos;===&apos; to compare with &apos;false&apos;." evidence="			if(resultEmail == &quot;false&quot; || resultEmail == false){" severity="High"/>
        <issue line="220" char="26" reason="Use &apos;!==&apos; to compare with &apos;&apos;." evidence="				if(value != &quot;&quot;){" severity="High"/>
        <issue line="221" char="63" reason="Bad escaping." evidence="					var pattEmail = new RegExp(&quot;^([a-zA-Z0-9_\.\-])+\@(([a-zA-Z0-9\-])+\.)+([a-zA-Z0-9]{2,4})+$&quot;);" severity="High"/>
        <issue line="221" char="65" reason="Bad escaping." evidence="					var pattEmail = new RegExp(&quot;^([a-zA-Z0-9_\.\-])+\@(([a-zA-Z0-9\-])+\.)+([a-zA-Z0-9]{2,4})+$&quot;);" severity="High"/>
        <issue line="221" char="70" reason="Bad escaping." evidence="					var pattEmail = new RegExp(&quot;^([a-zA-Z0-9_\.\-])+\@(([a-zA-Z0-9\-])+\.)+([a-zA-Z0-9]{2,4})+$&quot;);" severity="High"/>
        <issue line="221" char="84" reason="Bad escaping." evidence="					var pattEmail = new RegExp(&quot;^([a-zA-Z0-9_\.\-])+\@(([a-zA-Z0-9\-])+\.)+([a-zA-Z0-9]{2,4})+$&quot;);" severity="High"/>
        <issue line="221" char="89" reason="Bad escaping." evidence="					var pattEmail = new RegExp(&quot;^([a-zA-Z0-9_\.\-])+\@(([a-zA-Z0-9\-])+\.)+([a-zA-Z0-9]{2,4})+$&quot;);" severity="High"/>
        <issue line="223" char="62" reason="Use &apos;===&apos; to compare with &apos;false&apos;." evidence="					if(resultEmail == &quot;false&quot; || resultEmail == false){" severity="High"/>
        <issue line="247" char="48" reason="Use &apos;===&apos; to compare with &apos;false&apos;." evidence="				if(result == &quot;false&quot; || result == false){" severity="High"/>
        <issue line="293" char="10" reason="Unnecessary semicolon." evidence="		};" severity="High"/>
        <issue line="313" char="11" reason="Missing semicolon." evidence="		})" severity="Medium"/>
        <issue line="315" char="6" reason="Missing semicolon." evidence="	}" severity="Medium"/>
        <issue line="327" char="10" reason="Unnecessary semicolon." evidence="		};" severity="High"/>
        <issue line="410" char="10" reason="Unnecessary semicolon." evidence="		};" severity="High"/>
        <issue line="416" char="6" reason="Missing semicolon." evidence="	}" severity="Medium"/>
        <issue line="505" char="6" reason="Missing semicolon." evidence="	}" severity="Medium"/>
        <issue line="532" char="6" reason="Missing semicolon." evidence="	}" severity="Medium"/>
        <issue line="550" char="6" reason="Missing semicolon." evidence="	}" severity="Medium"/>
        <issue line="567" char="6" reason="Missing semicolon." evidence="	}" severity="Medium"/>
        <issue line="583" char="10" reason="Unnecessary semicolon." evidence="		};" severity="High"/>
        <issue line="602" char="6" reason="Missing semicolon." evidence="	}" severity="Medium"/>
        <issue line="614" char="18" reason="Unnecessary semicolon." evidence="				};" severity="High"/>
        <issue line="617" char="14" reason="Unnecessary semicolon." evidence="			};" severity="High"/>
        <issue line="619" char="6" reason="Missing semicolon." evidence="	} " severity="Medium"/>
        <issue line="628" char="18" reason="Unnecessary semicolon." evidence="				};" severity="High"/>
        <issue line="633" char="6" reason="Missing semicolon." evidence="	} " severity="Medium"/>
        <issue line="643" char="18" reason="Unnecessary semicolon." evidence="				};" severity="High"/>
        <issue line="646" char="14" reason="Unnecessary semicolon." evidence="			};" severity="High"/>
        <issue line="648" char="6" reason="Missing semicolon." evidence="	} " severity="Medium"/>
        <issue line="656" char="18" reason="Unnecessary semicolon." evidence="				};" severity="High"/>
        <issue line="659" char="14" reason="Unnecessary semicolon." evidence="			};" severity="High"/>
        <issue line="661" char="6" reason="Missing semicolon." evidence="	} " severity="Medium"/>
        <issue line="669" char="18" reason="Unnecessary semicolon." evidence="				};" severity="High"/>
        <issue line="672" char="14" reason="Unnecessary semicolon." evidence="			};" severity="High"/>
        <issue line="676" char="6" reason="Missing semicolon." evidence="	} " severity="Medium"/>
        <issue line="692" char="22" reason="Confusing use of &apos;!&apos;." evidence="		phoneIndex = !Boolean(allPhones.length)===true?index:phoneIndex;" severity="High"/>
        <issue line="699" char="1" reason="Mixed spaces and tabs." evidence="	 				index--;" severity="Low"/>
        <issue line="700" char="1" reason="Mixed spaces and tabs." evidence="	 				phoneIndex--;" severity="Low"/>
        <issue line="701" char="1" reason="Mixed spaces and tabs." evidence="	 				phoneLength--;" severity="Low"/>
        <issue line="702" char="1" reason="Mixed spaces and tabs." evidence="	 				form.update();" severity="Low"/>
        <issue line="758" char="6" reason="Missing semicolon." evidence="	}" severity="Medium"/>
        <issue line="784" char="1" reason="Mixed spaces and tabs." evidence="	 				index--;" severity="Low"/>
        <issue line="785" char="1" reason="Mixed spaces and tabs." evidence="	 				faxLength--;" severity="Low"/>
        <issue line="786" char="1" reason="Mixed spaces and tabs." evidence="	 				form.update();" severity="Low"/>
        <issue line="808" char="10" reason="Unnecessary semicolon." evidence="		};" severity="High"/>
        <issue line="818" char="10" reason="Unnecessary semicolon." evidence="		};" severity="High"/>
        <issue line="838" char="6" reason="Missing semicolon." evidence="	}" severity="Medium"/>
        <issue line="863" char="1" reason="Mixed spaces and tabs." evidence="	 				index--;" severity="Low"/>
        <issue line="864" char="1" reason="Mixed spaces and tabs." evidence="	 				msgLength--;" severity="Low"/>
        <issue line="865" char="1" reason="Mixed spaces and tabs." evidence="	 				form.update();" severity="Low"/>
        <issue line="887" char="10" reason="Unnecessary semicolon." evidence="		};" severity="High"/>
        <issue line="897" char="10" reason="Unnecessary semicolon." evidence="		};" severity="High"/>
        <issue line="917" char="6" reason="Missing semicolon." evidence="	}" severity="Medium"/>
        <issue line="942" char="1" reason="Mixed spaces and tabs." evidence="	 				index--;" severity="Low"/>
        <issue line="943" char="1" reason="Mixed spaces and tabs." evidence="	 				emailLength--;" severity="Low"/>
        <issue line="944" char="1" reason="Mixed spaces and tabs." evidence="	 				form.update();" severity="Low"/>
        <issue line="945" char="1" reason="Mixed spaces and tabs." evidence="	 		" severity="Low"/>
        <issue line="979" char="10" reason="Unnecessary semicolon." evidence="		};" severity="High"/>
        <issue line="1020" char="6" reason="Missing semicolon." evidence="	}" severity="Medium"/>
        <issue line="1045" char="1" reason="Mixed spaces and tabs." evidence="	 				index--;" severity="Low"/>
        <issue line="1046" char="1" reason="Mixed spaces and tabs." evidence="	 				addressLength--;" severity="Low"/>
        <issue line="1047" char="1" reason="Mixed spaces and tabs." evidence="	 				form.update();" severity="Low"/>
        <issue line="1062" char="10" reason="Unnecessary semicolon." evidence="		};" severity="High"/>
        <issue line="1076" char="10" reason="Unnecessary semicolon." evidence="		};" severity="High"/>
        <issue line="1109" char="6" reason="Missing semicolon." evidence="	}" severity="Medium"/>
        <issue line="1130" char="6" reason="Missing semicolon." evidence="	}" severity="Medium"/>
        <issue line="1150" char="6" reason="Missing semicolon." evidence="	}" severity="Medium"/>
        <issue line="1160" char="10" reason="Unnecessary semicolon." evidence="		};" severity="High"/>
        <issue line="1161" char="6" reason="Missing semicolon." evidence="	}" severity="Medium"/>
        <issue line="1166" char="6" reason="Missing semicolon." evidence="	}" severity="Medium"/>
        <issue line="1179" char="10" reason="Unnecessary semicolon." evidence="		};" severity="High"/>
        <issue line="1181" char="6" reason="Missing semicolon." evidence="	}" severity="Medium"/>
        <issue line="1201" char="14" reason="Unnecessary semicolon." evidence="			};" severity="High"/>
        <issue line="1209" char="14" reason="Unnecessary semicolon." evidence="			};" severity="High"/>
        <issue line="1225" char="14" reason="Unnecessary semicolon." evidence="			};" severity="High"/>
        <issue line="1233" char="14" reason="Unnecessary semicolon." evidence="			};" severity="High"/>
        <issue line="1237" char="10" reason="Unnecessary semicolon." evidence="		};" severity="High"/>
        <issue line="1242" char="6" reason="Missing semicolon." evidence="	}" severity="Medium"/>
        <issue line="19" char="9" reason="&apos;option&apos; is not defined." evidence="		option = params.option || undefined;" severity="High"/>
        <issue line="35" char="12" reason="&apos;option&apos; is not defined." evidence="		if(option &amp;&amp; option.nodeTag!=&apos;all&apos;){" severity="High"/>
        <issue line="35" char="22" reason="&apos;option&apos; is not defined." evidence="		if(option &amp;&amp; option.nodeTag!=&apos;all&apos;){" severity="High"/>
        <issue line="37" char="23" reason="&apos;option&apos; is not defined." evidence="				{name:option.name,handler:function(){" severity="High"/>
        <issue line="41" char="34" reason="&apos;option&apos; is not defined." evidence="							uuid:option.uuid," severity="High"/>
        <issue line="42" char="34" reason="&apos;option&apos; is not defined." evidence="							name:option.name," severity="High"/>
        <issue line="43" char="36" reason="&apos;option&apos; is not defined." evidence="							option:option" severity="High"/>
        <issue line="211" char="13" reason="&apos;console&apos; is not defined." evidence="			console.log(111 + col[&apos;combo&apos;].getValue());" severity="High"/>
        <issue line="953" char="110" reason="&apos;defaultLabel&apos; is not defined." evidence="			var bnObj = me.updateSumitData(self,emailCol,allEmails,addBtn,deldanweiZhizilabel,&apos;emailDefault&apos;,defaultLabel,emailText);" severity="High"/>
        <issue line="1014" char="17" reason="&apos;defaultLabel&apos; is not defined." evidence="				defaultLabel.setCls(&apos;finish_sign&apos;);" severity="High"/>
    </file>
    <file name="D:\Jenkins\jobs\test\workspace\src\gmyContact\personContact\relativeOpen\giveSort.js">
        <issue line="31" char="1" reason="Mixed spaces and tabs." evidence="			        	var form = me.mod.main.get(&apos;giveSortForPerson_id&apos;);" severity="Low"/>
        <issue line="71" char="1" reason="Mixed spaces and tabs." evidence="			        	var form = me.mod.main.get(&apos;giveSortForPerson_id&apos;);" severity="Low"/>
        <issue line="89" char="6" reason="Missing semicolon." evidence="	}" severity="Medium"/>
        <issue line="176" char="6" reason="Missing semicolon." evidence="	}" severity="Medium"/>
    </file>
    <file name="D:\Jenkins\jobs\test\workspace\src\gmyContact\personContact\relativeOpen\mergePerson.js">
        <issue line="6" char="1" reason="Mixed spaces and tabs." evidence=" * 		1.1 服务1： 是获取所有的要合并的联系人的uuid数组 ，例如后台数据：" severity="Low"/>
        <issue line="7" char="1" reason="Mixed spaces and tabs." evidence=" * 			&quot;data&quot;:[{&quot;uuids&quot;:[&quot;ffa01ed8-9913-49b5-8f14-290fee48ac96&quot;,&quot;6ed1fc8e-192c-4924-bfed-6161c8cac04d&quot;]},{&quot;uuids&quot;:[&quot;c09e1a3b-f214-4c4f-8d88-965d0bde1c51&quot;,&quot;e01ba7ac-423f-426f-ab6d-148b1d88e2f4&quot;]}]}" severity="Low"/>
        <issue line="8" char="1" reason="Mixed spaces and tabs." evidence=" * 			每一组uuids代表的是要合并的一组联系人,此例中共有2组要合并的联系人。" severity="Low"/>
        <issue line="9" char="1" reason="Mixed spaces and tabs." evidence=" * 		1.2 服务2： 是根据上面的一组uuids来获取这个组中所有的联系人的详细信息，比如：" severity="Low"/>
        <issue line="10" char="1" reason="Mixed spaces and tabs." evidence=" * 			&apos;data&apos;:[" severity="Low"/>
        <issue line="11" char="1" reason="Mixed spaces and tabs." evidence=" * 				{" severity="Low"/>
        <issue line="12" char="1" reason="Mixed spaces and tabs." evidence=" * 						uuid:&apos;ffa01ed8-9913-49b5-8f14-290fee48ac96&apos;," severity="Low"/>
        <issue line="13" char="1" reason="Mixed spaces and tabs." evidence=" * 						name:&apos;zhangsan&apos;," severity="Low"/>
        <issue line="14" char="1" reason="Mixed spaces and tabs." evidence=" * 						sex:&apos;男&apos;," severity="Low"/>
        <issue line="15" char="1" reason="Mixed spaces and tabs." evidence=" * 						deparment:&apos;部门1&apos;," severity="Low"/>
        <issue line="16" char="1" reason="Mixed spaces and tabs." evidence=" * 						remark:&apos;我是张三,家住汉口XXXX&apos;" severity="Low"/>
        <issue line="17" char="1" reason="Mixed spaces and tabs." evidence=" * 					" severity="Low"/>
        <issue line="18" char="1" reason="Mixed spaces and tabs." evidence=" * 				}," severity="Low"/>
        <issue line="19" char="1" reason="Mixed spaces and tabs." evidence=" * 				{" severity="Low"/>
        <issue line="20" char="1" reason="Mixed spaces and tabs." evidence=" * 						uuid:&apos;ffa01ed8-9913-49b5-8f14-290fee48ac96&apos;," severity="Low"/>
        <issue line="21" char="1" reason="Mixed spaces and tabs." evidence=" * 						name:&apos;zhangsan&apos;," severity="Low"/>
        <issue line="22" char="1" reason="Mixed spaces and tabs." evidence=" * 						sex:&apos;男&apos;," severity="Low"/>
        <issue line="23" char="1" reason="Mixed spaces and tabs." evidence=" * 						deparment:&apos;部门2&apos;," severity="Low"/>
        <issue line="24" char="1" reason="Mixed spaces and tabs." evidence=" * 						remark:&apos;我是张三,家住汉口YYYY&apos;" severity="Low"/>
        <issue line="25" char="1" reason="Mixed spaces and tabs." evidence=" * 					" severity="Low"/>
        <issue line="26" char="1" reason="Mixed spaces and tabs." evidence=" * 				}" severity="Low"/>
        <issue line="27" char="1" reason="Mixed spaces and tabs." evidence=" * 			]" severity="Low"/>
        <issue line="28" char="1" reason="Mixed spaces and tabs." evidence=" * 		1.3 服务3： 是获取数据字典信息，如后台数据：" severity="Low"/>
        <issue line="29" char="1" reason="Mixed spaces and tabs." evidence=" * 			{&quot;addresses&quot;:[&quot;常住地址&quot;,&quot;办公地址&quot;,&quot;家庭地址&quot;],&quot;emails&quot;:[&quot;办公邮箱&quot;,&quot;家庭邮箱&quot;,&quot;常用邮箱&quot;],&quot;faxes&quot;:[],&quot;messaginges&quot;:[&quot;QQ&quot;,&quot;MSN&quot;,&quot;新浪微博&quot;,&quot;腾讯微博&quot;],&quot;phones&quot;:[&quot;移动电话&quot;,&quot;办公固话&quot;,&quot;家庭固话&quot;]}" severity="Low"/>
        <issue line="30" char="1" reason="Mixed spaces and tabs." evidence=" * 			这些数据是combox的下拉框的数据，表示相应字段的可选择项。" severity="Low"/>
        <issue line="33" char="1" reason="Mixed spaces and tabs." evidence=" * 		2.1，首先请求服务1，在该服务的success的回调中创建合并页面的表头（me.createFirst），就是已经合并了多少组，还有多少组要合并！" severity="Low"/>
        <issue line="34" char="1" reason="Mixed spaces and tabs." evidence=" * 		2.2，在me.getMergePersonDetailInfo的方法中，请求服务2，获取要合并的联系人的详细信息，由于这些信息十一人为单位给到前台的，但是" severity="Low"/>
        <issue line="35" char="1" reason="Mixed spaces and tabs." evidence=" * 			合并页面是要从不同人的同一类信息（比如 部门）中让客户去选择一个，所以拿到后台给的数据后，我们要对数据进行横向遍历，把同一类信息提取出来" severity="Low"/>
        <issue line="36" char="1" reason="Mixed spaces and tabs." evidence=" * 			比如部门，然后放到合并页面的combox的数据中，让客户去选择一个，所以要先构造一个combox的数据：" severity="Low"/>
        <issue line="37" char="1" reason="Mixed spaces and tabs." evidence=" * 			[{name:&apos;部门1&apos;,value:&apos;部门1&apos;},{name:&apos;部门2&apos;,value:&apos;部门2&apos;}]" severity="Low"/>
        <issue line="38" char="1" reason="Mixed spaces and tabs." evidence=" * 			以此类推，需要对基本信息，联系信息进行遍历，然后组装成我们前台页面展示需要的数据。" severity="Low"/>
        <issue line="39" char="1" reason="Mixed spaces and tabs." evidence=" * 		2.3 在展示联系信息之前我们需要先调用获取数据字典的后台服务，在服务的回调中构建联系信息的布局！" severity="Low"/>
        <issue line="43" char="1" reason="Mixed spaces and tabs." evidence=" * 		4.1、由于页面是动态创建的，所以要想将页面的数据刷新，比较简单的方式，就是form.removeItemByIds(array ids)," severity="Low"/>
        <issue line="44" char="1" reason="Mixed spaces and tabs." evidence=" * 			因为刷新数据的时候页面上基本信息以上的布局是不会改变的，所以对于这个区域，标记colbar的id为&apos;_firstCol_&apos;," severity="Low"/>
        <issue line="45" char="1" reason="Mixed spaces and tabs." evidence=" * 			调用getItemFromArrayById方法获取该行在form的items的indexD，然后对form的items进行遍历，凡是index&gt;indexD" severity="Low"/>
        <issue line="46" char="1" reason="Mixed spaces and tabs." evidence=" * 			的item的Id都是被删除的对象，将这些Id存入一个数组delIds中，然后调用form.removeItemByIds(delIds),将这些对象从页面上清除掉;" severity="Low"/>
        <issue line="47" char="1" reason="Mixed spaces and tabs." evidence=" * 		4.2、将这个人的信息从数据对象中清除掉，然后使用新的数据对象来重新构建(me.createNextNameandImage(formData))页面的布局！" severity="Low"/>
        <issue line="49" char="1" reason="Mixed spaces and tabs." evidence=" * 			" severity="Low"/>
        <issue line="140" char="6" reason="Missing semicolon." evidence="	}" severity="Medium"/>
        <issue line="180" char="6" reason="Missing semicolon." evidence="	}" severity="Medium"/>
        <issue line="262" char="10" reason="Unnecessary semicolon." evidence="		};" severity="High"/>
        <issue line="302" char="22" reason="Unnecessary semicolon." evidence="					};" severity="High"/>
        <issue line="305" char="11" reason="Missing semicolon." evidence="		})" severity="Medium"/>
        <issue line="307" char="6" reason="Missing semicolon." evidence="	}" severity="Medium"/>
        <issue line="329" char="6" reason="Missing semicolon." evidence="	}" severity="Medium"/>
        <issue line="346" char="6" reason="Missing semicolon." evidence="	}" severity="Medium"/>
        <issue line="370" char="5" reason="Empty block." evidence="	}" severity="High"/>
        <issue line="370" char="6" reason="Missing semicolon." evidence="	}" severity="Medium"/>
        <issue line="394" char="26" reason="&apos;i&apos; is already defined." evidence="				for(var i=0;i&lt;cbxs.length;i++){" severity="High"/>
        <issue line="398" char="14" reason="Unnecessary semicolon." evidence="			};" severity="High"/>
        <issue line="435" char="6" reason="Missing semicolon." evidence="	}" severity="Medium"/>
        <issue line="451" char="18" reason="Unnecessary semicolon." evidence="				};" severity="High"/>
        <issue line="458" char="19" reason="&apos;v&apos; is already defined." evidence="			var v = me.checkIsExist(personDetailInfoArray,cuuid);" severity="High"/>
        <issue line="469" char="6" reason="Missing semicolon." evidence="	}" severity="Medium"/>
        <issue line="486" char="10" reason="Unnecessary semicolon." evidence="		};" severity="High"/>
        <issue line="523" char="10" reason="Unnecessary semicolon." evidence="		};" severity="High"/>
        <issue line="575" char="10" reason="Unnecessary semicolon." evidence="		};" severity="High"/>
        <issue line="583" char="6" reason="Missing semicolon." evidence="	}" severity="Medium"/>
        <issue line="678" char="6" reason="Missing semicolon." evidence="	}" severity="Medium"/>
        <issue line="698" char="6" reason="Missing semicolon." evidence="	}" severity="Medium"/>
        <issue line="716" char="6" reason="Missing semicolon." evidence="	}" severity="Medium"/>
        <issue line="734" char="6" reason="Missing semicolon." evidence="	}" severity="Medium"/>
        <issue line="758" char="10" reason="Unnecessary semicolon." evidence="		};" severity="High"/>
        <issue line="773" char="6" reason="Missing semicolon." evidence="	}" severity="Medium"/>
        <issue line="786" char="22" reason="&apos;i&apos; is already defined." evidence="			for(var i=0;i&lt;phones.length;i++){" severity="High"/>
        <issue line="792" char="14" reason="Unnecessary semicolon." evidence="			};" severity="High"/>
        <issue line="796" char="6" reason="Missing semicolon." evidence="	} " severity="Medium"/>
        <issue line="805" char="10" reason="Unnecessary semicolon." evidence="		};" severity="High"/>
        <issue line="808" char="22" reason="&apos;i&apos; is already defined." evidence="			for(var i=0;i&lt;faxes.length;i++){" severity="High"/>
        <issue line="818" char="6" reason="Missing semicolon." evidence="	} " severity="Medium"/>
        <issue line="828" char="10" reason="Unnecessary semicolon." evidence="		};" severity="High"/>
        <issue line="831" char="22" reason="&apos;i&apos; is already defined." evidence="			for(var i=0;i&lt;msgs.length;i++){" severity="High"/>
        <issue line="841" char="6" reason="Missing semicolon." evidence="	} " severity="Medium"/>
        <issue line="850" char="10" reason="Unnecessary semicolon." evidence="		};" severity="High"/>
        <issue line="853" char="22" reason="&apos;i&apos; is already defined." evidence="			for(var i=0;i&lt;emails.length;i++){" severity="High"/>
        <issue line="863" char="6" reason="Missing semicolon." evidence="	} " severity="Medium"/>
        <issue line="872" char="10" reason="Unnecessary semicolon." evidence="		};" severity="High"/>
        <issue line="875" char="22" reason="&apos;i&apos; is already defined." evidence="			for(var i=0;i&lt;addresses.length;i++){" severity="High"/>
        <issue line="885" char="6" reason="Missing semicolon." evidence="	} " severity="Medium"/>
        <issue line="902" char="22" reason="Confusing use of &apos;!&apos;." evidence="		phoneIndex = !Boolean(allPhones.length)===true?index:phoneIndex;" severity="High"/>
        <issue line="910" char="1" reason="Mixed spaces and tabs." evidence="	 				index--;" severity="Low"/>
        <issue line="911" char="1" reason="Mixed spaces and tabs." evidence="	 				phoneIndex--;" severity="Low"/>
        <issue line="912" char="1" reason="Mixed spaces and tabs." evidence="	 				phoneLength--;" severity="Low"/>
        <issue line="913" char="1" reason="Mixed spaces and tabs." evidence="	 				form.update();" severity="Low"/>
        <issue line="967" char="6" reason="Missing semicolon." evidence="	}" severity="Medium"/>
        <issue line="993" char="1" reason="Mixed spaces and tabs." evidence="	 				index--;" severity="Low"/>
        <issue line="994" char="1" reason="Mixed spaces and tabs." evidence="	 				faxLength--;" severity="Low"/>
        <issue line="995" char="1" reason="Mixed spaces and tabs." evidence="	 				form.update();" severity="Low"/>
        <issue line="1017" char="10" reason="Unnecessary semicolon." evidence="		};" severity="High"/>
        <issue line="1027" char="10" reason="Unnecessary semicolon." evidence="		};" severity="High"/>
        <issue line="1047" char="6" reason="Missing semicolon." evidence="	}" severity="Medium"/>
        <issue line="1072" char="1" reason="Mixed spaces and tabs." evidence="	 				index--;" severity="Low"/>
        <issue line="1073" char="1" reason="Mixed spaces and tabs." evidence="	 				msgLength--;" severity="Low"/>
        <issue line="1074" char="1" reason="Mixed spaces and tabs." evidence="	 				form.update();" severity="Low"/>
        <issue line="1095" char="10" reason="Unnecessary semicolon." evidence="		};" severity="High"/>
        <issue line="1105" char="10" reason="Unnecessary semicolon." evidence="		};" severity="High"/>
        <issue line="1125" char="6" reason="Missing semicolon." evidence="	}" severity="Medium"/>
        <issue line="1150" char="1" reason="Mixed spaces and tabs." evidence="	 				index--;" severity="Low"/>
        <issue line="1151" char="1" reason="Mixed spaces and tabs." evidence="	 				emailLength--;" severity="Low"/>
        <issue line="1152" char="1" reason="Mixed spaces and tabs." evidence="	 				form.update();" severity="Low"/>
        <issue line="1153" char="1" reason="Mixed spaces and tabs." evidence="	 		" severity="Low"/>
        <issue line="1187" char="10" reason="Unnecessary semicolon." evidence="		};" severity="High"/>
        <issue line="1228" char="6" reason="Missing semicolon." evidence="	}" severity="Medium"/>
        <issue line="1253" char="1" reason="Mixed spaces and tabs." evidence="	 				index--;" severity="Low"/>
        <issue line="1254" char="1" reason="Mixed spaces and tabs." evidence="	 				addressLength--;" severity="Low"/>
        <issue line="1255" char="1" reason="Mixed spaces and tabs." evidence="	 				form.update();" severity="Low"/>
        <issue line="1270" char="10" reason="Unnecessary semicolon." evidence="		};" severity="High"/>
        <issue line="1285" char="10" reason="Unnecessary semicolon." evidence="		};" severity="High"/>
        <issue line="1315" char="6" reason="Missing semicolon." evidence="	}" severity="Medium"/>
        <issue line="1336" char="6" reason="Missing semicolon." evidence="	}" severity="Medium"/>
        <issue line="1355" char="6" reason="Missing semicolon." evidence="	}" severity="Medium"/>
        <issue line="1366" char="10" reason="Unnecessary semicolon." evidence="		};" severity="High"/>
        <issue line="1367" char="6" reason="Missing semicolon." evidence="	}" severity="Medium"/>
        <issue line="1376" char="10" reason="Unnecessary semicolon." evidence="		};" severity="High"/>
        <issue line="1377" char="6" reason="Missing semicolon." evidence="	}" severity="Medium"/>
        <issue line="1387" char="10" reason="Unnecessary semicolon." evidence="		};" severity="High"/>
        <issue line="1388" char="6" reason="Missing semicolon." evidence="	}" severity="Medium"/>
        <issue line="1400" char="18" reason="Unnecessary semicolon." evidence="				};" severity="High"/>
        <issue line="1402" char="10" reason="Unnecessary semicolon." evidence="		};" severity="High"/>
        <issue line="1404" char="6" reason="Missing semicolon." evidence="	}" severity="Medium"/>
        <issue line="1420" char="14" reason="Unnecessary semicolon." evidence="			};" severity="High"/>
        <issue line="1421" char="10" reason="Unnecessary semicolon." evidence="		};" severity="High"/>
        <issue line="1423" char="6" reason="Missing semicolon." evidence="	}" severity="Medium"/>
        <issue line="1441" char="10" reason="Unnecessary semicolon." evidence="		};" severity="High"/>
        <issue line="1459" char="6" reason="Missing semicolon." evidence="	}" severity="Medium"/>
        <issue line="1470" char="9" reason="Empty block." evidence="		};	" severity="High"/>
        <issue line="1470" char="10" reason="Unnecessary semicolon." evidence="		};	" severity="High"/>
        <issue line="1471" char="6" reason="Missing semicolon." evidence="	}" severity="Medium"/>
        <issue line="1483" char="10" reason="Unnecessary semicolon." evidence="		};" severity="High"/>
        <issue line="1487" char="6" reason="Missing semicolon." evidence="	}" severity="Medium"/>
        <issue line="1496" char="10" reason="Unnecessary semicolon." evidence="		};" severity="High"/>
        <issue line="1497" char="6" reason="Missing semicolon." evidence="	}" severity="Medium"/>
        <issue line="1502" char="6" reason="Missing semicolon." evidence="	}" severity="Medium"/>
        <issue line="1516" char="10" reason="Unnecessary semicolon." evidence="		};" severity="High"/>
        <issue line="1518" char="6" reason="Missing semicolon." evidence="	}" severity="Medium"/>
        <issue line="1537" char="14" reason="Unnecessary semicolon." evidence="			};" severity="High"/>
        <issue line="1545" char="14" reason="Unnecessary semicolon." evidence="			};" severity="High"/>
        <issue line="1560" char="14" reason="Unnecessary semicolon." evidence="			};" severity="High"/>
        <issue line="1568" char="14" reason="Unnecessary semicolon." evidence="			};" severity="High"/>
        <issue line="1572" char="10" reason="Unnecessary semicolon." evidence="		};" severity="High"/>
        <issue line="1577" char="6" reason="Missing semicolon." evidence="	}" severity="Medium"/>
        <issue line="510" char="9" reason="&apos;radio1&apos; is not defined." evidence="		radio1 = new Gframe.controls.Radio({displayValue:&apos;男&apos;,value:&apos;M&apos;,checked:true},{cursor:&apos;pointer&apos;,width:&apos;max&apos;});" severity="High"/>
        <issue line="511" char="9" reason="&apos;radio2&apos; is not defined." evidence="		radio2 = new Gframe.controls.Radio({displayValue:&apos;女&apos;,value:&apos;W&apos;},{cursor:&apos;pointer&apos;,width:&apos;max&apos;});" severity="High"/>
        <issue line="512" char="23" reason="&apos;radio1&apos; is not defined." evidence="		group.addItem(radio1);" severity="High"/>
        <issue line="513" char="23" reason="&apos;radio2&apos; is not defined." evidence="		group.addItem(radio2);" severity="High"/>
        <issue line="1527" char="13" reason="&apos;msgText1&apos; is not defined." evidence="			msgText1 = new Gframe.controls.TextField({textAlign:&apos;left&apos;,leftHidden:true,width:&apos;max&apos;});" severity="High"/>
        <issue line="1528" char="26" reason="&apos;msgText1&apos; is not defined." evidence="			mCol.addItem(msgText1);" severity="High"/>
        <issue line="1548" char="23" reason="&apos;msgText1&apos; is not defined." evidence="			comboxK = msgText1;" severity="High"/>
        <issue line="1550" char="13" reason="&apos;msgText1&apos; is not defined." evidence="			msgText1[&apos;flag&apos;] = &apos;bySelf&apos;;//添加自定义的标识" severity="High"/>
        <issue line="1553" char="13" reason="&apos;msgtxt2&apos; is not defined." evidence="			msgtxt2 = new Gframe.controls.TextField({textAlign:&apos;left&apos;,leftHidden:true,width:&apos;max&apos;});" severity="High"/>
        <issue line="1554" char="26" reason="&apos;msgtxt2&apos; is not defined." evidence="			mCol.addItem(msgtxt2);" severity="High"/>
        <issue line="1571" char="20" reason="&apos;msgtxt2&apos; is not defined." evidence="			txtK = msgtxt2;" severity="High"/>
    </file>
    <file name="D:\Jenkins\jobs\test\workspace\src\gmyContact\personContact\relativeOpen\viewPerson.js">
        <issue line="63" char="6" reason="Missing semicolon." evidence="	}" severity="Medium"/>
        <issue line="74" char="10" reason="Unnecessary semicolon." evidence="		};" severity="High"/>
        <issue line="85" char="120" reason="Missing semicolon." evidence="		var sexMark = new Gframe.controls.Label({textAlign:&apos;left&apos;,height:33,textCls:&apos;title_font&apos;,value:&apos;性别：&apos;,width:60})" severity="Medium"/>
        <issue line="132" char="6" reason="Missing semicolon." evidence="	}" severity="Medium"/>
        <issue line="211" char="6" reason="Missing semicolon." evidence="	}" severity="Medium"/>
        <issue line="231" char="6" reason="Missing semicolon." evidence="	}" severity="Medium"/>
        <issue line="246" char="21" reason="Use &apos;===&apos; to compare with &apos;0&apos;." evidence="				if(i==0){" severity="High"/>
        <issue line="250" char="18" reason="Unnecessary semicolon." evidence="				};" severity="High"/>
        <issue line="257" char="14" reason="Unnecessary semicolon." evidence="			};" severity="High"/>
        <issue line="266" char="22" reason="&apos;i&apos; is already defined." evidence="			for(var i=0;i&lt;faxes.length;i++){" severity="High"/>
        <issue line="268" char="29" reason="&apos;keyabel&apos; is already defined." evidence="				var keyabel = new Gframe.controls.Label({textAlign:&apos;left&apos;,height:33,width:&apos;max&apos;,value:fax.key});" severity="High"/>
        <issue line="269" char="32" reason="&apos;valueLabel&apos; is already defined." evidence="				var valueLabel = new Gframe.controls.Label({textAlign:&apos;left&apos;,height:33,width:&apos;max&apos;,value:fax.value});" severity="High"/>
        <issue line="270" char="25" reason="&apos;col&apos; is already defined." evidence="				var col = new Colbar({cols:[],align:&apos;left&apos;},{width:&apos;max&apos;,height:33});" severity="High"/>
        <issue line="272" char="21" reason="Use &apos;===&apos; to compare with &apos;0&apos;." evidence="				if(i==0){" severity="High"/>
        <issue line="276" char="18" reason="Unnecessary semicolon." evidence="				};" severity="High"/>
        <issue line="283" char="14" reason="Unnecessary semicolon." evidence="			};" severity="High"/>
        <issue line="292" char="22" reason="&apos;i&apos; is already defined." evidence="			for(var i=0;i&lt;messaginges.length;i++){" severity="High"/>
        <issue line="294" char="29" reason="&apos;keyabel&apos; is already defined." evidence="				var keyabel = new Gframe.controls.Label({textAlign:&apos;left&apos;,height:33,width:&apos;max&apos;,value:msg.key});" severity="High"/>
        <issue line="295" char="32" reason="&apos;valueLabel&apos; is already defined." evidence="				var valueLabel = new Gframe.controls.Label({textAlign:&apos;left&apos;,height:33,width:&apos;max&apos;,value:msg.value});" severity="High"/>
        <issue line="296" char="25" reason="&apos;col&apos; is already defined." evidence="				var col = new Colbar({cols:[],align:&apos;left&apos;},{width:&apos;max&apos;,height:33});" severity="High"/>
        <issue line="298" char="21" reason="Use &apos;===&apos; to compare with &apos;0&apos;." evidence="				if(i==0){" severity="High"/>
        <issue line="302" char="18" reason="Unnecessary semicolon." evidence="				};" severity="High"/>
        <issue line="309" char="14" reason="Unnecessary semicolon." evidence="			};" severity="High"/>
        <issue line="337" char="22" reason="&apos;i&apos; is already defined." evidence="			for(var i=0;i&lt;emails.length;i++){" severity="High"/>
        <issue line="339" char="29" reason="&apos;keyabel&apos; is already defined." evidence="				var keyabel = new Gframe.controls.Label({textAlign:&apos;left&apos;,height:33,width:&apos;max&apos;,value:email.key});" severity="High"/>
        <issue line="340" char="32" reason="&apos;valueLabel&apos; is already defined." evidence="				var valueLabel = new Gframe.controls.Label({textAlign:&apos;left&apos;,height:33,width:&apos;max&apos;,value:email.value});" severity="High"/>
        <issue line="341" char="25" reason="&apos;col&apos; is already defined." evidence="				var col = new Colbar({cols:[],align:&apos;left&apos;},{width:&apos;max&apos;,height:33});" severity="High"/>
        <issue line="347" char="18" reason="Unnecessary semicolon." evidence="				};" severity="High"/>
        <issue line="354" char="14" reason="Unnecessary semicolon." evidence="			};" severity="High"/>
        <issue line="363" char="22" reason="&apos;i&apos; is already defined." evidence="			for(var i=0;i&lt;addresses.length;i++){" severity="High"/>
        <issue line="365" char="29" reason="&apos;keyabel&apos; is already defined." evidence="				var keyabel = new Gframe.controls.Label({textAlign:&apos;left&apos;,height:33,width:&apos;max&apos;,value:address.key});" severity="High"/>
        <issue line="367" char="32" reason="&apos;valueLabel&apos; is already defined." evidence="				var valueLabel = new Gframe.controls.Label({textAlign:&apos;left&apos;,height:33,width:&apos;max&apos;,value:address.value});" severity="High"/>
        <issue line="369" char="25" reason="&apos;col&apos; is already defined." evidence="				var col = new Colbar({cols:[],align:&apos;left&apos;},{width:&apos;max&apos;,height:33});" severity="High"/>
        <issue line="371" char="21" reason="Use &apos;===&apos; to compare with &apos;0&apos;." evidence="				if(i==0){" severity="High"/>
        <issue line="375" char="18" reason="Unnecessary semicolon." evidence="				};" severity="High"/>
        <issue line="386" char="14" reason="Unnecessary semicolon." evidence="			};" severity="High"/>
        <issue line="395" char="6" reason="Missing semicolon." evidence="	}" severity="Medium"/>
        <issue line="412" char="6" reason="Missing semicolon." evidence="	}" severity="Medium"/>
        <issue line="430" char="6" reason="Missing semicolon." evidence="	}" severity="Medium"/>
        <issue line="431" char="3" reason="Missing semicolon." evidence="})" severity="Medium"/>
    </file>
    <file name="D:\Jenkins\jobs\test\workspace\src\gmyContact\personTonXun\buildNewPersonContact.js">
        <issue line="16" char="61" reason="Missing semicolon." evidence="		var lastPersContactName = params.lastPersContactName //&apos;我的联系人&apos;" severity="Medium"/>
        <issue line="23" char="18" reason="Missing semicolon." evidence="				]" severity="Medium"/>
        <issue line="32" char="18" reason="Missing semicolon." evidence="				]" severity="Medium"/>
        <issue line="182" char="6" reason="Missing semicolon." evidence="	}" severity="Medium"/>
        <issue line="212" char="6" reason="Missing semicolon." evidence="	}" severity="Medium"/>
        <issue line="330" char="6" reason="Missing semicolon." evidence="	} " severity="Medium"/>
        <issue line="364" char="6" reason="Missing semicolon." evidence="	}" severity="Medium"/>
        <issue line="370" char="6" reason="Missing semicolon." evidence="	}" severity="Medium"/>
    </file>
    <file name="D:\Jenkins\jobs\test\workspace\src\gmyContact\personTonXun\contact.js">
        <issue line="5" char="7" reason="Missing semicolon." evidence="	})" severity="Medium"/>
        <issue line="135" char="11" reason="Missing semicolon." evidence="		})" severity="Medium"/>
        <issue line="136" char="6" reason="Missing semicolon." evidence="	}" severity="Medium"/>
        <issue line="146" char="1" reason="Mixed spaces and tabs." evidence="		var rowleft = new Rowbar({},{width:100}); 	//左列" severity="Low"/>
        <issue line="218" char="6" reason="Missing semicolon." evidence="	} " severity="Medium"/>
        <issue line="248" char="23" reason="Missing semicolon." evidence="					})" severity="Medium"/>
        <issue line="253" char="11" reason="Missing semicolon." evidence="		})" severity="Medium"/>
        <issue line="254" char="6" reason="Missing semicolon." evidence="	}" severity="Medium"/>
        <issue line="242" char="21" reason="&apos;titleValueFlag&apos; is not defined." evidence="					titleValueFlag = null;" severity="High"/>
        <issue line="243" char="21" reason="&apos;titleValue&apos; is not defined." evidence="					titleValue = null;" severity="High"/>
    </file>
    <file name="D:\Jenkins\jobs\test\workspace\src\gmyContact\personTonXun\editPersonalDetaiInfo.js">
        <issue line="2" char="1" reason="Mixed spaces and tabs." evidence=" * 	我的通讯论中和我的联系人平级的个人 编辑" severity="Low"/>
        <issue line="30" char="18" reason="Missing semicolon." evidence="				]" severity="Medium"/>
        <issue line="39" char="18" reason="Missing semicolon." evidence="				]" severity="Medium"/>
        <issue line="195" char="6" reason="Missing semicolon." evidence="	}" severity="Medium"/>
        <issue line="230" char="6" reason="Missing semicolon." evidence="	}" severity="Medium"/>
        <issue line="274" char="113" reason="Duplicate key &apos;value&apos;." evidence="		var nameText5 = new Gframe.controls.TextField({leftHidden:true,value:&apos;&apos;,name:&apos;company&apos;,width:&apos;max&apos;,value:obj.company});" severity="High"/>
        <issue line="291" char="118" reason="Duplicate key &apos;value&apos;." evidence="		var nameText1 = new Gframe.controls.TextField({leftHidden:true,value:&apos;&apos;,name:&apos;organization&apos;,width:&apos;max&apos;,value:obj.organization});" severity="High"/>
        <issue line="293" char="113" reason="Duplicate key &apos;value&apos;." evidence="		var nameText2= new Gframe.controls.TextField({leftHidden:true,value:&apos;&apos;,name:&apos;position&apos;,width:&apos;max&apos;,value:obj.position});" severity="High"/>
        <issue line="360" char="6" reason="Missing semicolon." evidence="	} " severity="Medium"/>
        <issue line="383" char="23" reason="Missing semicolon." evidence="					})" severity="Medium"/>
        <issue line="389" char="6" reason="Missing semicolon." evidence="	}" severity="Medium"/>
        <issue line="396" char="15" reason="Missing semicolon." evidence="			})" severity="Medium"/>
        <issue line="398" char="6" reason="Missing semicolon." evidence="	}" severity="Medium"/>
    </file>
    <file name="D:\Jenkins\jobs\test\workspace\src\gmyContact\personTonXun\persongerenTonxunLu.js">
        <issue line="23" char="30" reason="Missing semicolon." evidence="							}" severity="Medium"/>
        <issue line="28" char="25" reason="Empty block." evidence="						}	" severity="High"/>
        <issue line="29" char="22" reason="Missing semicolon." evidence="					}" severity="Medium"/>
        <issue line="52" char="6" reason="Missing semicolon." evidence="	}	" severity="Medium"/>
        <issue line="115" char="6" reason="Missing semicolon." evidence="	}" severity="Medium"/>
        <issue line="167" char="6" reason="Missing semicolon." evidence="	}" severity="Medium"/>
        <issue line="194" char="6" reason="Missing semicolon." evidence="	}" severity="Medium"/>
        <issue line="214" char="11" reason="Missing semicolon." evidence="		})" severity="Medium"/>
        <issue line="310" char="6" reason="Missing semicolon." evidence="	}" severity="Medium"/>
        <issue line="327" char="11" reason="Missing semicolon." evidence="		})" severity="Medium"/>
        <issue line="417" char="6" reason="Missing semicolon." evidence="	}" severity="Medium"/>
        <issue line="466" char="11" reason="Missing semicolon." evidence="		})" severity="Medium"/>
        <issue line="468" char="6" reason="Missing semicolon." evidence="	}" severity="Medium"/>
        <issue line="484" char="17" reason="Expected a &apos;break&apos; statement before &apos;case&apos;." evidence="				}" severity="High"/>
        <issue line="493" char="17" reason="Expected a &apos;break&apos; statement before &apos;case&apos;." evidence="				}" severity="High"/>
        <issue line="522" char="6" reason="Missing semicolon." evidence="	}" severity="Medium"/>
        <issue line="570" char="6" reason="Missing semicolon." evidence="	}" severity="Medium"/>
        <issue line="588" char="11" reason="Missing semicolon." evidence="		})" severity="Medium"/>
        <issue line="595" char="11" reason="Missing semicolon." evidence="		})" severity="Medium"/>
        <issue line="624" char="6" reason="Missing semicolon." evidence="	}" severity="Medium"/>
        <issue line="629" char="6" reason="Missing semicolon." evidence="	}" severity="Medium"/>
        <issue line="659" char="6" reason="Missing semicolon." evidence="	}" severity="Medium"/>
        <issue line="733" char="11" reason="Missing semicolon." evidence="		})" severity="Medium"/>
        <issue line="737" char="6" reason="Missing semicolon." evidence="	}" severity="Medium"/>
        <issue line="761" char="6" reason="Missing semicolon." evidence="	}" severity="Medium"/>
        <issue line="773" char="6" reason="Missing semicolon." evidence="	}" severity="Medium"/>
        <issue line="790" char="6" reason="Missing semicolon." evidence="	}" severity="Medium"/>
    </file>
    <file name="D:\Jenkins\jobs\test\workspace\src\gmyContact\personTonXun\viewOrgContactDetailInfo.js">
        <issue line="2" char="1" reason="Mixed spaces and tabs." evidence=" * 	‘我的通讯录’中‘我的联系人’的查看操作" severity="Low"/>
        <issue line="23" char="30" reason="Missing semicolon." evidence="							}" severity="Medium"/>
        <issue line="28" char="25" reason="Empty block." evidence="						}	" severity="High"/>
        <issue line="29" char="22" reason="Missing semicolon." evidence="					}" severity="Medium"/>
        <issue line="57" char="6" reason="Missing semicolon." evidence="	}" severity="Medium"/>
        <issue line="75" char="41" reason="Expected &apos;{&apos; and instead saw &apos;purview&apos;." evidence="				if(data.name == &apos;我的联系人&apos;)purview.impower = false;	" severity="High"/>
        <issue line="114" char="6" reason="Missing semicolon." evidence="	} " severity="Medium"/>
        <issue line="130" char="6" reason="Missing semicolon." evidence="	}" severity="Medium"/>
        <issue line="150" char="15" reason="Missing semicolon." evidence="			})" severity="Medium"/>
        <issue line="250" char="6" reason="Missing semicolon." evidence="	}" severity="Medium"/>
        <issue line="269" char="11" reason="Missing semicolon." evidence="		})" severity="Medium"/>
        <issue line="369" char="6" reason="Missing semicolon." evidence="	}" severity="Medium"/>
        <issue line="418" char="6" reason="Missing semicolon." evidence="	}" severity="Medium"/>
        <issue line="437" char="97" reason="Duplicate key &apos;itemId&apos;." evidence="						{xtype:&apos;label&apos;,textAlign:&apos;left&apos;,top:6,itemId:&apos;needImportRalConId&apos;,itemId:&apos;importFromFileRelateMan_itemid&apos;,width:&apos;max&apos;}," severity="High"/>
        <issue line="469" char="11" reason="Missing semicolon." evidence="		})" severity="Medium"/>
        <issue line="471" char="6" reason="Missing semicolon." evidence="	}" severity="Medium"/>
        <issue line="500" char="6" reason="Missing semicolon." evidence="	}" severity="Medium"/>
        <issue line="548" char="6" reason="Missing semicolon." evidence="	}" severity="Medium"/>
        <issue line="554" char="6" reason="Missing semicolon." evidence="	}" severity="Medium"/>
        <issue line="572" char="11" reason="Missing semicolon." evidence="		})" severity="Medium"/>
        <issue line="579" char="11" reason="Missing semicolon." evidence="		})" severity="Medium"/>
        <issue line="610" char="6" reason="Missing semicolon." evidence="	}" severity="Medium"/>
        <issue line="626" char="6" reason="Missing semicolon." evidence="	}" severity="Medium"/>
        <issue line="641" char="6" reason="Missing semicolon." evidence="	}" severity="Medium"/>
        <issue line="654" char="6" reason="Missing semicolon." evidence="	}" severity="Medium"/>
        <issue line="672" char="6" reason="Missing semicolon." evidence="	}" severity="Medium"/>
    </file>
    <file name="D:\Jenkins\jobs\test\workspace\src\gmyContact\personTonXun\viewPersonalDetaiInfo.js">
        <issue line="2" char="1" reason="Mixed spaces and tabs." evidence=" * 	我的通讯论中和我的联系人平级的个人 编辑" severity="Low"/>
        <issue line="20" char="61" reason="Missing semicolon." evidence="		var lastPersContactName = params.lastPersContactName //查看联系人详情的第三个节点" severity="Medium"/>
        <issue line="26" char="18" reason="Missing semicolon." evidence="				]" severity="Medium"/>
        <issue line="35" char="18" reason="Missing semicolon." evidence="				]" severity="Medium"/>
        <issue line="188" char="6" reason="Missing semicolon." evidence="	}" severity="Medium"/>
        <issue line="228" char="115" reason="Duplicate key &apos;value&apos;." evidence="		var nameText1 = new Gframe.controls.Label({value:&apos;&apos;,name:&apos;organization&apos;,textAlign:&apos;left&apos;,width:&apos;max&apos;,value:obj.organization});" severity="High"/>
        <issue line="297" char="6" reason="Missing semicolon." evidence="	} " severity="Medium"/>
        <issue line="376" char="6" reason="Missing semicolon." evidence="	} " severity="Medium"/>
        <issue line="272" char="9" reason="&apos;iconUuid&apos; is not defined." evidence="		iconUuid = obj.iconuuid;" severity="High"/>
        <issue line="273" char="12" reason="&apos;iconUuid&apos; is not defined." evidence="		if(iconUuid){" severity="High"/>
        <issue line="274" char="100" reason="&apos;iconUuid&apos; is not defined." evidence="			var hrefUrl = mc.downloadurl+&apos;?g_userName=&apos;+mc.username+&apos;&amp;g_token=&apos;+mc.token+&apos;&amp;uuid=&apos;+(iconUuid);" severity="High"/>
    </file>
    <file name="D:\Jenkins\jobs\test\workspace\src\gmyContact\serverpush.js">
        <issue line="2" char="5" reason="&apos;msgbox&apos; is not defined." evidence="	msgbox.on({" severity="High"/>
    </file>
    <file name="D:\Jenkins\jobs\test\workspace\src\gmyContact\servicelist.js">
        <issue line="40" char="6" reason="Missing semicolon." evidence="	}" severity="Medium"/>
        <issue line="45" char="6" reason="Missing semicolon." evidence="	}" severity="Medium"/>
        <issue line="92" char="6" reason="Missing semicolon." evidence="	}" severity="Medium"/>
        <issue line="120" char="6" reason="Missing semicolon." evidence="	}" severity="Medium"/>
        <issue line="130" char="6" reason="Missing semicolon." evidence="	}" severity="Medium"/>
        <issue line="164" char="6" reason="Missing semicolon." evidence="	}" severity="Medium"/>
        <issue line="192" char="6" reason="Missing semicolon." evidence="	}" severity="Medium"/>
        <issue line="228" char="6" reason="Missing semicolon." evidence="	}" severity="Medium"/>
        <issue line="259" char="6" reason="Missing semicolon." evidence="	}" severity="Medium"/>
        <issue line="308" char="6" reason="Missing semicolon." evidence="	} " severity="Medium"/>
        <issue line="316" char="6" reason="Missing semicolon." evidence="	} " severity="Medium"/>
        <issue line="344" char="6" reason="Missing semicolon." evidence="	}" severity="Medium"/>
        <issue line="373" char="6" reason="Missing semicolon." evidence="	}" severity="Medium"/>
        <issue line="401" char="6" reason="Missing semicolon." evidence="	}" severity="Medium"/>
        <issue line="430" char="6" reason="Missing semicolon." evidence="	}" severity="Medium"/>
        <issue line="454" char="6" reason="Missing semicolon." evidence="	}" severity="Medium"/>
        <issue line="481" char="6" reason="Missing semicolon." evidence="	}" severity="Medium"/>
        <issue line="513" char="6" reason="Missing semicolon." evidence="	}" severity="Medium"/>
        <issue line="541" char="6" reason="Missing semicolon." evidence="	}" severity="Medium"/>
        <issue line="586" char="6" reason="Missing semicolon." evidence="	}	" severity="Medium"/>
        <issue line="616" char="6" reason="Missing semicolon." evidence="	}" severity="Medium"/>
        <issue line="644" char="6" reason="Missing semicolon." evidence="	}" severity="Medium"/>
        <issue line="676" char="6" reason="Missing semicolon." evidence="	}" severity="Medium"/>
        <issue line="709" char="6" reason="Missing semicolon." evidence="	}" severity="Medium"/>
        <issue line="737" char="6" reason="Missing semicolon." evidence="	}" severity="Medium"/>
        <issue line="771" char="6" reason="Missing semicolon." evidence="	}" severity="Medium"/>
        <issue line="799" char="6" reason="Missing semicolon." evidence="	}" severity="Medium"/>
        <issue line="839" char="6" reason="Missing semicolon." evidence="	}" severity="Medium"/>
        <issue line="873" char="6" reason="Missing semicolon." evidence="	}" severity="Medium"/>
        <issue line="904" char="6" reason="Missing semicolon." evidence="	}" severity="Medium"/>
        <issue line="944" char="6" reason="Missing semicolon." evidence="	}" severity="Medium"/>
        <issue line="981" char="6" reason="Missing semicolon." evidence="	}" severity="Medium"/>
        <issue line="990" char="6" reason="Missing semicolon." evidence="	}" severity="Medium"/>
        <issue line="997" char="6" reason="Missing semicolon." evidence="	}" severity="Medium"/>
        <issue line="1004" char="6" reason="Missing semicolon." evidence="	}" severity="Medium"/>
        <issue line="1009" char="6" reason="Missing semicolon." evidence="	}" severity="Medium"/>
        <issue line="1034" char="6" reason="Missing semicolon." evidence="	}" severity="Medium"/>
        <issue line="1042" char="6" reason="Missing semicolon." evidence="	}" severity="Medium"/>
        <issue line="1047" char="6" reason="Missing semicolon." evidence="	}" severity="Medium"/>
        <issue line="1052" char="6" reason="Missing semicolon." evidence="	}" severity="Medium"/>
        <issue line="1058" char="6" reason="Missing semicolon." evidence="	}" severity="Medium"/>
        <issue line="1063" char="6" reason="Missing semicolon." evidence="	}" severity="Medium"/>
        <issue line="1068" char="6" reason="Missing semicolon." evidence="	}" severity="Medium"/>
        <issue line="1073" char="6" reason="Missing semicolon." evidence="	}" severity="Medium"/>
        <issue line="1078" char="6" reason="Missing semicolon." evidence="	}" severity="Medium"/>
        <issue line="1083" char="6" reason="Missing semicolon." evidence="	}" severity="Medium"/>
        <issue line="1088" char="6" reason="Missing semicolon." evidence="	}" severity="Medium"/>
        <issue line="1093" char="6" reason="Missing semicolon." evidence="	}" severity="Medium"/>
        <issue line="1098" char="6" reason="Missing semicolon." evidence="	}" severity="Medium"/>
        <issue line="1103" char="6" reason="Missing semicolon." evidence="	}" severity="Medium"/>
        <issue line="1108" char="6" reason="Missing semicolon." evidence="	}" severity="Medium"/>
        <issue line="1113" char="6" reason="Missing semicolon." evidence="	}" severity="Medium"/>
        <issue line="1118" char="6" reason="Missing semicolon." evidence="	}" severity="Medium"/>
        <issue line="1123" char="6" reason="Missing semicolon." evidence="	}" severity="Medium"/>
        <issue line="1129" char="6" reason="Missing semicolon." evidence="	}" severity="Medium"/>
        <issue line="1135" char="6" reason="Missing semicolon." evidence="	}" severity="Medium"/>
        <issue line="1141" char="6" reason="Missing semicolon." evidence="	}" severity="Medium"/>
        <issue line="1146" char="6" reason="Missing semicolon." evidence="	}" severity="Medium"/>
        <issue line="1151" char="6" reason="Missing semicolon." evidence="	}" severity="Medium"/>
        <issue line="1158" char="6" reason="Missing semicolon." evidence="	}" severity="Medium"/>
        <issue line="1164" char="6" reason="Missing semicolon." evidence="	}" severity="Medium"/>
        <issue line="1171" char="6" reason="Missing semicolon." evidence="	}" severity="Medium"/>
        <issue line="1177" char="6" reason="Missing semicolon." evidence="	}" severity="Medium"/>
        <issue line="1184" char="6" reason="Missing semicolon." evidence="	}" severity="Medium"/>
        <issue line="1190" char="6" reason="Missing semicolon." evidence="	}" severity="Medium"/>
        <issue line="1196" char="6" reason="Missing semicolon." evidence="	}" severity="Medium"/>
        <issue line="1203" char="6" reason="Missing semicolon." evidence="	}" severity="Medium"/>
        <issue line="1209" char="6" reason="Missing semicolon." evidence="	}" severity="Medium"/>
        <issue line="1216" char="6" reason="Missing semicolon." evidence="	}" severity="Medium"/>
        <issue line="1225" char="6" reason="Missing semicolon." evidence="    }" severity="Medium"/>
        <issue line="1232" char="6" reason="Missing semicolon." evidence="    }" severity="Medium"/>
        <issue line="1262" char="6" reason="Missing semicolon." evidence="	}" severity="Medium"/>
        <issue line="1270" char="6" reason="Missing semicolon." evidence="	}" severity="Medium"/>
        <issue line="1304" char="1" reason="Mixed spaces and tabs." evidence=" 	" severity="Low"/>
        <issue line="1303" char="6" reason="Missing semicolon." evidence="	}" severity="Medium"/>
        <issue line="1353" char="6" reason="Missing semicolon." evidence="	}" severity="Medium"/>
        <issue line="1383" char="6" reason="Missing semicolon." evidence="	}" severity="Medium"/>
        <issue line="1410" char="6" reason="Missing semicolon." evidence="	}" severity="Medium"/>
        <issue line="1486" char="6" reason="Missing semicolon." evidence="	}" severity="Medium"/>
        <issue line="1518" char="6" reason="Missing semicolon." evidence="	}" severity="Medium"/>
        <issue line="1567" char="6" reason="Missing semicolon." evidence="	}" severity="Medium"/>
        <issue line="1617" char="6" reason="Missing semicolon." evidence="	}" severity="Medium"/>
        <issue line="1647" char="6" reason="Missing semicolon." evidence="	}" severity="Medium"/>
        <issue line="1672" char="6" reason="Missing semicolon." evidence="	}" severity="Medium"/>
        <issue line="1700" char="6" reason="Missing semicolon." evidence="	}" severity="Medium"/>
        <issue line="1725" char="6" reason="Missing semicolon." evidence="	}" severity="Medium"/>
        <issue line="1783" char="1" reason="Mixed spaces and tabs." evidence=" 	this.gmyContact_contactFolder_contactFolder_reflectPage_defaultView  = {" severity="Low"/>
        <issue line="1754" char="6" reason="Missing semicolon." evidence="	}" severity="Medium"/>
        <issue line="1788" char="6" reason="Missing semicolon." evidence="	}" severity="Medium"/>
        <issue line="1819" char="6" reason="Missing semicolon." evidence="	}" severity="Medium"/>
        <issue line="1850" char="6" reason="Missing semicolon." evidence="	}" severity="Medium"/>
        <issue line="1857" char="10" reason="Missing semicolon." evidence="		}" severity="Medium"/>
        <issue line="1888" char="6" reason="Missing semicolon." evidence="	}" severity="Medium"/>
        <issue line="1920" char="6" reason="Missing semicolon." evidence="	}" severity="Medium"/>
        <issue line="1947" char="6" reason="Missing semicolon." evidence="	}" severity="Medium"/>
        <issue line="1976" char="6" reason="Missing semicolon." evidence="	}" severity="Medium"/>
        <issue line="2005" char="6" reason="Missing semicolon." evidence="	}" severity="Medium"/>
        <issue line="2034" char="6" reason="Missing semicolon." evidence="	}" severity="Medium"/>
        <issue line="2041" char="6" reason="Missing semicolon." evidence="	}" severity="Medium"/>
    </file>
    <file name="D:\Jenkins\jobs\test\workspace\src\gmyContact\team\createTeam.js">
        <issue line="26" char="30" reason="Missing semicolon." evidence="							}" severity="Medium"/>
        <issue line="31" char="22" reason="Missing semicolon." evidence="					}" severity="Medium"/>
        <issue line="108" char="6" reason="Missing semicolon." evidence="	}" severity="Medium"/>
        <issue line="119" char="6" reason="Missing semicolon." evidence="	}" severity="Medium"/>
        <issue line="131" char="6" reason="Missing semicolon." evidence="	}" severity="Medium"/>
        <issue line="181" char="6" reason="Missing semicolon." evidence="	}" severity="Medium"/>
    </file>
    <file name="D:\Jenkins\jobs\test\workspace\src\gmyContact\team\serchPerson.js">
        <issue line="53" char="18" reason="Missing semicolon." evidence="				}" severity="Medium"/>
        <issue line="56" char="6" reason="Missing semicolon." evidence="	}" severity="Medium"/>
        <issue line="75" char="6" reason="Missing semicolon." evidence="	}" severity="Medium"/>
        <issue line="16" char="9" reason="&apos;teamUuid&apos; is not defined." evidence="		teamUuid = groupUuid;" severity="High"/>
        <issue line="67" char="22" reason="&apos;teamUuid&apos; is not defined." evidence="		o.teamUuid = teamUuid;" severity="High"/>
    </file>
    <file name="D:\Jenkins\jobs\test\workspace\src\gmyContact\team\serchPersonResult.js">
        <issue line="14" char="6" reason="Missing semicolon." evidence="	}" severity="Medium"/>
        <issue line="97" char="148" reason="Missing semicolon." evidence="				{header:&apos;图标&apos;,textHidden:true,mapping:&apos;phones&apos;,renderer:me.showMessage,cursor: &apos;pointer&apos;,handler:function(e,o){me.show(e,o,o.phones)},width:25,textAlign:&apos;left&apos;}," severity="Medium"/>
        <issue line="109" char="6" reason="Missing semicolon." evidence="	}" severity="Medium"/>
        <issue line="122" char="6" reason="Missing semicolon." evidence="	}" severity="Medium"/>
        <issue line="146" char="6" reason="Missing semicolon." evidence="	}" severity="Medium"/>
        <issue line="159" char="23" reason="Missing semicolon." evidence="			return &apos; &apos;" severity="Medium"/>
        <issue line="161" char="6" reason="Missing semicolon." evidence="	}" severity="Medium"/>
        <issue line="171" char="6" reason="Missing semicolon." evidence="	}" severity="Medium"/>
        <issue line="190" char="30" reason="Missing semicolon." evidence="			v.push(testLabel)" severity="Medium"/>
        <issue line="202" char="70" reason="Missing radix parameter." evidence="		targetXY.y = targetXY.y+parseInt(record.getdom().style.height);" severity="High"/>
        <issue line="204" char="6" reason="Missing semicolon." evidence="	}" severity="Medium"/>
        <issue line="223" char="23" reason="Missing semicolon." evidence="					})" severity="Medium"/>
        <issue line="234" char="27" reason="Missing semicolon." evidence="						})" severity="Medium"/>
        <issue line="241" char="11" reason="Missing semicolon." evidence="		})" severity="Medium"/>
        <issue line="242" char="6" reason="Missing semicolon." evidence="	}" severity="Medium"/>
        <issue line="265" char="6" reason="Missing semicolon." evidence="	}" severity="Medium"/>
        <issue line="306" char="11" reason="Missing semicolon." evidence="		})" severity="Medium"/>
        <issue line="307" char="6" reason="Missing semicolon." evidence="	}" severity="Medium"/>
        <issue line="317" char="6" reason="Missing semicolon." evidence="	}" severity="Medium"/>
        <issue line="324" char="6" reason="Missing semicolon." evidence="	}" severity="Medium"/>
        <issue line="330" char="6" reason="Missing semicolon." evidence="	}" severity="Medium"/>
        <issue line="343" char="6" reason="Missing semicolon." evidence="	}" severity="Medium"/>
        <issue line="356" char="6" reason="Missing semicolon." evidence="	}" severity="Medium"/>
        <issue line="367" char="6" reason="Missing semicolon." evidence="	}" severity="Medium"/>
        <issue line="70" char="25" reason="&apos;trackpath&apos; is not defined." evidence="						trackpath = [" severity="High"/>
        <issue line="74" char="29" reason="&apos;trackpath&apos; is not defined." evidence="							trackpath.push({name:teamName,handler:me.openTeam});" severity="High"/>
        <issue line="76" char="25" reason="&apos;trackpath&apos; is not defined." evidence="						trackpath.push({name:&apos;搜索结果&apos;});" severity="High"/>
        <issue line="77" char="45" reason="&apos;trackpath&apos; is not defined." evidence="					me.mod.main.reloadTrack(trackpath);	" severity="High"/>
        <issue line="258" char="26" reason="&apos;targetUuid&apos; is not defined." evidence="					uuid:targetUuid," severity="High"/>
    </file>
    <file name="D:\Jenkins\jobs\test\workspace\src\gmyContact\team\teamGrid.js">
        <issue line="22" char="10" reason="Unnecessary semicolon." evidence="		};" severity="High"/>
        <issue line="99" char="147" reason="Missing semicolon." evidence="				{header:&apos;图标&apos;,textHidden:true,mapping:&apos;phones&apos;,textAlign:&apos;left&apos;,renderer:me.showMessage,handler:function(e,o){me.show(e,o,o.phones)},width:25,textAlign:&apos;left&apos;}," severity="Medium"/>
        <issue line="99" char="167" reason="Duplicate key &apos;textAlign&apos;." evidence="				{header:&apos;图标&apos;,textHidden:true,mapping:&apos;phones&apos;,textAlign:&apos;left&apos;,renderer:me.showMessage,handler:function(e,o){me.show(e,o,o.phones)},width:25,textAlign:&apos;left&apos;}," severity="High"/>
        <issue line="109" char="6" reason="Missing semicolon." evidence="	}" severity="Medium"/>
        <issue line="120" char="6" reason="Missing semicolon." evidence="	}" severity="Medium"/>
        <issue line="132" char="23" reason="Missing semicolon." evidence="			return &apos; &apos;" severity="Medium"/>
        <issue line="134" char="6" reason="Missing semicolon." evidence="	}" severity="Medium"/>
        <issue line="144" char="6" reason="Missing semicolon." evidence="	}" severity="Medium"/>
        <issue line="163" char="30" reason="Missing semicolon." evidence="			v.push(testLabel)" severity="Medium"/>
        <issue line="175" char="70" reason="Missing radix parameter." evidence="		targetXY.y = targetXY.y+parseInt(record.getdom().style.height);" severity="High"/>
        <issue line="177" char="6" reason="Missing semicolon." evidence="	}" severity="Medium"/>
        <issue line="196" char="23" reason="Missing semicolon." evidence="					})" severity="Medium"/>
        <issue line="207" char="27" reason="Missing semicolon." evidence="						})" severity="Medium"/>
        <issue line="214" char="11" reason="Missing semicolon." evidence="		})" severity="Medium"/>
        <issue line="215" char="6" reason="Missing semicolon." evidence="	}" severity="Medium"/>
        <issue line="222" char="6" reason="Missing semicolon." evidence="	}" severity="Medium"/>
        <issue line="233" char="6" reason="Missing semicolon." evidence="	}" severity="Medium"/>
        <issue line="245" char="6" reason="Missing semicolon." evidence="	}" severity="Medium"/>
        <issue line="258" char="6" reason="Missing semicolon." evidence="	}" severity="Medium"/>
        <issue line="300" char="11" reason="Missing semicolon." evidence="		})" severity="Medium"/>
        <issue line="301" char="6" reason="Missing semicolon." evidence="	}" severity="Medium"/>
        <issue line="304" char="19" reason="&apos;uuids&apos; is already defined." evidence="		var uuids = uuids;" severity="High"/>
        <issue line="314" char="10" reason="Unnecessary semicolon." evidence="		};" severity="High"/>
        <issue line="321" char="10" reason="Unnecessary semicolon." evidence="		};" severity="High"/>
        <issue line="327" char="103" reason="Missing semicolon." evidence="					{value:&apos;忽略&apos;,handler:function(){actFlag = &apos;1&apos;;me.goonCopy(actFlag,uuids,targetUuid)}}," severity="Medium"/>
        <issue line="328" char="103" reason="Missing semicolon." evidence="					{value:&apos;覆盖&apos;,handler:function(){actFlag = &apos;2&apos;;me.goonCopy(actFlag,uuids,targetUuid)}}," severity="Medium"/>
        <issue line="329" char="104" reason="Missing semicolon." evidence="					{value:&apos;重命名&apos;,handler:function(){actFlag = &apos;3&apos;;me.goonCopy(actFlag,uuids,targetUuid)}}," severity="Medium"/>
        <issue line="335" char="6" reason="Missing semicolon." evidence="	}" severity="Medium"/>
        <issue line="356" char="30" reason="Unnecessary semicolon." evidence="							};" severity="High"/>
        <issue line="359" char="26" reason="Unnecessary semicolon." evidence="						};" severity="High"/>
        <issue line="362" char="10" reason="Unnecessary semicolon." evidence="		};" severity="High"/>
        <issue line="363" char="6" reason="Missing semicolon." evidence="	}" severity="Medium"/>
        <issue line="435" char="11" reason="Missing semicolon." evidence="		})" severity="Medium"/>
        <issue line="436" char="6" reason="Missing semicolon." evidence="	}" severity="Medium"/>
        <issue line="449" char="6" reason="Missing semicolon." evidence="	}" severity="Medium"/>
        <issue line="469" char="6" reason="Missing semicolon." evidence="	}" severity="Medium"/>
        <issue line="488" char="6" reason="Missing semicolon." evidence="	}" severity="Medium"/>
        <issue line="500" char="6" reason="Missing semicolon." evidence="	}" severity="Medium"/>
        <issue line="508" char="6" reason="Missing semicolon." evidence="	}" severity="Medium"/>
        <issue line="515" char="6" reason="Missing semicolon." evidence="	}" severity="Medium"/>
    </file>
    <file name="D:\Jenkins\jobs\test\workspace\src\gmyContact\team\teams.js">
        <issue line="51" char="6" reason="Missing semicolon." evidence="	}" severity="Medium"/>
        <issue line="62" char="11" reason="Missing semicolon." evidence="		})" severity="Medium"/>
        <issue line="63" char="6" reason="Missing semicolon." evidence="	}" severity="Medium"/>
        <issue line="73" char="11" reason="Missing semicolon." evidence="		})" severity="Medium"/>
        <issue line="74" char="6" reason="Missing semicolon." evidence="	}" severity="Medium"/>
        <issue line="121" char="6" reason="Missing semicolon." evidence="	}" severity="Medium"/>
        <issue line="148" char="6" reason="Missing semicolon." evidence="	}" severity="Medium"/>
        <issue line="157" char="6" reason="Missing semicolon." evidence="	}" severity="Medium"/>
    </file>
    <file name="D:\Jenkins\jobs\test\workspace\src\guserManager\allUsers\addUserInAll.js">
        <issue line="21" char="26" reason="Missing semicolon." evidence="						}" severity="Medium"/>
        <issue line="25" char="39" reason="Missing semicolon." evidence="						tplus.update()" severity="Medium"/>
        <issue line="50" char="26" reason="Missing semicolon." evidence="						}" severity="Medium"/>
        <issue line="54" char="39" reason="Missing semicolon." evidence="						tplus.update()" severity="Medium"/>
        <issue line="81" char="7" reason="Missing semicolon." evidence="	})" severity="Medium"/>
        <issue line="164" char="42" reason="Use &apos;!==&apos; to compare with &apos;&apos;." evidence="								if(value != &apos;&apos;&amp;&amp;myreg.test(value)){" severity="High"/>
        <issue line="184" char="133" reason="Duplicate key &apos;width&apos;." evidence="						{xtype:&apos;combo&apos;,data:authData,displayField:&apos;text&apos;,displayValue:&apos;value&apos;,width:&apos;max&apos;,itemId:&apos;authrizedId&apos;,width:&apos;max&apos;}," severity="High"/>
        <issue line="205" char="84" reason="Duplicate key &apos;width&apos;." evidence="								}),defaultField:&apos;name&apos;,fields:[&apos;uuid&apos;,&apos;name&apos;],width:&apos;max&apos;}," severity="High"/>
        <issue line="226" char="84" reason="Duplicate key &apos;width&apos;." evidence="								}),defaultField:&apos;name&apos;,fields:[&apos;uuid&apos;,&apos;name&apos;],width:&apos;max&apos;}," severity="High"/>
        <issue line="249" char="6" reason="Missing semicolon." evidence="	}" severity="Medium"/>
        <issue line="314" char="6" reason="Missing semicolon." evidence="	}" severity="Medium"/>
        <issue line="344" char="128" reason="Missing semicolon." evidence="						imageStr = &apos;&lt;span class=&quot;checkOk_btn&quot; style=&quot;width:16px; height:16px;&quot;&gt;&amp;nbsp;&amp;nbsp;&amp;nbsp;&amp;nbsp;&lt;/span&gt;&apos;" severity="Medium"/>
        <issue line="355" char="131" reason="Missing semicolon." evidence="						imageStr = &apos;&lt;span class=&quot;deletemail_btn&quot; style=&quot;width:16px; height:16px;&quot;&gt;&amp;nbsp;&amp;nbsp;&amp;nbsp;&amp;nbsp;&lt;/span&gt;&apos;" severity="Medium"/>
        <issue line="363" char="127" reason="Missing semicolon." evidence="					imageStr = &apos;&lt;span class=&quot;deletemail_btn&quot; style=&quot;width:16px; height:16px;&quot;&gt;&amp;nbsp;&amp;nbsp;&amp;nbsp;&amp;nbsp;&lt;/span&gt;&apos;" severity="Medium"/>
        <issue line="369" char="6" reason="Missing semicolon." evidence="	}" severity="Medium"/>
        <issue line="370" char="3" reason="Missing semicolon." evidence="})" severity="Medium"/>
        <issue line="363" char="21" reason="&apos;imageStr&apos; is not defined." evidence="					imageStr = &apos;&lt;span class=&quot;deletemail_btn&quot; style=&quot;width:16px; height:16px;&quot;&gt;&amp;nbsp;&amp;nbsp;&amp;nbsp;&amp;nbsp;&lt;/span&gt;&apos;" severity="High"/>
        <issue line="364" char="39" reason="&apos;imageStr&apos; is not defined." evidence="					tipLabel.setValue(imageStr+&apos;登录名不可用!&apos;);" severity="High"/>
    </file>
    <file name="D:\Jenkins\jobs\test\workspace\src\guserManager\allUsers\allUserGrid.js">
        <issue line="89" char="6" reason="Missing semicolon." evidence="	}" severity="Medium"/>
        <issue line="107" char="93" reason="Duplicate key &apos;width&apos;." evidence="						{xtype:&apos;text&apos;,width:&apos;max&apos;,leftHidden:true,itemId:&apos;authrizedId&apos;,width:&apos;max&apos;}," severity="High"/>
        <issue line="118" char="1" reason="Mixed spaces and tabs." evidence="					 	{xtype:&apos;button&apos;,value:&apos;取消&apos;,width:100,handler:function(){" severity="Low"/>
        <issue line="119" char="1" reason="Mixed spaces and tabs." evidence="					 		var form = me.mod.main.get(&apos;serchUser_id&apos;);" severity="Low"/>
        <issue line="120" char="1" reason="Mixed spaces and tabs." evidence="					 		form.reset();" severity="Low"/>
        <issue line="121" char="1" reason="Mixed spaces and tabs." evidence="					 		me.mod.main.popMgr.close(&apos;serchUser_id&apos;);" severity="Low"/>
        <issue line="122" char="1" reason="Mixed spaces and tabs." evidence="					 	}}," severity="Low"/>
        <issue line="135" char="18" reason="Missing semicolon." evidence="				}" severity="Medium"/>
        <issue line="138" char="6" reason="Missing semicolon." evidence="	}" severity="Medium"/>
        <issue line="187" char="27" reason="Missing semicolon." evidence="						})							" severity="Medium"/>
        <issue line="190" char="15" reason="Missing semicolon." evidence="			})" severity="Medium"/>
        <issue line="191" char="6" reason="Missing semicolon." evidence="	}" severity="Medium"/>
        <issue line="225" char="27" reason="Missing semicolon." evidence="						})							" severity="Medium"/>
        <issue line="228" char="15" reason="Missing semicolon." evidence="			})" severity="Medium"/>
        <issue line="230" char="6" reason="Missing semicolon." evidence="	}" severity="Medium"/>
        <issue line="240" char="11" reason="Missing semicolon." evidence="		})" severity="Medium"/>
        <issue line="241" char="6" reason="Missing semicolon." evidence="	}" severity="Medium"/>
        <issue line="265" char="27" reason="Missing semicolon." evidence="						})							" severity="Medium"/>
        <issue line="268" char="15" reason="Missing semicolon." evidence="			})" severity="Medium"/>
        <issue line="269" char="6" reason="Missing semicolon." evidence="	}" severity="Medium"/>
        <issue line="279" char="6" reason="Missing semicolon." evidence="	}" severity="Medium"/>
        <issue line="289" char="6" reason="Missing semicolon." evidence="	}" severity="Medium"/>
        <issue line="295" char="28" reason="Missing semicolon." evidence="			str = v[0].name" severity="Medium"/>
        <issue line="298" char="6" reason="Missing semicolon." evidence="	}" severity="Medium"/>
        <issue line="304" char="28" reason="Missing semicolon." evidence="			str = v[0].name" severity="Medium"/>
        <issue line="307" char="6" reason="Missing semicolon." evidence="	}" severity="Medium"/>
        <issue line="317" char="6" reason="Missing semicolon." evidence="	}" severity="Medium"/>
        <issue line="327" char="11" reason="Missing semicolon." evidence="		})" severity="Medium"/>
        <issue line="328" char="6" reason="Missing semicolon." evidence="	}" severity="Medium"/>
        <issue line="336" char="6" reason="Missing semicolon." evidence="	}" severity="Medium"/>
        <issue line="86" char="17" reason="&apos;parentUuid&apos; is not defined." evidence="				parentUuid = params.parentUuid;" severity="High"/>
    </file>
    <file name="D:\Jenkins\jobs\test\workspace\src\guserManager\allUsers\editUserInAll.js">
        <issue line="22" char="26" reason="Missing semicolon." evidence="						}" severity="Medium"/>
        <issue line="26" char="39" reason="Missing semicolon." evidence="						tplus.update()" severity="Medium"/>
        <issue line="51" char="26" reason="Missing semicolon." evidence="						}" severity="Medium"/>
        <issue line="82" char="7" reason="Missing semicolon." evidence="	})" severity="Medium"/>
        <issue line="158" char="42" reason="Use &apos;!==&apos; to compare with &apos;&apos;." evidence="								if(value != &apos;&apos;&amp;&amp;myreg.test(value)){" severity="High"/>
        <issue line="178" char="133" reason="Duplicate key &apos;width&apos;." evidence="						{xtype:&apos;combo&apos;,data:authData,displayField:&apos;text&apos;,displayValue:&apos;value&apos;,width:&apos;max&apos;,itemId:&apos;authrizedId&apos;,width:&apos;max&apos;}," severity="High"/>
        <issue line="209" char="84" reason="Duplicate key &apos;width&apos;." evidence="								}),defaultField:&apos;name&apos;,fields:[&apos;uuid&apos;,&apos;name&apos;],width:&apos;max&apos;}," severity="High"/>
        <issue line="230" char="84" reason="Duplicate key &apos;width&apos;." evidence="								}),defaultField:&apos;name&apos;,fields:[&apos;uuid&apos;,&apos;name&apos;],width:&apos;max&apos;}," severity="High"/>
        <issue line="283" char="6" reason="Missing semicolon." evidence="	}" severity="Medium"/>
        <issue line="329" char="11" reason="Missing semicolon." evidence="		})" severity="Medium"/>
        <issue line="330" char="6" reason="Missing semicolon." evidence="	}" severity="Medium"/>
        <issue line="360" char="128" reason="Missing semicolon." evidence="						imageStr = &apos;&lt;span class=&quot;checkOk_btn&quot; style=&quot;width:16px; height:16px;&quot;&gt;&amp;nbsp;&amp;nbsp;&amp;nbsp;&amp;nbsp;&lt;/span&gt;&apos;" severity="Medium"/>
        <issue line="373" char="127" reason="Missing semicolon." evidence="					imageStr = &apos;&lt;span class=&quot;deletemail_btn&quot; style=&quot;width:16px; height:16px;&quot;&gt;&amp;nbsp;&amp;nbsp;&amp;nbsp;&amp;nbsp;&lt;/span&gt;&apos;" severity="Medium"/>
        <issue line="379" char="6" reason="Missing semicolon." evidence="	}" severity="Medium"/>
        <issue line="380" char="3" reason="Missing semicolon." evidence="})" severity="Medium"/>
        <issue line="373" char="21" reason="&apos;imageStr&apos; is not defined." evidence="					imageStr = &apos;&lt;span class=&quot;deletemail_btn&quot; style=&quot;width:16px; height:16px;&quot;&gt;&amp;nbsp;&amp;nbsp;&amp;nbsp;&amp;nbsp;&lt;/span&gt;&apos;" severity="High"/>
        <issue line="374" char="39" reason="&apos;imageStr&apos; is not defined." evidence="					tipLabel.setValue(imageStr+&apos;登录名不可用&apos;);" severity="High"/>
    </file>
    <file name="D:\Jenkins\jobs\test\workspace\src\guserManager\allUsers\importUser.js">
        <issue line="66" char="6" reason="Missing semicolon." evidence="	}" severity="Medium"/>
        <issue line="101" char="10" reason="Missing semicolon." evidence="		}" severity="Medium"/>
        <issue line="145" char="6" reason="Missing semicolon." evidence="	}" severity="Medium"/>
        <issue line="153" char="1" reason="Mixed spaces and tabs." evidence="			da.depId = 	parentDepId;" severity="Low"/>
        <issue line="187" char="6" reason="Missing semicolon." evidence="	}" severity="Medium"/>
        <issue line="195" char="6" reason="Missing semicolon." evidence="	}" severity="Medium"/>
    </file>
    <file name="D:\Jenkins\jobs\test\workspace\src\guserManager\allUsers\userSerachResult.js">
        <issue line="77" char="6" reason="Missing semicolon." evidence="	}" severity="Medium"/>
        <issue line="85" char="6" reason="Missing semicolon." evidence="	}" severity="Medium"/>
        <issue line="102" char="77" reason="Duplicate key &apos;width&apos;." evidence="						{xtype:&apos;text&apos;,width:&apos;max&apos;,itemId:&apos;authrizedId&apos;,width:&apos;max&apos;}," severity="High"/>
        <issue line="112" char="1" reason="Mixed spaces and tabs." evidence="					 	{xtype:&apos;button&apos;,value:&apos;取消&apos;,width:100,handler:function(){" severity="Low"/>
        <issue line="113" char="1" reason="Mixed spaces and tabs." evidence="					 		var form = me.mod.main.get(&apos;serchUser_id&apos;);" severity="Low"/>
        <issue line="114" char="1" reason="Mixed spaces and tabs." evidence="					 		form.reset();" severity="Low"/>
        <issue line="115" char="1" reason="Mixed spaces and tabs." evidence="					 		me.mod.main.popMgr.close(&apos;serchUser_id&apos;);" severity="Low"/>
        <issue line="116" char="1" reason="Mixed spaces and tabs." evidence="					 	}}," severity="Low"/>
        <issue line="129" char="18" reason="Missing semicolon." evidence="				}" severity="Medium"/>
        <issue line="132" char="6" reason="Missing semicolon." evidence="	}" severity="Medium"/>
        <issue line="162" char="6" reason="Missing semicolon." evidence="	}" severity="Medium"/>
        <issue line="188" char="27" reason="Missing semicolon." evidence="						})							" severity="Medium"/>
        <issue line="191" char="15" reason="Missing semicolon." evidence="			})" severity="Medium"/>
        <issue line="192" char="6" reason="Missing semicolon." evidence="	}" severity="Medium"/>
        <issue line="223" char="27" reason="Missing semicolon." evidence="						})							" severity="Medium"/>
        <issue line="226" char="15" reason="Missing semicolon." evidence="			})" severity="Medium"/>
        <issue line="228" char="6" reason="Missing semicolon." evidence="	}" severity="Medium"/>
        <issue line="237" char="11" reason="Missing semicolon." evidence="		})" severity="Medium"/>
        <issue line="238" char="6" reason="Missing semicolon." evidence="	}" severity="Medium"/>
        <issue line="262" char="27" reason="Missing semicolon." evidence="						})							" severity="Medium"/>
        <issue line="265" char="15" reason="Missing semicolon." evidence="			})" severity="Medium"/>
        <issue line="266" char="6" reason="Missing semicolon." evidence="	}" severity="Medium"/>
        <issue line="276" char="6" reason="Missing semicolon." evidence="	}" severity="Medium"/>
        <issue line="282" char="28" reason="Missing semicolon." evidence="			str = v[0].name" severity="Medium"/>
        <issue line="285" char="6" reason="Missing semicolon." evidence="	}" severity="Medium"/>
        <issue line="291" char="28" reason="Missing semicolon." evidence="			str = v[0].name" severity="Medium"/>
        <issue line="294" char="6" reason="Missing semicolon." evidence="	}" severity="Medium"/>
        <issue line="304" char="6" reason="Missing semicolon." evidence="	}" severity="Medium"/>
        <issue line="314" char="11" reason="Missing semicolon." evidence="		})" severity="Medium"/>
        <issue line="315" char="6" reason="Missing semicolon." evidence="	}" severity="Medium"/>
        <issue line="323" char="6" reason="Missing semicolon." evidence="	}" severity="Medium"/>
        <issue line="74" char="17" reason="&apos;parentUuid&apos; is not defined." evidence="				parentUuid = params.parentUuid;" severity="High"/>
    </file>
    <file name="D:\Jenkins\jobs\test\workspace\src\guserManager\config\addUser.js">
        <issue line="10" char="6" reason="Missing semicolon." evidence="	]" severity="Medium"/>
        <issue line="12" char="50" reason="Missing semicolon." evidence="	this.mod = new Gframe.module.RemoteModule({})" severity="Medium"/>
        <issue line="40" char="121" reason="Duplicate key &apos;width&apos;." evidence="						{xtype:&apos;text&apos;,width:5,leftHidden:true,textAlign:&apos;left&apos;,itemId:&apos;loginName&apos;,name:&apos;loginName&apos;,width:150,onBlur:me.chekUserName,vtype:&apos;vblank&apos;,errorMsg:&apos;用户名不能为空&apos;}," severity="High"/>
        <issue line="52" char="111" reason="Duplicate key &apos;width&apos;." evidence="						{xtype:&apos;text&apos;,width:5,leftHidden:true,textAlign:&apos;left&apos;,itemId:&apos;name&apos;,name:&apos;name&apos;,width:&apos;max&apos;,vtype:&apos;vblank&apos;,errorMsg:&apos;姓名不能为空&apos;}," severity="High"/>
        <issue line="78" char="72" reason="Duplicate key &apos;width&apos;." evidence="							errorMsg:&apos;邮箱格式错误，请重新输入。&apos;,name:&apos;email&apos;,width:&apos;max&apos;}," severity="High"/>
        <issue line="89" char="1" reason="Mixed spaces and tabs." evidence="					    	errorMsg:&apos;手机格式错误，请重新输入。&apos;,name:&apos;phoneNum&apos;,width:&apos;max&apos;}," severity="Low"/>
        <issue line="89" char="75" reason="Duplicate key &apos;width&apos;." evidence="					    	errorMsg:&apos;手机格式错误，请重新输入。&apos;,name:&apos;phoneNum&apos;,width:&apos;max&apos;}," severity="High"/>
        <issue line="99" char="123" reason="Duplicate key &apos;width&apos;." evidence="						{xtype:&apos;text&apos;,width:5,leftHidden:true,textAlign:&apos;left&apos;,itemId:&apos;department&apos;,name:&apos;department&apos;,width:&apos;max&apos;}," severity="High"/>
        <issue line="154" char="100" reason="Missing semicolon." evidence="									    form.getByItemId(&apos;showName&apos;).setDisplaySubmitValue(jidName)" severity="Medium"/>
        <issue line="169" char="1" reason="Mixed spaces and tabs." evidence="				    	{xtype : &apos;radio&apos;,width : 21,itemId : &apos;defalutSize&apos;,name:&apos;defalutSize&apos;,height:23,displayValue:&apos;&apos;,value:&apos;1&apos;,on:{&apos;click&apos;:function(){" severity="Low"/>
        <issue line="188" char="143" reason="Duplicate key &apos;width&apos;." evidence="						{xtype:&apos;text&apos;,width:5,leftHidden:true,textAlign:&apos;right&apos;,value:&apos;1024&apos;,itemId:&apos;volume&apos;,visible:false,name:&apos;volume&apos;,width:70}," severity="High"/>
        <issue line="190" char="183" reason="Duplicate key &apos;width&apos;." evidence="						{xtype:&apos;combo&apos;,width:5,data:statusData,displayField:&apos;text&apos;,defaultValue:statusData[1].value,visible:false,displayValue:&apos;value&apos;,name:&apos;unit&apos;,itemId:&apos;unit&apos;,width:45}," severity="High"/>
        <issue line="236" char="19" reason="Missing semicolon." evidence="				})" severity="Medium"/>
        <issue line="239" char="6" reason="Missing semicolon." evidence="	}" severity="Medium"/>
        <issue line="246" char="15" reason="Use &apos;===&apos; to compare with &apos;&apos;." evidence="		if(sv == &apos;&apos;&amp;&amp;form.getByItemId(&apos;jid&apos;).getValue() == &apos;2&apos;){" severity="High"/>
        <issue line="254" char="14" reason="Use &apos;!==&apos; to compare with &apos;&apos;." evidence="		if(sv!=&quot;&quot;){" severity="High"/>
        <issue line="270" char="40" reason="Missing semicolon." evidence="			data.volume = defaultVolume" severity="Medium"/>
        <issue line="287" char="16" reason="Use &apos;===&apos; to compare with &apos;true&apos;." evidence="		if(flag==true){" severity="High"/>
        <issue line="326" char="22" reason="Use &apos;!==&apos; to compare with &apos;&apos;." evidence="		if (testName != &apos;&apos;) {" severity="High"/>
        <issue line="341" char="152" reason="Missing semicolon." evidence="						imageStr = &apos;&lt;span class=&quot;checkOk_btn&quot; style=&quot;width:20px; height:16px;&quot;&gt;&amp;nbsp;&amp;nbsp;&amp;nbsp;&amp;nbsp;&amp;nbsp;&amp;nbsp;&amp;nbsp;&amp;nbsp;&lt;/span&gt;&apos;" severity="Medium"/>
        <issue line="353" char="131" reason="Missing semicolon." evidence="						imageStr = &apos;&lt;span class=&quot;deletemail_btn&quot; style=&quot;width:16px; height:16px;&quot;&gt;&amp;nbsp;&amp;nbsp;&amp;nbsp;&amp;nbsp;&lt;/span&gt;&apos;" severity="Medium"/>
        <issue line="361" char="127" reason="Missing semicolon." evidence="					imageStr = &apos;&lt;span class=&quot;deletemail_btn&quot; style=&quot;width:16px; height:16px;&quot;&gt;&amp;nbsp;&amp;nbsp;&amp;nbsp;&amp;nbsp;&lt;/span&gt;&apos;" severity="Medium"/>
        <issue line="368" char="6" reason="Missing semicolon." evidence="	}" severity="Medium"/>
        <issue line="370" char="3" reason="Missing semicolon." evidence="})" severity="Medium"/>
        <issue line="127" char="37" reason="&apos;form&apos; is not defined." evidence="									form = me.mod.main.get(&quot;addUserView&quot;);" severity="High"/>
        <issue line="128" char="37" reason="&apos;form&apos; is not defined." evidence="									form.getByItemId(&apos;selectBtn&apos;).setVisible(false);" severity="High"/>
        <issue line="129" char="37" reason="&apos;form&apos; is not defined." evidence="									form.getByItemId(&apos;showName&apos;).setVisible(false);" severity="High"/>
        <issue line="132" char="37" reason="&apos;form&apos; is not defined." evidence="									form = me.mod.main.get(&quot;addUserView&quot;);" severity="High"/>
        <issue line="133" char="37" reason="&apos;form&apos; is not defined." evidence="									form.getByItemId(&apos;selectBtn&apos;).setVisible(true);" severity="High"/>
        <issue line="134" char="37" reason="&apos;form&apos; is not defined." evidence="									form.getByItemId(&apos;showName&apos;).setVisible(true);" severity="High"/>
        <issue line="152" char="41" reason="&apos;form&apos; is not defined." evidence="									    form = me.mod.main.get(&quot;addUserView&quot;);" severity="High"/>
        <issue line="153" char="41" reason="&apos;form&apos; is not defined." evidence="									    form.getByItemId(&apos;showName&apos;).setValue(data[0].name);" severity="High"/>
        <issue line="154" char="41" reason="&apos;form&apos; is not defined." evidence="									    form.getByItemId(&apos;showName&apos;).setDisplaySubmitValue(jidName)" severity="High"/>
        <issue line="170" char="29" reason="&apos;form&apos; is not defined." evidence="							form = me.mod.main.get(&quot;addUserView&quot;);" severity="High"/>
        <issue line="171" char="29" reason="&apos;form&apos; is not defined." evidence="							form.getByItemId(&apos;volume&apos;).setVisible(false);" severity="High"/>
        <issue line="172" char="29" reason="&apos;form&apos; is not defined." evidence="							form.getByItemId(&apos;unit&apos;).setVisible(false);" severity="High"/>
        <issue line="173" char="29" reason="&apos;form&apos; is not defined." evidence="							form.getByItemId(&apos;customSize&apos;).unchecked();" severity="High"/>
        <issue line="176" char="29" reason="&apos;form&apos; is not defined." evidence="							form = me.mod.main.get(&quot;addUserView&quot;);" severity="High"/>
        <issue line="177" char="29" reason="&apos;form&apos; is not defined." evidence="							form.getByItemId(&apos;volume&apos;).setVisible(false);" severity="High"/>
        <issue line="178" char="29" reason="&apos;form&apos; is not defined." evidence="							form.getByItemId(&apos;defalutSize&apos;).checked();" severity="High"/>
        <issue line="179" char="29" reason="&apos;form&apos; is not defined." evidence="							form.getByItemId(&apos;unit&apos;).setVisible(false);" severity="High"/>
        <issue line="180" char="29" reason="&apos;form&apos; is not defined." evidence="							form.getByItemId(&apos;customSize&apos;).unchecked();" severity="High"/>
        <issue line="183" char="29" reason="&apos;form&apos; is not defined." evidence="							form = me.mod.main.get(&quot;addUserView&quot;);" severity="High"/>
        <issue line="184" char="29" reason="&apos;form&apos; is not defined." evidence="							form.getByItemId(&apos;volume&apos;).setVisible(true);" severity="High"/>
        <issue line="185" char="29" reason="&apos;form&apos; is not defined." evidence="							form.getByItemId(&apos;defalutSize&apos;).unchecked();" severity="High"/>
        <issue line="186" char="29" reason="&apos;form&apos; is not defined." evidence="							form.getByItemId(&apos;unit&apos;).setVisible(true);" severity="High"/>
        <issue line="338" char="25" reason="&apos;userYes&apos; is not defined." evidence="						userYes = true;" severity="High"/>
        <issue line="349" char="25" reason="&apos;userYes&apos; is not defined." evidence="						userYes = false;" severity="High"/>
        <issue line="359" char="21" reason="&apos;userYes&apos; is not defined." evidence="					userYes = false;" severity="High"/>
        <issue line="361" char="21" reason="&apos;imageStr&apos; is not defined." evidence="					imageStr = &apos;&lt;span class=&quot;deletemail_btn&quot; style=&quot;width:16px; height:16px;&quot;&gt;&amp;nbsp;&amp;nbsp;&amp;nbsp;&amp;nbsp;&lt;/span&gt;&apos;" severity="High"/>
        <issue line="362" char="39" reason="&apos;imageStr&apos; is not defined." evidence="					tipLabel.setValue(imageStr+&apos;用户名不可用!&apos;);" severity="High"/>
    </file>
    <file name="D:\Jenkins\jobs\test\workspace\src\guserManager\config\config.js">
        <issue line="33" char="6" reason="Missing semicolon." evidence="	]" severity="Medium"/>
        <issue line="59" char="6" reason="Missing semicolon." evidence="	}" severity="Medium"/>
        <issue line="95" char="11" reason="Missing semicolon." evidence="		})" severity="Medium"/>
        <issue line="96" char="6" reason="Missing semicolon." evidence="	}" severity="Medium"/>
        <issue line="148" char="29" reason="&apos;content&apos; is already defined." evidence="				var content = label2.getValue();" severity="High"/>
        <issue line="161" char="6" reason="Missing semicolon." evidence="	}" severity="Medium"/>
        <issue line="209" char="6" reason="Missing semicolon." evidence="	}" severity="Medium"/>
        <issue line="216" char="115" reason="Duplicate key &apos;textAlign&apos;." evidence="		textSize = new Gframe.controls.TextField({textAlign:&apos;left&apos;,name:&apos;rank&apos;,leftHidden:true,width:150,textAlign:&apos;right&apos;});" severity="High"/>
        <issue line="240" char="6" reason="Missing semicolon." evidence="	}" severity="Medium"/>
        <issue line="244" char="13" reason="Use &apos;===&apos; to compare with &apos;true&apos;." evidence="		if(v==true||v==&apos;true&apos;){" severity="High"/>
        <issue line="250" char="6" reason="Missing semicolon." evidence="	}" severity="Medium"/>
        <issue line="268" char="130" reason="Missing semicolon." evidence="		calendar = new Gframe.controls.DirectUpload({textAlign:&apos;left&apos;,name:&apos;rank&apos;,success:function(){calendarBtn.setEnabled(true)},label:&apos;浏览&apos;},{width:200});" severity="Medium"/>
        <issue line="269" char="142" reason="Missing semicolon." evidence="		calendarBtn = new Gframe.controls.Button({value:&apos;上传&apos;,width:60,height:30,textCls:&apos;uploadimg_btn&apos;,handler:function(){me.uplodaFile(&apos;1&apos;)},cursor:&apos;pointer&apos;,textAlign:&apos;center&apos;});" severity="Medium"/>
        <issue line="281" char="130" reason="Missing semicolon." evidence="		lifeTips = new Gframe.controls.DirectUpload({textAlign:&apos;left&apos;,name:&apos;rank&apos;,success:function(){lifeTipsBtn.setEnabled(true)},label:&apos;浏览&apos;},{width:200});" severity="Medium"/>
        <issue line="282" char="142" reason="Missing semicolon." evidence="		lifeTipsBtn = new Gframe.controls.Button({value:&apos;上传&apos;,width:60,height:30,textCls:&apos;uploadimg_btn&apos;,handler:function(){me.uplodaFile(&apos;2&apos;)},cursor:&apos;pointer&apos;,textAlign:&apos;center&apos;});" severity="Medium"/>
        <issue line="295" char="138" reason="Missing semicolon." evidence="		otherContact = new Gframe.controls.DirectUpload({textAlign:&apos;left&apos;,name:&apos;rank&apos;,success:function(){otherContactBtn.setEnabled(true)},label:&apos;浏览&apos;},{width:200});" severity="Medium"/>
        <issue line="296" char="146" reason="Missing semicolon." evidence="		otherContactBtn = new Gframe.controls.Button({value:&apos;上传&apos;,width:60,height:30,textCls:&apos;uploadimg_btn&apos;,handler:function(){me.uplodaFile(&apos;3&apos;)},cursor:&apos;pointer&apos;,textAlign:&apos;center&apos;});" severity="Medium"/>
        <issue line="309" char="162" reason="Missing semicolon." evidence="		impEmailBook = new Gframe.controls.DirectUpload({textAlign:&apos;left&apos;,name:&apos;emaileContactFile&apos;,label:&apos;浏览&apos;,success:function(){impEmailBookBtn.setEnabled(true)},itemId:&apos;emaileContactFile&apos;},{width:200});" severity="Medium"/>
        <issue line="310" char="146" reason="Missing semicolon." evidence="		impEmailBookBtn = new Gframe.controls.Button({value:&apos;上传&apos;,width:60,height:30,textCls:&apos;uploadimg_btn&apos;,handler:function(){me.uplodaFile(&apos;4&apos;)},cursor:&apos;pointer&apos;,textAlign:&apos;center&apos;});" severity="Medium"/>
        <issue line="320" char="6" reason="Missing semicolon." evidence="	}" severity="Medium"/>
        <issue line="383" char="139" reason="Missing semicolon." evidence="		licence = new Gframe.controls.DirectUpload({textAlign:&apos;left&apos;,name:&apos;rank&apos;,label:&apos;浏览&apos;,success:function(){licenceBtn.setEnabled(true)}},{width:200});" severity="Medium"/>
        <issue line="384" char="141" reason="Missing semicolon." evidence="		licenceBtn = new Gframe.controls.Button({value:&apos;上传&apos;,width:60,height:30,textCls:&apos;uploadimg_btn&apos;,handler:function(){me.uplodaFile(&apos;5&apos;)},cursor:&apos;pointer&apos;,textAlign:&apos;center&apos;});" severity="Medium"/>
        <issue line="395" char="6" reason="Missing semicolon." evidence="	}" severity="Medium"/>
        <issue line="404" char="11" reason="Missing semicolon." evidence="		})" severity="Medium"/>
        <issue line="405" char="6" reason="Missing semicolon." evidence="	}" severity="Medium"/>
        <issue line="413" char="11" reason="Missing semicolon." evidence="		})" severity="Medium"/>
        <issue line="414" char="6" reason="Missing semicolon." evidence="	}" severity="Medium"/>
        <issue line="438" char="23" reason="Missing semicolon." evidence="                    })" severity="Medium"/>
        <issue line="441" char="11" reason="Missing semicolon." evidence="        })" severity="Medium"/>
        <issue line="442" char="6" reason="Missing semicolon." evidence="	}" severity="Medium"/>
        <issue line="463" char="11" reason="Missing semicolon." evidence="		})" severity="Medium"/>
        <issue line="464" char="6" reason="Missing semicolon." evidence="	}" severity="Medium"/>
        <issue line="478" char="11" reason="Missing semicolon." evidence="		})" severity="Medium"/>
        <issue line="479" char="6" reason="Missing semicolon." evidence="	}" severity="Medium"/>
        <issue line="504" char="6" reason="Missing semicolon." evidence="	}" severity="Medium"/>
        <issue line="518" char="9" reason="Empty block." evidence="		noticeBtn.setEnabled(false);" severity="High"/>
        <issue line="541" char="11" reason="Missing semicolon." evidence="		})" severity="Medium"/>
        <issue line="542" char="6" reason="Missing semicolon." evidence="	}" severity="Medium"/>
        <issue line="613" char="11" reason="Missing semicolon." evidence="		})" severity="Medium"/>
        <issue line="614" char="6" reason="Missing semicolon." evidence="	}" severity="Medium"/>
        <issue line="630" char="11" reason="Missing semicolon." evidence="		})" severity="Medium"/>
        <issue line="631" char="6" reason="Missing semicolon." evidence="	}" severity="Medium"/>
        <issue line="642" char="56" reason="Missing radix parameter." evidence="			var tsDay=parseInt(ts / 1000 / 60 / 60 / 24);" severity="High"/>
        <issue line="646" char="6" reason="Missing semicolon." evidence="	}" severity="Medium"/>
        <issue line="659" char="11" reason="Missing semicolon." evidence="		})" severity="Medium"/>
        <issue line="660" char="6" reason="Missing semicolon." evidence="	} " severity="Medium"/>
        <issue line="38" char="9" reason="&apos;parentParams&apos; is not defined." evidence="		parentParams = params;" severity="High"/>
        <issue line="39" char="21" reason="&apos;parentParams&apos; is not defined." evidence="		me.openView(parentParams);" severity="High"/>
        <issue line="54" char="17" reason="&apos;rowBlank&apos; is not defined." evidence="				rowBlank = new Rowbar({rows:[],align:&apos;top&apos;},{width:30,height:630});" severity="High"/>
        <issue line="73" char="29" reason="&apos;rowBlank&apos; is not defined." evidence="				col.addItem(rowBlank);" severity="High"/>
        <issue line="360" char="9" reason="&apos;endDate&apos; is not defined." evidence="		endDate = new Gframe.controls.Label({width:&apos;max&apos;,height:20,textAlign:&apos;left&apos;});" severity="High"/>
        <issue line="363" char="26" reason="&apos;endDate&apos; is not defined." evidence="		colbar23.addItem(endDate);" severity="High"/>
        <issue line="369" char="9" reason="&apos;userNum&apos; is not defined." evidence="		userNum = new Gframe.controls.LabelPlus({width:&apos;max&apos;,height:30,textAlign:&apos;left&apos;,afterSetValue:function(value,h){" severity="High"/>
        <issue line="375" char="26" reason="&apos;userNum&apos; is not defined." evidence="		colbar24.addItem(userNum);" severity="High"/>
        <issue line="643" char="13" reason="&apos;endDate&apos; is not defined." evidence="            endDate.setValue(tsDay+&quot;天&quot;);" severity="High"/>
        <issue line="644" char="13" reason="&apos;userNum&apos; is not defined." evidence="			userNum.setValue(data.userNum);" severity="High"/>
    </file>
    <file name="D:\Jenkins\jobs\test\workspace\src\guserManager\config\editUser.js">
        <issue line="10" char="6" reason="Missing semicolon." evidence="	]" severity="Medium"/>
        <issue line="12" char="50" reason="Missing semicolon." evidence="	this.mod = new Gframe.module.RemoteModule({})" severity="Medium"/>
        <issue line="33" char="57" reason="Use &apos;===&apos; to compare with &apos;true&apos;." evidence="						if(data.sys == &apos;true&apos;||data.sys == true){" severity="High"/>
        <issue line="81" char="135" reason="Duplicate key &apos;width&apos;." evidence="						{xtype:&apos;text&apos;,width:5,leftHidden:true,textAlign:&apos;left&apos;,itemId:&apos;loginName&apos;,name:&apos;loginName&apos;,enabled:false,width:150,vtype:&apos;vblank&apos;,errorMsg:&apos;用户名不能为空&apos;}," severity="High"/>
        <issue line="91" char="111" reason="Duplicate key &apos;width&apos;." evidence="						{xtype:&apos;text&apos;,width:5,leftHidden:true,textAlign:&apos;left&apos;,itemId:&apos;name&apos;,name:&apos;name&apos;,width:&apos;max&apos;,vtype:&apos;vblank&apos;,errorMsg:&apos;姓名不能为空&apos;}," severity="High"/>
        <issue line="117" char="87" reason="Duplicate key &apos;width&apos;." evidence="							errorMsg:&apos;邮箱格式错误，请重新输入。&apos;,itemId:&apos;email&apos;,name:&apos;email&apos;,width:&apos;max&apos;}," severity="High"/>
        <issue line="128" char="1" reason="Mixed spaces and tabs." evidence="					    	errorMsg:&apos;手机格式错误，请重新输入。&apos;,name:&apos;phoneNum&apos;,width:&apos;max&apos;}," severity="Low"/>
        <issue line="128" char="75" reason="Duplicate key &apos;width&apos;." evidence="					    	errorMsg:&apos;手机格式错误，请重新输入。&apos;,name:&apos;phoneNum&apos;,width:&apos;max&apos;}," severity="High"/>
        <issue line="138" char="123" reason="Duplicate key &apos;width&apos;." evidence="						{xtype:&apos;text&apos;,width:5,leftHidden:true,textAlign:&apos;left&apos;,itemId:&apos;department&apos;,name:&apos;department&apos;,width:&apos;max&apos;}," severity="High"/>
        <issue line="168" char="92" reason="Extra comma. (it breaks older versions of IE)" evidence="								method:$sl.guserManager_config_user_searchAllPersons.method," severity="High"/>
        <issue line="180" char="100" reason="Missing semicolon." evidence="									    form.getByItemId(&apos;showName&apos;).setDisplaySubmitValue(jidName)" severity="Medium"/>
        <issue line="243" char="1" reason="Mixed spaces and tabs." evidence="				    	{xtype : &apos;radio&apos;,width : 21,itemId : &apos;defalutSize&apos;,name:&apos;defalutSize&apos;,height:23,displayValue:&apos;&apos;,value:&apos;1&apos;,on:{&apos;click&apos;:function(){" severity="Low"/>
        <issue line="263" char="143" reason="Duplicate key &apos;width&apos;." evidence="						{xtype:&apos;text&apos;,width:5,leftHidden:true,textAlign:&apos;right&apos;,value:&apos;1024&apos;,itemId:&apos;volume&apos;,visible:false,name:&apos;volume&apos;,width:70}," severity="High"/>
        <issue line="265" char="183" reason="Duplicate key &apos;width&apos;." evidence="						{xtype:&apos;combo&apos;,width:5,data:statusData,displayField:&apos;text&apos;,defaultValue:statusData[1].value,visible:false,displayValue:&apos;value&apos;,name:&apos;unit&apos;,itemId:&apos;unit&apos;,width:45}," severity="High"/>
        <issue line="305" char="19" reason="Missing semicolon." evidence="				})" severity="Medium"/>
        <issue line="308" char="6" reason="Missing semicolon." evidence="	}" severity="Medium"/>
        <issue line="360" char="40" reason="Missing semicolon." evidence="			data.volume = defaultVolume" severity="Medium"/>
        <issue line="378" char="16" reason="Use &apos;===&apos; to compare with &apos;true&apos;." evidence="		if(flag==true){" severity="High"/>
        <issue line="409" char="6" reason="Missing semicolon." evidence="	}" severity="Medium"/>
        <issue line="411" char="3" reason="Missing semicolon." evidence="})" severity="Medium"/>
        <issue line="178" char="41" reason="&apos;form&apos; is not defined." evidence="									    form = me.mod.main.get(&quot;editUserView&quot;);" severity="High"/>
        <issue line="179" char="41" reason="&apos;form&apos; is not defined." evidence="									    form.getByItemId(&apos;showName&apos;).setValue(data[0].name);" severity="High"/>
        <issue line="180" char="41" reason="&apos;form&apos; is not defined." evidence="									    form.getByItemId(&apos;showName&apos;).setDisplaySubmitValue(jidName)" severity="High"/>
        <issue line="244" char="29" reason="&apos;form&apos; is not defined." evidence="							form = me.mod.main.get(&quot;editUserView&quot;);" severity="High"/>
        <issue line="246" char="29" reason="&apos;form&apos; is not defined." evidence="							form.getByItemId(&apos;customSize&apos;).unchecked();" severity="High"/>
        <issue line="247" char="29" reason="&apos;form&apos; is not defined." evidence="							form.getByItemId(&apos;volume&apos;).setVisible(false);" severity="High"/>
        <issue line="248" char="29" reason="&apos;form&apos; is not defined." evidence="							form.getByItemId(&apos;unit&apos;).setVisible(false);" severity="High"/>
        <issue line="251" char="29" reason="&apos;form&apos; is not defined." evidence="							form = me.mod.main.get(&quot;editUserView&quot;);" severity="High"/>
        <issue line="252" char="29" reason="&apos;form&apos; is not defined." evidence="							form.getByItemId(&apos;volume&apos;).setVisible(false);" severity="High"/>
        <issue line="253" char="29" reason="&apos;form&apos; is not defined." evidence="							form.getByItemId(&apos;defalutSize&apos;).checked();" severity="High"/>
        <issue line="254" char="29" reason="&apos;form&apos; is not defined." evidence="							form.getByItemId(&apos;unit&apos;).setVisible(false);" severity="High"/>
        <issue line="255" char="29" reason="&apos;form&apos; is not defined." evidence="							form.getByItemId(&apos;customSize&apos;).unchecked();" severity="High"/>
        <issue line="258" char="29" reason="&apos;form&apos; is not defined." evidence="							form = me.mod.main.get(&quot;editUserView&quot;);" severity="High"/>
        <issue line="259" char="29" reason="&apos;form&apos; is not defined." evidence="							form.getByItemId(&apos;defalutSize&apos;).unchecked();" severity="High"/>
        <issue line="260" char="29" reason="&apos;form&apos; is not defined." evidence="							form.getByItemId(&apos;volume&apos;).setVisible(true);" severity="High"/>
        <issue line="261" char="29" reason="&apos;form&apos; is not defined." evidence="							form.getByItemId(&apos;unit&apos;).setVisible(true);" severity="High"/>
    </file>
    <file name="D:\Jenkins\jobs\test\workspace\src\guserManager\departments\editorDept.js">
        <issue line="18" char="26" reason="Missing semicolon." evidence="						}" severity="Medium"/>
        <issue line="22" char="39" reason="Missing semicolon." evidence="						tplus.update()" severity="Medium"/>
        <issue line="39" char="7" reason="Missing semicolon." evidence="	})" severity="Medium"/>
        <issue line="66" char="1" reason="Mixed spaces and tabs." evidence="//					   	{xtype:&apos;label&apos;,textCls:&apos;title_font&apos;,textAlign:&apos;left&apos;,value:&apos;编辑用户&apos;,width:70}" severity="Low"/>
        <issue line="76" char="88" reason="Duplicate key &apos;width&apos;." evidence="						{xtype:&apos;label&apos;,width:5,textAlign:&apos;left&apos;,itemId:&apos;deptName&apos;,width:&apos;max&apos;}," severity="High"/>
        <issue line="117" char="84" reason="Duplicate key &apos;width&apos;." evidence="								}),defaultField:&apos;name&apos;,fields:[&apos;uuid&apos;,&apos;name&apos;],width:&apos;max&apos;}," severity="High"/>
        <issue line="178" char="60" reason="Missing semicolon." evidence="									usersstr+=col.name+&apos;; &apos;" severity="Medium"/>
        <issue line="196" char="19" reason="Missing semicolon." evidence="				})" severity="Medium"/>
        <issue line="200" char="6" reason="Missing semicolon." evidence="	}" severity="Medium"/>
        <issue line="232" char="11" reason="Missing semicolon." evidence="		})" severity="Medium"/>
        <issue line="233" char="6" reason="Missing semicolon." evidence="	}" severity="Medium"/>
        <issue line="235" char="3" reason="Missing semicolon." evidence="})" severity="Medium"/>
    </file>
    <file name="D:\Jenkins\jobs\test\workspace\src\guserManager\departments\openDeptsGrid.js">
        <issue line="72" char="112" reason="Missing semicolon." evidence="												me.mod.defaultView({uuid:&apos;&apos;,reloadExpendView:reloadExpendView})" severity="Medium"/>
        <issue line="109" char="6" reason="Missing semicolon." evidence="	}" severity="Medium"/>
        <issue line="124" char="6" reason="Missing semicolon." evidence="	}" severity="Medium"/>
        <issue line="131" char="6" reason="Missing semicolon." evidence="	}" severity="Medium"/>
        <issue line="142" char="6" reason="Missing semicolon." evidence="	}" severity="Medium"/>
        <issue line="150" char="6" reason="Missing semicolon." evidence="	}" severity="Medium"/>
        <issue line="159" char="23" reason="Missing semicolon." evidence="			return &apos; &apos;" severity="Medium"/>
        <issue line="176" char="28" reason="Missing semicolon." evidence="			str = v[0].name" severity="Medium"/>
        <issue line="179" char="6" reason="Missing semicolon." evidence="	}" severity="Medium"/>
        <issue line="189" char="11" reason="Missing semicolon." evidence="		})" severity="Medium"/>
        <issue line="190" char="6" reason="Missing semicolon." evidence="	}" severity="Medium"/>
        <issue line="199" char="11" reason="Missing semicolon." evidence="		})" severity="Medium"/>
        <issue line="200" char="6" reason="Missing semicolon." evidence="	}" severity="Medium"/>
        <issue line="214" char="6" reason="Missing semicolon." evidence="	}" severity="Medium"/>
        <issue line="238" char="27" reason="Missing semicolon." evidence="						})							" severity="Medium"/>
        <issue line="241" char="15" reason="Missing semicolon." evidence="			})" severity="Medium"/>
        <issue line="242" char="6" reason="Missing semicolon." evidence="	}" severity="Medium"/>
        <issue line="273" char="27" reason="Missing semicolon." evidence="						})							" severity="Medium"/>
        <issue line="276" char="15" reason="Missing semicolon." evidence="			})" severity="Medium"/>
        <issue line="277" char="6" reason="Missing semicolon." evidence="	}" severity="Medium"/>
        <issue line="289" char="27" reason="Missing semicolon." evidence="						})" severity="Medium"/>
        <issue line="310" char="27" reason="Missing semicolon." evidence="						})							" severity="Medium"/>
        <issue line="313" char="15" reason="Missing semicolon." evidence="			})" severity="Medium"/>
        <issue line="314" char="6" reason="Missing semicolon." evidence="	}" severity="Medium"/>
        <issue line="331" char="27" reason="Missing semicolon." evidence="						})" severity="Medium"/>
        <issue line="353" char="27" reason="Missing semicolon." evidence="						})							" severity="Medium"/>
        <issue line="356" char="15" reason="Missing semicolon." evidence="			})" severity="Medium"/>
        <issue line="357" char="6" reason="Missing semicolon." evidence="	}" severity="Medium"/>
        <issue line="370" char="27" reason="Missing semicolon." evidence="						})" severity="Medium"/>
        <issue line="390" char="27" reason="Missing semicolon." evidence="						})							" severity="Medium"/>
        <issue line="393" char="15" reason="Missing semicolon." evidence="			})" severity="Medium"/>
        <issue line="394" char="6" reason="Missing semicolon." evidence="	}" severity="Medium"/>
        <issue line="403" char="11" reason="Missing semicolon." evidence="		})" severity="Medium"/>
        <issue line="404" char="6" reason="Missing semicolon." evidence="	}" severity="Medium"/>
        <issue line="410" char="71" reason="Missing semicolon." evidence="			url = &apos;modules/guserManager/groupsGrid/lookUserMessage.js&apos;" severity="Medium"/>
        <issue line="412" char="64" reason="Missing semicolon." evidence="			url = &apos;modules/guserManager/groupsGrid/lookUser.js&apos;" severity="Medium"/>
        <issue line="420" char="11" reason="Missing semicolon." evidence="		})" severity="Medium"/>
        <issue line="421" char="6" reason="Missing semicolon." evidence="	}" severity="Medium"/>
        <issue line="430" char="6" reason="Missing semicolon." evidence="	}" severity="Medium"/>
        <issue line="82" char="41" reason="&apos;filePath&apos; is not defined." evidence="										filePath = path[path.length - 1].value;" severity="High"/>
    </file>
    <file name="D:\Jenkins\jobs\test\workspace\src\guserManager\deptGroups\deptGroupsMain.js">
        <issue line="86" char="6" reason="Missing semicolon." evidence="	}" severity="Medium"/>
        <issue line="93" char="6" reason="Missing semicolon." evidence="	}" severity="Medium"/>
        <issue line="116" char="47" reason="Missing semicolon." evidence="			roleName = roleName+n.roleName+&apos;;&apos;" severity="Medium"/>
        <issue line="119" char="6" reason="Missing semicolon." evidence="	}" severity="Medium"/>
        <issue line="128" char="11" reason="Missing semicolon." evidence="		})" severity="Medium"/>
        <issue line="129" char="6" reason="Missing semicolon." evidence="	}" severity="Medium"/>
        <issue line="138" char="11" reason="Missing semicolon." evidence="		})" severity="Medium"/>
        <issue line="139" char="6" reason="Missing semicolon." evidence="	}" severity="Medium"/>
        <issue line="148" char="28" reason="&apos;params&apos; is already defined." evidence="				var params = {uuid:o.uuid}" severity="High"/>
        <issue line="148" char="43" reason="Missing semicolon." evidence="				var params = {uuid:o.uuid}" severity="Medium"/>
        <issue line="152" char="6" reason="Missing semicolon." evidence="	}" severity="Medium"/>
        <issue line="57" char="41" reason="&apos;filePath&apos; is not defined." evidence="										filePath = path[path.length - 1].value;" severity="High"/>
    </file>
    <file name="D:\Jenkins\jobs\test\workspace\src\guserManager\deptGroups\editDeptRole.js">
        <issue line="90" char="6" reason="Missing semicolon." evidence="	}" severity="Medium"/>
        <issue line="95" char="6" reason="Missing semicolon." evidence="	}" severity="Medium"/>
    </file>
    <file name="D:\Jenkins\jobs\test\workspace\src\guserManager\deptGroups\lookDeptMsg.js">
        <issue line="5" char="7" reason="Missing semicolon." evidence="	})" severity="Medium"/>
        <issue line="20" char="1" reason="Mixed spaces and tabs." evidence="//					   	{xtype:&apos;label&apos;,textCls:&apos;title_font&apos;,textAlign:&apos;left&apos;,value:&apos;分组详情&apos;,width:70}" severity="Low"/>
        <issue line="28" char="1" reason="Mixed spaces and tabs." evidence="					   	{xtype:&apos;blank&apos;}" severity="Low"/>
        <issue line="31" char="17" reason="Comma warnings can be turned off with &apos;laxcomma&apos;." evidence="				," severity="High"/>
        <issue line="30" char="17" reason="Bad line breaking before &apos;,&apos;." evidence="				}" severity="High"/>
        <issue line="51" char="17" reason="Bad line breaking before &apos;,&apos;." evidence="				}" severity="High"/>
        <issue line="101" char="63" reason="Missing semicolon." evidence="								roleName = roleName+n.name+&apos;;&apos;" severity="Medium"/>
        <issue line="103" char="78" reason="Unnecessary semicolon." evidence="							form.getByItemId(&apos;roleNames&apos;).setValue(roleName);;" severity="High"/>
        <issue line="106" char="19" reason="Missing semicolon." evidence="				})" severity="Medium"/>
        <issue line="109" char="6" reason="Missing semicolon." evidence="	}" severity="Medium"/>
        <issue line="110" char="3" reason="Missing semicolon." evidence="})" severity="Medium"/>
    </file>
    <file name="D:\Jenkins\jobs\test\workspace\src\guserManager\deptGroups\lookMessage.js">
        <issue line="5" char="7" reason="Missing semicolon." evidence="	})" severity="Medium"/>
        <issue line="19" char="1" reason="Mixed spaces and tabs." evidence="//					   	{xtype:&apos;label&apos;,textCls:&apos;title_font&apos;,textAlign:&apos;left&apos;,value:&apos;分组详情&apos;,width:70}" severity="Low"/>
        <issue line="27" char="1" reason="Mixed spaces and tabs." evidence="					   	{xtype:&apos;blank&apos;}" severity="Low"/>
        <issue line="30" char="17" reason="Comma warnings can be turned off with &apos;laxcomma&apos;." evidence="				," severity="High"/>
        <issue line="29" char="17" reason="Bad line breaking before &apos;,&apos;." evidence="				}" severity="High"/>
        <issue line="50" char="17" reason="Bad line breaking before &apos;,&apos;." evidence="				}" severity="High"/>
        <issue line="100" char="63" reason="Missing semicolon." evidence="								roleName = roleName+n.name+&apos;;&apos;" severity="Medium"/>
        <issue line="102" char="78" reason="Unnecessary semicolon." evidence="							form.getByItemId(&apos;roleNames&apos;).setValue(roleName);;" severity="High"/>
        <issue line="105" char="19" reason="Missing semicolon." evidence="				})" severity="Medium"/>
        <issue line="108" char="6" reason="Missing semicolon." evidence="	}" severity="Medium"/>
        <issue line="109" char="3" reason="Missing semicolon." evidence="})" severity="Medium"/>
    </file>
    <file name="D:\Jenkins\jobs\test\workspace\src\guserManager\groupsGrid\addUser.js">
        <issue line="21" char="26" reason="Missing semicolon." evidence="						}" severity="Medium"/>
        <issue line="25" char="39" reason="Missing semicolon." evidence="						tplus.update()" severity="Medium"/>
        <issue line="50" char="26" reason="Missing semicolon." evidence="						}" severity="Medium"/>
        <issue line="54" char="39" reason="Missing semicolon." evidence="						tplus.update()" severity="Medium"/>
        <issue line="71" char="7" reason="Missing semicolon." evidence="	})" severity="Medium"/>
        <issue line="144" char="42" reason="Use &apos;!==&apos; to compare with &apos;&apos;." evidence="								if(value != &apos;&apos;&amp;&amp;myreg.test(value)){" severity="High"/>
        <issue line="164" char="133" reason="Duplicate key &apos;width&apos;." evidence="						{xtype:&apos;combo&apos;,data:authData,displayField:&apos;text&apos;,displayValue:&apos;value&apos;,width:&apos;max&apos;,itemId:&apos;authrizedId&apos;,width:&apos;max&apos;}," severity="High"/>
        <issue line="185" char="84" reason="Duplicate key &apos;width&apos;." evidence="								}),defaultField:&apos;name&apos;,fields:[&apos;uuid&apos;,&apos;name&apos;],width:&apos;max&apos;}," severity="High"/>
        <issue line="206" char="84" reason="Duplicate key &apos;width&apos;." evidence="								}),defaultField:&apos;name&apos;,fields:[&apos;uuid&apos;,&apos;name&apos;],width:&apos;max&apos;}," severity="High"/>
        <issue line="229" char="6" reason="Missing semicolon." evidence="	}" severity="Medium"/>
        <issue line="257" char="11" reason="Missing semicolon." evidence="		})" severity="Medium"/>
        <issue line="258" char="6" reason="Missing semicolon." evidence="	}" severity="Medium"/>
        <issue line="288" char="128" reason="Missing semicolon." evidence="						imageStr = &apos;&lt;span class=&quot;checkOk_btn&quot; style=&quot;width:16px; height:16px;&quot;&gt;&amp;nbsp;&amp;nbsp;&amp;nbsp;&amp;nbsp;&lt;/span&gt;&apos;" severity="Medium"/>
        <issue line="301" char="127" reason="Missing semicolon." evidence="					imageStr = &apos;&lt;span class=&quot;deletemail_btn&quot; style=&quot;width:16px; height:16px;&quot;&gt;&amp;nbsp;&amp;nbsp;&amp;nbsp;&amp;nbsp;&lt;/span&gt;&apos;" severity="Medium"/>
        <issue line="307" char="6" reason="Missing semicolon." evidence="	}" severity="Medium"/>
        <issue line="308" char="3" reason="Missing semicolon." evidence="})" severity="Medium"/>
        <issue line="301" char="21" reason="&apos;imageStr&apos; is not defined." evidence="					imageStr = &apos;&lt;span class=&quot;deletemail_btn&quot; style=&quot;width:16px; height:16px;&quot;&gt;&amp;nbsp;&amp;nbsp;&amp;nbsp;&amp;nbsp;&lt;/span&gt;&apos;" severity="High"/>
        <issue line="302" char="39" reason="&apos;imageStr&apos; is not defined." evidence="					tipLabel.setValue(imageStr+&apos;登录名不可用&apos;);" severity="High"/>
    </file>
    <file name="D:\Jenkins\jobs\test\workspace\src\guserManager\groupsGrid\bindUser.js">
        <issue line="21" char="30" reason="Missing semicolon." evidence="							}" severity="Medium"/>
        <issue line="26" char="43" reason="Missing semicolon." evidence="							tplus.update()" severity="Medium"/>
        <issue line="57" char="7" reason="Missing semicolon." evidence="	})" severity="Medium"/>
        <issue line="73" char="1" reason="Mixed spaces and tabs." evidence="					   	{xtype:&apos;label&apos;,textCls:&apos;title_font&apos;,textAlign:&apos;left&apos;,value:&apos;系统自动匹配绑定人员：&apos;,width:200}" severity="Low"/>
        <issue line="99" char="1" reason="Mixed spaces and tabs." evidence="					    		&apos;click&apos; : function() {" severity="Low"/>
        <issue line="102" char="84" reason="Duplicate key &apos;width&apos;." evidence="								}),defaultField:&apos;name&apos;,fields:[&apos;uuid&apos;,&apos;name&apos;],width:&apos;max&apos;}," severity="High"/>
        <issue line="141" char="6" reason="Missing semicolon." evidence="	}" severity="Medium"/>
        <issue line="157" char="55" reason="Missing semicolon." evidence="			var form = me.mod.main.get(&apos;bindUserView&apos;)" severity="Medium"/>
        <issue line="165" char="10" reason="Missing semicolon." evidence="		}" severity="Medium"/>
        <issue line="178" char="6" reason="Missing semicolon." evidence="	}" severity="Medium"/>
        <issue line="198" char="6" reason="Missing semicolon." evidence="	}" severity="Medium"/>
        <issue line="218" char="6" reason="Missing semicolon." evidence="	}" severity="Medium"/>
        <issue line="225" char="67" reason="Missing semicolon." evidence="			per = form.getByItemId(&apos;uuids&apos;).getValue(true)[0].uuid" severity="Medium"/>
        <issue line="228" char="57" reason="Missing semicolon." evidence="				per = newBindListGrid.getSelected().uuid" severity="Medium"/>
        <issue line="260" char="11" reason="Missing semicolon." evidence="		})" severity="Medium"/>
        <issue line="261" char="6" reason="Missing semicolon." evidence="	}" severity="Medium"/>
        <issue line="262" char="3" reason="Missing semicolon." evidence="})" severity="Medium"/>
        <issue line="138" char="17" reason="&apos;isOpenTree&apos; is not defined." evidence="				isOpenTree=false;" severity="High"/>
    </file>
    <file name="D:\Jenkins\jobs\test\workspace\src\guserManager\groupsGrid\editorUser.js">
        <issue line="18" char="26" reason="Missing semicolon." evidence="						}" severity="Medium"/>
        <issue line="22" char="39" reason="Missing semicolon." evidence="						tplus.update()" severity="Medium"/>
        <issue line="39" char="7" reason="Missing semicolon." evidence="	})" severity="Medium"/>
        <issue line="53" char="1" reason="Mixed spaces and tabs." evidence="//					   	{xtype:&apos;label&apos;,textCls:&apos;title_font&apos;,textAlign:&apos;left&apos;,value:&apos;编辑用户&apos;,width:70}" severity="Low"/>
        <issue line="61" char="1" reason="Mixed spaces and tabs." evidence="					   	{xtype:&apos;blank&apos;}" severity="Low"/>
        <issue line="64" char="17" reason="Comma warnings can be turned off with &apos;laxcomma&apos;." evidence="				," severity="High"/>
        <issue line="63" char="17" reason="Bad line breaking before &apos;,&apos;." evidence="				}" severity="High"/>
        <issue line="71" char="88" reason="Duplicate key &apos;width&apos;." evidence="						{xtype:&apos;label&apos;,width:5,textAlign:&apos;left&apos;,itemId:&apos;userName&apos;,width:&apos;max&apos;}," severity="High"/>
        <issue line="106" char="42" reason="Use &apos;!==&apos; to compare with &apos;&apos;." evidence="								if(value != &apos;&apos;&amp;&amp;myreg.test(value)){" severity="High"/>
        <issue line="121" char="144" reason="Duplicate key &apos;width&apos;." evidence="						{xtype:&apos;combo&apos;,data:authData,displayField:&apos;text&apos;,displayValue:&apos;value&apos;,name:&apos;authUuid&apos;,width:150,itemId:&apos;authUuid&apos;,width:&apos;max&apos;}," severity="High"/>
        <issue line="142" char="84" reason="Duplicate key &apos;width&apos;." evidence="								}),defaultField:&apos;name&apos;,fields:[&apos;uuid&apos;,&apos;name&apos;],width:&apos;max&apos;}," severity="High"/>
        <issue line="196" char="38" reason="Use &apos;!==&apos; to compare with &apos;&apos;." evidence="							if(value != &apos;&apos;&amp;&amp;myreg.test(data.email)){" severity="High"/>
        <issue line="209" char="19" reason="Missing semicolon." evidence="				})" severity="Medium"/>
        <issue line="213" char="6" reason="Missing semicolon." evidence="	}" severity="Medium"/>
        <issue line="237" char="11" reason="Missing semicolon." evidence="		})" severity="Medium"/>
        <issue line="238" char="6" reason="Missing semicolon." evidence="	}" severity="Medium"/>
        <issue line="240" char="3" reason="Missing semicolon." evidence="})" severity="Medium"/>
        <issue line="196" char="32" reason="&apos;value&apos; is not defined." evidence="							if(value != &apos;&apos;&amp;&amp;myreg.test(data.email)){" severity="High"/>
    </file>
    <file name="D:\Jenkins\jobs\test\workspace\src\guserManager\groupsGrid\giveSort.js">
        <issue line="38" char="6" reason="Missing semicolon." evidence="	}" severity="Medium"/>
        <issue line="65" char="6" reason="Missing semicolon." evidence="	}" severity="Medium"/>
        <issue line="152" char="6" reason="Missing semicolon." evidence="	}" severity="Medium"/>
    </file>
    <file name="D:\Jenkins\jobs\test\workspace\src\guserManager\groupsGrid\lookUser.js">
        <issue line="4" char="7" reason="Missing semicolon." evidence="	})" severity="Medium"/>
        <issue line="18" char="1" reason="Mixed spaces and tabs." evidence="//					   	{xtype:&apos;label&apos;,textCls:&apos;title_font&apos;,textAlign:&apos;left&apos;,value:&apos;查看用户详情&apos;,width:100}" severity="Low"/>
        <issue line="26" char="1" reason="Mixed spaces and tabs." evidence="					   	{xtype:&apos;blank&apos;}" severity="Low"/>
        <issue line="29" char="17" reason="Comma warnings can be turned off with &apos;laxcomma&apos;." evidence="				," severity="High"/>
        <issue line="28" char="17" reason="Bad line breaking before &apos;,&apos;." evidence="				}" severity="High"/>
        <issue line="36" char="88" reason="Duplicate key &apos;width&apos;." evidence="						{xtype:&apos;label&apos;,width:5,textAlign:&apos;left&apos;,itemId:&apos;userName&apos;,width:&apos;max&apos;}," severity="High"/>
        <issue line="46" char="90" reason="Duplicate key &apos;width&apos;." evidence="						{xtype:&apos;label&apos;,width:5,textAlign:&apos;left&apos;,itemId:&apos;personName&apos;,width:&apos;max&apos;}," severity="High"/>
        <issue line="142" char="19" reason="Missing semicolon." evidence="				})" severity="Medium"/>
        <issue line="145" char="6" reason="Missing semicolon." evidence="	}" severity="Medium"/>
        <issue line="147" char="3" reason="Missing semicolon." evidence="})" severity="Medium"/>
    </file>
    <file name="D:\Jenkins\jobs\test\workspace\src\guserManager\groupsGrid\lookUserMessage.js">
        <issue line="6" char="7" reason="Missing semicolon." evidence="	})" severity="Medium"/>
        <issue line="20" char="1" reason="Mixed spaces and tabs." evidence="//					   	{xtype:&apos;label&apos;,textCls:&apos;title_font&apos;,textAlign:&apos;left&apos;,value:&apos;查看用户详情&apos;,width:120}" severity="Low"/>
        <issue line="28" char="1" reason="Mixed spaces and tabs." evidence="					   	{xtype:&apos;blank&apos;}" severity="Low"/>
        <issue line="31" char="17" reason="Comma warnings can be turned off with &apos;laxcomma&apos;." evidence="				," severity="High"/>
        <issue line="30" char="17" reason="Bad line breaking before &apos;,&apos;." evidence="				}" severity="High"/>
        <issue line="38" char="88" reason="Duplicate key &apos;width&apos;." evidence="						{xtype:&apos;label&apos;,width:5,textAlign:&apos;left&apos;,itemId:&apos;userName&apos;,width:&apos;max&apos;}," severity="High"/>
        <issue line="48" char="88" reason="Duplicate key &apos;width&apos;." evidence="						{xtype:&apos;label&apos;,width:5,textAlign:&apos;left&apos;,itemId:&apos;deptName&apos;,width:&apos;max&apos;}," severity="High"/>
        <issue line="149" char="19" reason="Missing semicolon." evidence="				})" severity="Medium"/>
        <issue line="152" char="6" reason="Missing semicolon." evidence="	}" severity="Medium"/>
        <issue line="163" char="6" reason="Missing semicolon." evidence="	}" severity="Medium"/>
        <issue line="164" char="3" reason="Missing semicolon." evidence="})" severity="Medium"/>
        <issue line="120" char="17" reason="&apos;refreshFn&apos; is not defined." evidence="				refreshFn = params.refreshFn;" severity="High"/>
    </file>
    <file name="D:\Jenkins\jobs\test\workspace\src\guserManager\groupsGrid\openGroupsGrid.js">
        <issue line="71" char="112" reason="Missing semicolon." evidence="												me.mod.defaultView({uuid:&apos;&apos;,reloadExpendView:reloadExpendView})" severity="Medium"/>
        <issue line="112" char="6" reason="Missing semicolon." evidence="	}" severity="Medium"/>
        <issue line="119" char="6" reason="Missing semicolon." evidence="	}" severity="Medium"/>
        <issue line="130" char="6" reason="Missing semicolon." evidence="	}" severity="Medium"/>
        <issue line="138" char="6" reason="Missing semicolon." evidence="	}" severity="Medium"/>
        <issue line="146" char="6" reason="Missing semicolon." evidence="	}" severity="Medium"/>
        <issue line="155" char="23" reason="Missing semicolon." evidence="			return &apos; &apos;" severity="Medium"/>
        <issue line="173" char="32" reason="Missing semicolon." evidence="				str = v[0].name" severity="Medium"/>
        <issue line="181" char="6" reason="Missing semicolon." evidence="	}" severity="Medium"/>
        <issue line="192" char="11" reason="Missing semicolon." evidence="		})" severity="Medium"/>
        <issue line="193" char="6" reason="Missing semicolon." evidence="	}" severity="Medium"/>
        <issue line="202" char="11" reason="Missing semicolon." evidence="		})" severity="Medium"/>
        <issue line="203" char="6" reason="Missing semicolon." evidence="	}" severity="Medium"/>
        <issue line="216" char="6" reason="Missing semicolon." evidence="	}" severity="Medium"/>
        <issue line="240" char="27" reason="Missing semicolon." evidence="						})							" severity="Medium"/>
        <issue line="243" char="15" reason="Missing semicolon." evidence="			})" severity="Medium"/>
        <issue line="244" char="6" reason="Missing semicolon." evidence="	}" severity="Medium"/>
        <issue line="278" char="27" reason="Missing semicolon." evidence="						})							" severity="Medium"/>
        <issue line="281" char="15" reason="Missing semicolon." evidence="			})" severity="Medium"/>
        <issue line="282" char="6" reason="Missing semicolon." evidence="	}" severity="Medium"/>
        <issue line="297" char="27" reason="Missing semicolon." evidence="						})" severity="Medium"/>
        <issue line="318" char="27" reason="Missing semicolon." evidence="						})							" severity="Medium"/>
        <issue line="321" char="15" reason="Missing semicolon." evidence="			})" severity="Medium"/>
        <issue line="322" char="6" reason="Missing semicolon." evidence="	}" severity="Medium"/>
        <issue line="339" char="27" reason="Missing semicolon." evidence="						})" severity="Medium"/>
        <issue line="361" char="27" reason="Missing semicolon." evidence="						})							" severity="Medium"/>
        <issue line="364" char="15" reason="Missing semicolon." evidence="			})" severity="Medium"/>
        <issue line="365" char="6" reason="Missing semicolon." evidence="	}" severity="Medium"/>
        <issue line="378" char="27" reason="Missing semicolon." evidence="						})" severity="Medium"/>
        <issue line="398" char="27" reason="Missing semicolon." evidence="						})							" severity="Medium"/>
        <issue line="401" char="15" reason="Missing semicolon." evidence="			})" severity="Medium"/>
        <issue line="402" char="6" reason="Missing semicolon." evidence="	}" severity="Medium"/>
        <issue line="411" char="11" reason="Missing semicolon." evidence="		})" severity="Medium"/>
        <issue line="412" char="6" reason="Missing semicolon." evidence="	}" severity="Medium"/>
        <issue line="418" char="71" reason="Missing semicolon." evidence="			url = &apos;modules/guserManager/groupsGrid/lookUserMessage.js&apos;" severity="Medium"/>
        <issue line="420" char="64" reason="Missing semicolon." evidence="			url = &apos;modules/guserManager/groupsGrid/lookUser.js&apos;" severity="Medium"/>
        <issue line="428" char="11" reason="Missing semicolon." evidence="		})" severity="Medium"/>
        <issue line="429" char="6" reason="Missing semicolon." evidence="	}" severity="Medium"/>
        <issue line="438" char="6" reason="Missing semicolon." evidence="	}" severity="Medium"/>
        <issue line="81" char="41" reason="&apos;filePath&apos; is not defined." evidence="										filePath = path[path.length - 1].value;" severity="High"/>
    </file>
    <file name="D:\Jenkins\jobs\test\workspace\src\guserManager\roles\addRole.js">
        <issue line="5" char="7" reason="Missing semicolon." evidence="	})" severity="Medium"/>
        <issue line="19" char="1" reason="Mixed spaces and tabs." evidence="//					   	{xtype:&apos;label&apos;,textCls:&apos;title_font&apos;,textAlign:&apos;left&apos;,value:&apos;新建角色&apos;,width:70}" severity="Low"/>
        <issue line="27" char="1" reason="Mixed spaces and tabs." evidence="					   	{xtype:&apos;blank&apos;}" severity="Low"/>
        <issue line="30" char="17" reason="Comma warnings can be turned off with &apos;laxcomma&apos;." evidence="				," severity="High"/>
        <issue line="29" char="17" reason="Bad line breaking before &apos;,&apos;." evidence="				}" severity="High"/>
        <issue line="40" char="17" reason="Bad line breaking before &apos;,&apos;." evidence="				}" severity="High"/>
        <issue line="82" char="6" reason="Missing semicolon." evidence="	}" severity="Medium"/>
        <issue line="105" char="11" reason="Missing semicolon." evidence="		})" severity="Medium"/>
        <issue line="106" char="6" reason="Missing semicolon." evidence="	}" severity="Medium"/>
        <issue line="107" char="3" reason="Missing semicolon." evidence="})" severity="Medium"/>
    </file>
    <file name="D:\Jenkins\jobs\test\workspace\src\guserManager\roles\addRoles.js">
        <issue line="19" char="30" reason="Missing semicolon." evidence="							}" severity="Medium"/>
        <issue line="59" char="26" reason="Missing semicolon." evidence="						}" severity="Medium"/>
        <issue line="63" char="39" reason="Missing semicolon." evidence="						tplus.update()" severity="Medium"/>
        <issue line="98" char="26" reason="Missing semicolon." evidence="						}" severity="Medium"/>
        <issue line="102" char="39" reason="Missing semicolon." evidence="						tplus.update()" severity="Medium"/>
        <issue line="119" char="7" reason="Missing semicolon." evidence="	})" severity="Medium"/>
        <issue line="149" char="1" reason="Mixed spaces and tabs." evidence="//					   	{xtype:&apos;label&apos;,textCls:&apos;title_font&apos;,textAlign:&apos;left&apos;,value:&apos;编辑用户&apos;,width:70}" severity="Low"/>
        <issue line="159" char="115" reason="Duplicate key &apos;width&apos;." evidence="						{xtype:&apos;text&apos;,width:5,textAlign:&apos;left&apos;,name:&apos;name&apos;,leftHidden:true,itemId:&apos;roleName&apos;,width:&apos;max&apos;}," severity="High"/>
        <issue line="169" char="101" reason="Duplicate key &apos;width&apos;." evidence="						{xtype:&apos;text&apos;,name:&apos;orderNum&apos;,leftHidden:true,width:5,textAlign:&apos;left&apos;,width:&apos;max&apos;}," severity="High"/>
        <issue line="177" char="1" reason="Mixed spaces and tabs." evidence="					 	{xtype:&apos;blank&apos;,width:125}," severity="Low"/>
        <issue line="212" char="84" reason="Duplicate key &apos;width&apos;." evidence="								}),defaultField:&apos;name&apos;,fields:[&apos;uuid&apos;,&apos;name&apos;],width:&apos;max&apos;}," severity="High"/>
        <issue line="233" char="84" reason="Duplicate key &apos;width&apos;." evidence="								}),defaultField:&apos;name&apos;,fields:[&apos;uuid&apos;,&apos;name&apos;],width:&apos;max&apos;}," severity="High"/>
        <issue line="254" char="84" reason="Duplicate key &apos;width&apos;." evidence="								}),defaultField:&apos;name&apos;,fields:[&apos;uuid&apos;,&apos;name&apos;],width:&apos;max&apos;}," severity="High"/>
        <issue line="282" char="6" reason="Missing semicolon." evidence="	}" severity="Medium"/>
        <issue line="309" char="11" reason="Missing semicolon." evidence="		})" severity="Medium"/>
        <issue line="310" char="6" reason="Missing semicolon." evidence="	}" severity="Medium"/>
        <issue line="312" char="3" reason="Missing semicolon." evidence="})" severity="Medium"/>
    </file>
    <file name="D:\Jenkins\jobs\test\workspace\src\guserManager\roles\addUser.js">
        <issue line="19" char="30" reason="Missing semicolon." evidence="							}" severity="Medium"/>
        <issue line="23" char="43" reason="Missing semicolon." evidence="							tplus.update()" severity="Medium"/>
        <issue line="41" char="7" reason="Missing semicolon." evidence="	})" severity="Medium"/>
        <issue line="56" char="1" reason="Mixed spaces and tabs." evidence="//					   	{xtype:&apos;label&apos;,textCls:&apos;title_font&apos;,textAlign:&apos;left&apos;,value:&apos;添加用户群组&apos;,width:130}" severity="Low"/>
        <issue line="64" char="1" reason="Mixed spaces and tabs." evidence="					   	{xtype:&apos;blank&apos;}" severity="Low"/>
        <issue line="67" char="17" reason="Comma warnings can be turned off with &apos;laxcomma&apos;." evidence="				," severity="High"/>
        <issue line="66" char="17" reason="Bad line breaking before &apos;,&apos;." evidence="				}" severity="High"/>
        <issue line="88" char="17" reason="Bad line breaking before &apos;,&apos;." evidence="				}" severity="High"/>
        <issue line="124" char="6" reason="Missing semicolon." evidence="	}" severity="Medium"/>
        <issue line="149" char="11" reason="Missing semicolon." evidence="		})" severity="Medium"/>
        <issue line="150" char="6" reason="Missing semicolon." evidence="	}" severity="Medium"/>
        <issue line="152" char="3" reason="Missing semicolon." evidence="})" severity="Medium"/>
        <issue line="145" char="21" reason="&apos;isOpenTree&apos; is not defined." evidence="					isOpenTree = false;" severity="High"/>
    </file>
    <file name="D:\Jenkins\jobs\test\workspace\src\guserManager\roles\editorRole.js">
        <issue line="5" char="7" reason="Missing semicolon." evidence="	})" severity="Medium"/>
        <issue line="19" char="1" reason="Mixed spaces and tabs." evidence="//					   	{xtype:&apos;label&apos;,textCls:&apos;title_font&apos;,textAlign:&apos;left&apos;,value:&apos;编辑角色&apos;,width:70}" severity="Low"/>
        <issue line="27" char="1" reason="Mixed spaces and tabs." evidence="					   	{xtype:&apos;blank&apos;}" severity="Low"/>
        <issue line="30" char="17" reason="Comma warnings can be turned off with &apos;laxcomma&apos;." evidence="				," severity="High"/>
        <issue line="29" char="17" reason="Bad line breaking before &apos;,&apos;." evidence="				}" severity="High"/>
        <issue line="40" char="17" reason="Bad line breaking before &apos;,&apos;." evidence="				}" severity="High"/>
        <issue line="87" char="6" reason="Missing semicolon." evidence="	}" severity="Medium"/>
        <issue line="110" char="11" reason="Missing semicolon." evidence="		})" severity="Medium"/>
        <issue line="111" char="6" reason="Missing semicolon." evidence="	}" severity="Medium"/>
        <issue line="112" char="3" reason="Missing semicolon." evidence="})" severity="Medium"/>
    </file>
    <file name="D:\Jenkins\jobs\test\workspace\src\guserManager\roles\editorRoles.js">
        <issue line="21" char="30" reason="Missing semicolon." evidence="							}" severity="Medium"/>
        <issue line="25" char="43" reason="Missing semicolon." evidence="							tplus.update()" severity="Medium"/>
        <issue line="61" char="26" reason="Missing semicolon." evidence="						}" severity="Medium"/>
        <issue line="65" char="39" reason="Missing semicolon." evidence="						tplus.update()" severity="Medium"/>
        <issue line="100" char="26" reason="Missing semicolon." evidence="						}" severity="Medium"/>
        <issue line="104" char="39" reason="Missing semicolon." evidence="						tplus.update()" severity="Medium"/>
        <issue line="121" char="7" reason="Missing semicolon." evidence="	})" severity="Medium"/>
        <issue line="152" char="1" reason="Mixed spaces and tabs." evidence="//					   	{xtype:&apos;label&apos;,textCls:&apos;title_font&apos;,textAlign:&apos;left&apos;,value:&apos;编辑用户&apos;,width:70}" severity="Low"/>
        <issue line="162" char="98" reason="Duplicate key &apos;width&apos;." evidence="						{xtype:&apos;text&apos;,width:5,leftHidden:true,name:&apos;name&apos;,itemId:&apos;roleName&apos;,width:&apos;max&apos;}," severity="High"/>
        <issue line="182" char="88" reason="Duplicate key &apos;width&apos;." evidence="						{xtype:&apos;label&apos;,width:5,textAlign:&apos;left&apos;,itemId:&apos;roleType&apos;,width:&apos;max&apos;}," severity="High"/>
        <issue line="192" char="88" reason="Duplicate key &apos;width&apos;." evidence="						{xtype:&apos;label&apos;,width:5,textAlign:&apos;left&apos;,itemId:&apos;roleFrom&apos;,width:&apos;max&apos;}," severity="High"/>
        <issue line="202" char="87" reason="Duplicate key &apos;width&apos;." evidence="						{xtype:&apos;label&apos;,width:5,textAlign:&apos;left&apos;,itemId:&apos;time_id&apos;,width:&apos;max&apos;}," severity="High"/>
        <issue line="212" char="86" reason="Duplicate key &apos;width&apos;." evidence="						{xtype:&apos;label&apos;,width:5,textAlign:&apos;left&apos;,itemId:&apos;man_id&apos;,width:&apos;max&apos;}," severity="High"/>
        <issue line="233" char="84" reason="Duplicate key &apos;width&apos;." evidence="								}),defaultField:&apos;name&apos;,fields:[&apos;uuid&apos;,&apos;name&apos;],width:&apos;max&apos;}," severity="High"/>
        <issue line="254" char="84" reason="Duplicate key &apos;width&apos;." evidence="								}),defaultField:&apos;name&apos;,fields:[&apos;uuid&apos;,&apos;name&apos;],width:&apos;max&apos;}," severity="High"/>
        <issue line="275" char="84" reason="Duplicate key &apos;width&apos;." evidence="								}),defaultField:&apos;name&apos;,fields:[&apos;uuid&apos;,&apos;name&apos;],width:&apos;max&apos;}," severity="High"/>
        <issue line="372" char="19" reason="Missing semicolon." evidence="				})" severity="Medium"/>
        <issue line="376" char="6" reason="Missing semicolon." evidence="	}" severity="Medium"/>
        <issue line="409" char="54" reason="Missing radix parameter." evidence="			data.orderNum = parseInt(getData.orderNum);" severity="High"/>
        <issue line="433" char="11" reason="Missing semicolon." evidence="		})" severity="Medium"/>
        <issue line="434" char="6" reason="Missing semicolon." evidence="	}" severity="Medium"/>
        <issue line="436" char="3" reason="Missing semicolon." evidence="})" severity="Medium"/>
    </file>
    <file name="D:\Jenkins\jobs\test\workspace\src\guserManager\roles\lookRoleGroups.js">
        <issue line="74" char="6" reason="Missing semicolon." evidence="	}" severity="Medium"/>
        <issue line="80" char="51" reason="Missing semicolon." evidence="				groupsName = groupsName+n.name+&apos;;&apos;" severity="Medium"/>
        <issue line="81" char="15" reason="Missing semicolon." evidence="			})" severity="Medium"/>
        <issue line="82" char="30" reason="Missing semicolon." evidence="			return groupsName" severity="Medium"/>
        <issue line="84" char="23" reason="Missing semicolon." evidence="			return &apos; &apos;" severity="Medium"/>
        <issue line="86" char="6" reason="Missing semicolon." evidence="	}" severity="Medium"/>
        <issue line="114" char="11" reason="Missing semicolon." evidence="		})" severity="Medium"/>
        <issue line="115" char="6" reason="Missing semicolon." evidence="	}" severity="Medium"/>
        <issue line="126" char="11" reason="Missing semicolon." evidence="		})" severity="Medium"/>
        <issue line="127" char="6" reason="Missing semicolon." evidence="	}" severity="Medium"/>
        <issue line="146" char="11" reason="Missing semicolon." evidence="		})" severity="Medium"/>
        <issue line="147" char="6" reason="Missing semicolon." evidence="	}" severity="Medium"/>
        <issue line="165" char="27" reason="Missing semicolon." evidence="						})" severity="Medium"/>
        <issue line="185" char="27" reason="Missing semicolon." evidence="						})							" severity="Medium"/>
        <issue line="188" char="15" reason="Missing semicolon." evidence="			})" severity="Medium"/>
        <issue line="189" char="6" reason="Missing semicolon." evidence="	}" severity="Medium"/>
        <issue line="206" char="27" reason="Missing semicolon." evidence="						})" severity="Medium"/>
        <issue line="227" char="27" reason="Missing semicolon." evidence="						})							" severity="Medium"/>
        <issue line="230" char="15" reason="Missing semicolon." evidence="			})" severity="Medium"/>
        <issue line="231" char="6" reason="Missing semicolon." evidence="	}" severity="Medium"/>
        <issue line="244" char="27" reason="Missing semicolon." evidence="						})" severity="Medium"/>
        <issue line="264" char="27" reason="Missing semicolon." evidence="						})							" severity="Medium"/>
        <issue line="267" char="15" reason="Missing semicolon." evidence="			})" severity="Medium"/>
        <issue line="268" char="6" reason="Missing semicolon." evidence="	}" severity="Medium"/>
        <issue line="276" char="6" reason="Missing semicolon." evidence="	}" severity="Medium"/>
    </file>
    <file name="D:\Jenkins\jobs\test\workspace\src\guserManager\roles\roleList.js">
        <issue line="50" char="58" reason="Duplicate key &apos;textAlign&apos;." evidence="				{header:&apos;角色名称&apos;,textAlign:&apos;left&apos;,textAlign:&apos;left&apos;,width:&apos;max&apos;,mapping:&apos;name&apos;,handler:me.opener,renderer:me.setCur}," severity="High"/>
        <issue line="51" char="58" reason="Duplicate key &apos;textAlign&apos;." evidence="				{header:&apos;角色类型&apos;,textAlign:&apos;left&apos;,textAlign:&apos;left&apos;,width:&apos;max&apos;,mapping:&apos;sys&apos;,renderer:me.setType}," severity="High"/>
        <issue line="52" char="58" reason="Duplicate key &apos;textAlign&apos;." evidence="				{header:&apos;角色来源&apos;,textAlign:&apos;left&apos;,textAlign:&apos;left&apos;,width:&apos;max&apos;,mapping:&apos;appId&apos;}," severity="High"/>
        <issue line="64" char="6" reason="Missing semicolon." evidence="	}" severity="Medium"/>
        <issue line="67" char="26" reason="Missing semicolon." evidence="			return &apos;系统角色&apos;" severity="Medium"/>
        <issue line="69" char="27" reason="Missing semicolon." evidence="			return &apos;自定义角色&apos;" severity="Medium"/>
        <issue line="71" char="6" reason="Missing semicolon." evidence="	}" severity="Medium"/>
        <issue line="83" char="6" reason="Missing semicolon." evidence="	}" severity="Medium"/>
        <issue line="93" char="11" reason="Missing semicolon." evidence="		})" severity="Medium"/>
        <issue line="94" char="6" reason="Missing semicolon." evidence="	}" severity="Medium"/>
        <issue line="105" char="11" reason="Missing semicolon." evidence="		})" severity="Medium"/>
        <issue line="106" char="6" reason="Missing semicolon." evidence="	}" severity="Medium"/>
        <issue line="119" char="27" reason="Missing semicolon." evidence="						})" severity="Medium"/>
        <issue line="139" char="27" reason="Missing semicolon." evidence="						})							" severity="Medium"/>
        <issue line="142" char="15" reason="Missing semicolon." evidence="			})" severity="Medium"/>
        <issue line="143" char="6" reason="Missing semicolon." evidence="	}" severity="Medium"/>
        <issue line="152" char="6" reason="Missing semicolon." evidence="	}" severity="Medium"/>
        <issue line="161" char="6" reason="Missing semicolon." evidence="	}" severity="Medium"/>
    </file>
    <file name="D:\Jenkins\jobs\test\workspace\src\guserManager\roles\showRoleDetail.js">
        <issue line="178" char="6" reason="Missing semicolon." evidence="	}" severity="Medium"/>
        <issue line="182" char="6" reason="Missing semicolon." evidence="	}" severity="Medium"/>
        <issue line="190" char="6" reason="Missing semicolon." evidence="	}" severity="Medium"/>
    </file>
    <file name="D:\Jenkins\jobs\test\workspace\src\guserManager\servicelist.js">
        <issue line="8" char="6" reason="Missing semicolon." evidence="	}" severity="Medium"/>
        <issue line="15" char="6" reason="Missing semicolon." evidence="	}" severity="Medium"/>
        <issue line="22" char="6" reason="Missing semicolon." evidence="	}" severity="Medium"/>
        <issue line="29" char="6" reason="Missing semicolon." evidence="	}" severity="Medium"/>
        <issue line="36" char="6" reason="Missing semicolon." evidence="	}" severity="Medium"/>
        <issue line="43" char="6" reason="Missing semicolon." evidence="	}" severity="Medium"/>
        <issue line="50" char="6" reason="Missing semicolon." evidence="	}" severity="Medium"/>
        <issue line="57" char="6" reason="Missing semicolon." evidence="	}" severity="Medium"/>
        <issue line="64" char="6" reason="Missing semicolon." evidence="	}" severity="Medium"/>
        <issue line="71" char="6" reason="Missing semicolon." evidence="	}" severity="Medium"/>
        <issue line="78" char="6" reason="Missing semicolon." evidence="	}" severity="Medium"/>
        <issue line="85" char="6" reason="Missing semicolon." evidence="	}" severity="Medium"/>
        <issue line="92" char="6" reason="Missing semicolon." evidence="	}" severity="Medium"/>
        <issue line="99" char="6" reason="Missing semicolon." evidence="	}" severity="Medium"/>
        <issue line="106" char="6" reason="Missing semicolon." evidence="	}" severity="Medium"/>
        <issue line="111" char="6" reason="Missing semicolon." evidence="	}" severity="Medium"/>
        <issue line="118" char="6" reason="Missing semicolon." evidence="	}" severity="Medium"/>
        <issue line="125" char="6" reason="Missing semicolon." evidence="	}" severity="Medium"/>
        <issue line="132" char="6" reason="Missing semicolon." evidence="	}" severity="Medium"/>
        <issue line="139" char="6" reason="Missing semicolon." evidence="	}" severity="Medium"/>
        <issue line="146" char="6" reason="Missing semicolon." evidence="	}" severity="Medium"/>
        <issue line="153" char="6" reason="Missing semicolon." evidence="	}" severity="Medium"/>
        <issue line="160" char="6" reason="Missing semicolon." evidence="	}" severity="Medium"/>
        <issue line="167" char="6" reason="Missing semicolon." evidence="	}" severity="Medium"/>
        <issue line="174" char="6" reason="Missing semicolon." evidence="	}" severity="Medium"/>
        <issue line="181" char="6" reason="Missing semicolon." evidence="	}" severity="Medium"/>
        <issue line="188" char="6" reason="Missing semicolon." evidence="	}" severity="Medium"/>
        <issue line="195" char="6" reason="Missing semicolon." evidence="	}" severity="Medium"/>
        <issue line="202" char="6" reason="Missing semicolon." evidence="	}" severity="Medium"/>
        <issue line="209" char="6" reason="Missing semicolon." evidence="	}" severity="Medium"/>
        <issue line="216" char="6" reason="Missing semicolon." evidence="	}" severity="Medium"/>
        <issue line="221" char="6" reason="Missing semicolon." evidence="	}" severity="Medium"/>
        <issue line="225" char="6" reason="Missing semicolon." evidence="	}" severity="Medium"/>
        <issue line="229" char="6" reason="Missing semicolon." evidence="	}" severity="Medium"/>
        <issue line="235" char="6" reason="Missing semicolon." evidence="	}" severity="Medium"/>
        <issue line="241" char="6" reason="Missing semicolon." evidence="	}" severity="Medium"/>
        <issue line="247" char="6" reason="Missing semicolon." evidence="	}" severity="Medium"/>
        <issue line="254" char="6" reason="Missing semicolon." evidence="	}" severity="Medium"/>
        <issue line="261" char="6" reason="Missing semicolon." evidence="	}" severity="Medium"/>
        <issue line="267" char="6" reason="Missing semicolon." evidence="	}" severity="Medium"/>
        <issue line="274" char="6" reason="Missing semicolon." evidence="	}" severity="Medium"/>
        <issue line="280" char="6" reason="Missing semicolon." evidence="	}" severity="Medium"/>
        <issue line="287" char="6" reason="Missing semicolon." evidence="	}" severity="Medium"/>
        <issue line="293" char="6" reason="Missing semicolon." evidence="	}" severity="Medium"/>
        <issue line="300" char="6" reason="Missing semicolon." evidence="	}" severity="Medium"/>
        <issue line="306" char="6" reason="Missing semicolon." evidence="	}" severity="Medium"/>
        <issue line="313" char="6" reason="Missing semicolon." evidence="	}" severity="Medium"/>
        <issue line="411" char="1" reason="Mixed spaces and tabs." evidence="    	service : &apos;userManager.userManageAction&apos;," severity="Low"/>
        <issue line="413" char="6" reason="Missing semicolon." evidence="    }" severity="Medium"/>
        <issue line="417" char="1" reason="Mixed spaces and tabs." evidence="    	service : &apos;userManager.userManageAction&apos;," severity="Low"/>
        <issue line="419" char="6" reason="Missing semicolon." evidence="    }" severity="Medium"/>
        <issue line="423" char="1" reason="Mixed spaces and tabs." evidence="    	service : &apos;userManager.userManageAction&apos;," severity="Low"/>
        <issue line="425" char="6" reason="Missing semicolon." evidence="    }" severity="Medium"/>
        <issue line="429" char="1" reason="Mixed spaces and tabs." evidence="    	service : &apos;userManager.userManageAction&apos;," severity="Low"/>
        <issue line="431" char="6" reason="Missing semicolon." evidence="    }" severity="Medium"/>
        <issue line="435" char="1" reason="Mixed spaces and tabs." evidence="    	service : &apos;webChat.webChatActionImpl&apos;," severity="Low"/>
        <issue line="437" char="6" reason="Missing semicolon." evidence="    }" severity="Medium"/>
        <issue line="438" char="3" reason="Missing semicolon." evidence="})" severity="Medium"/>
    </file>
    <file name="D:\Jenkins\jobs\test\workspace\src\guserManager\sysUserInfoManage\updatePwd.js">
        <issue line="16" char="33" reason="Use &apos;===&apos; to compare with &apos;true&apos;." evidence="						if(flag == true){" severity="High"/>
        <issue line="44" char="34" reason="Missing semicolon." evidence="								}" severity="Medium"/>
        <issue line="49" char="45" reason="&apos;messageinfo&apos; is already defined." evidence="							var messageinfo = new Gframe.controls.NewMessage({parent:mc.viewer," severity="High"/>
    </file>
    <file name="D:\Jenkins\jobs\test\workspace\src\guserManager\sysUserInfoManage\viewUserInfo.js">
        <issue line="98" char="1" reason="Mixed spaces and tabs." evidence="			var labelaName = new Gframe.controls.Label({textAlign:&apos;right&apos;,textCls:&apos;title_font&apos;,width:120,value:&apos;姓名：&apos;}); 		" severity="Low"/>
        <issue line="99" char="1" reason="Mixed spaces and tabs." evidence="			var valueName = new Gframe.controls.Label({textAlign:&apos;left&apos;,width:&apos;max&apos;}); 		" severity="Low"/>
        <issue line="106" char="1" reason="Mixed spaces and tabs." evidence="			var labelaSex = new Gframe.controls.Label({textAlign:&apos;right&apos;,textCls:&apos;title_font&apos;,width:120,value:&apos;性别：&apos;}); 		" severity="Low"/>
        <issue line="107" char="1" reason="Mixed spaces and tabs." evidence="			var valueSex = new Gframe.controls.Label({textAlign:&apos;left&apos;,width:&apos;max&apos;}); 		" severity="Low"/>
        <issue line="114" char="1" reason="Mixed spaces and tabs." evidence="			var labelaEmail = new Gframe.controls.Label({textAlign:&apos;right&apos;,textCls:&apos;title_font&apos;,width:120,value:&apos;邮箱：&apos;}); 		" severity="Low"/>
        <issue line="115" char="1" reason="Mixed spaces and tabs." evidence="			var valueEmail = new Gframe.controls.Label({textAlign:&apos;left&apos;,width:&apos;max&apos;}); 		" severity="Low"/>
        <issue line="122" char="1" reason="Mixed spaces and tabs." evidence="			var labelaPhoneNum = new Gframe.controls.Label({textAlign:&apos;right&apos;,textCls:&apos;title_font&apos;,width:120,value:&apos;手机：&apos;}); 		" severity="Low"/>
        <issue line="123" char="1" reason="Mixed spaces and tabs." evidence="			var valuePhoneNum = new Gframe.controls.Label({textAlign:&apos;left&apos;,width:&apos;max&apos;}); 		" severity="Low"/>
        <issue line="130" char="1" reason="Mixed spaces and tabs." evidence="			var labelaDepartment = new Gframe.controls.Label({textAlign:&apos;right&apos;,textCls:&apos;title_font&apos;,width:120,value:&apos;部门：&apos;}); 		" severity="Low"/>
        <issue line="131" char="1" reason="Mixed spaces and tabs." evidence="			var valueDepartment = new Gframe.controls.Label({textAlign:&apos;left&apos;,width:&apos;max&apos;}); 		" severity="Low"/>
        <issue line="199" char="10" reason="Missing semicolon." evidence="		}" severity="Medium"/>
        <issue line="270" char="6" reason="Missing semicolon." evidence="	}" severity="Medium"/>
        <issue line="264" char="17" reason="&apos;getMyUserInfo&apos; is not defined." evidence="				getMyUserInfo();" severity="High"/>
    </file>
    <file name="D:\Jenkins\jobs\test\workspace\src\guserManager\systemUserInfo\editPwd.js">
        <issue line="63" char="6" reason="Missing semicolon." evidence="	}" severity="Medium"/>
        <issue line="98" char="6" reason="Missing semicolon." evidence="	}" severity="Medium"/>
    </file>
    <file name="D:\Jenkins\jobs\test\workspace\src\guserManager\systemUserInfo\editUser.js">
        <issue line="141" char="6" reason="Missing semicolon." evidence="    }" severity="Medium"/>
        <issue line="402" char="6" reason="Missing semicolon." evidence="    }" severity="Medium"/>
        <issue line="397" char="21" reason="&apos;getMyUserInfo&apos; is not defined." evidence="                    getMyUserInfo();" severity="High"/>
    </file>
    <file name="D:\Jenkins\jobs\test\workspace\src\guserManager\systemUserInfo\editUserInfo.js">
        <issue line="141" char="6" reason="Missing semicolon." evidence="	}" severity="Medium"/>
        <issue line="188" char="10" reason="Unnecessary semicolon." evidence="		};" severity="High"/>
        <issue line="190" char="6" reason="Missing semicolon." evidence="	}" severity="Medium"/>
        <issue line="202" char="10" reason="Unnecessary semicolon." evidence="		};" severity="High"/>
        <issue line="241" char="6" reason="Missing semicolon." evidence="	}" severity="Medium"/>
        <issue line="234" char="33" reason="&apos;getMyUserInfo&apos; is not defined." evidence="								getMyUserInfo();" severity="High"/>
    </file>
    <file name="D:\Jenkins\jobs\test\workspace\src\guserManager\systemUserInfo\viewUserInfo.js">
        <issue line="71" char="6" reason="Missing semicolon." evidence="	}" severity="Medium"/>
        <issue line="92" char="10" reason="Unnecessary semicolon." evidence="		};" severity="High"/>
        <issue line="111" char="1" reason="Mixed spaces and tabs." evidence="		var labelaAcount = new Gframe.controls.Label({textAlign:&apos;right&apos;,textCls:&apos;title_font&apos;,width:120,value:&apos;账号：&apos;}); 		" severity="Low"/>
        <issue line="121" char="1" reason="Mixed spaces and tabs." evidence="		var labelaEmail = new Gframe.controls.Label({textAlign:&apos;right&apos;,textCls:&apos;title_font&apos;,width:120,value:&apos;电子邮箱：&apos;}); 		" severity="Low"/>
        <issue line="122" char="1" reason="Mixed spaces and tabs." evidence="		var labelaPhone = new Gframe.controls.Label({textAlign:&apos;right&apos;,textCls:&apos;title_font&apos;,width:120,value:&apos;手机：&apos;}); 		" severity="Low"/>
        <issue line="123" char="1" reason="Mixed spaces and tabs." evidence="		var valueEmail = new Gframe.controls.Label({textAlign:&apos;left&apos;,width:&apos;max&apos;}); 		" severity="Low"/>
        <issue line="150" char="1" reason="Mixed spaces and tabs." evidence="		var labelaEmail3 = new Gframe.controls.Label({textAlign:&apos;right&apos;,textCls:&apos;title_font&apos;,width:120,value:&apos;姓名：&apos;}); 		" severity="Low"/>
        <issue line="151" char="1" reason="Mixed spaces and tabs." evidence="		var labelaPhone3 = new Gframe.controls.Label({textAlign:&apos;right&apos;,textCls:&apos;title_font&apos;,width:120,value:&apos;性别：&apos;}); 		" severity="Low"/>
        <issue line="152" char="1" reason="Mixed spaces and tabs." evidence="		var valueEmail3 = new Gframe.controls.Label({textAlign:&apos;left&apos;,width:&apos;max&apos;}); 		" severity="Low"/>
        <issue line="171" char="1" reason="Mixed spaces and tabs." evidence="		var labelaEmail5 = new Gframe.controls.Label({textAlign:&apos;right&apos;,textCls:&apos;title_font&apos;,width:120,value:&apos;部门：&apos;}); 		" severity="Low"/>
        <issue line="172" char="1" reason="Mixed spaces and tabs." evidence="		var labelaPhone5 = new Gframe.controls.Label({textAlign:&apos;right&apos;,textCls:&apos;title_font&apos;,width:120,value:&apos;职务：&apos;}); 		" severity="Low"/>
        <issue line="173" char="1" reason="Mixed spaces and tabs." evidence="		var valueEmail5 = new Gframe.controls.Label({textAlign:&apos;left&apos;,width:&apos;max&apos;}); 		" severity="Low"/>
        <issue line="188" char="1" reason="Mixed spaces and tabs." evidence="		var labelaEmail6 = new Gframe.controls.Label({textAlign:&apos;right&apos;,textCls:&apos;title_font&apos;,width:120,value:&apos;职级：&apos;}); 		" severity="Low"/>
        <issue line="189" char="1" reason="Mixed spaces and tabs." evidence="		var labelaPhone6 = new Gframe.controls.Label({textAlign:&apos;right&apos;,textCls:&apos;title_font&apos;,width:120,value:&apos;入职时间：&apos;}); 		" severity="Low"/>
        <issue line="190" char="1" reason="Mixed spaces and tabs." evidence="		var valueEmail6 = new Gframe.controls.Label({textAlign:&apos;left&apos;,width:&apos;max&apos;}); 		" severity="Low"/>
        <issue line="205" char="1" reason="Mixed spaces and tabs." evidence="		var labelaEmail7 = new Gframe.controls.Label({textAlign:&apos;right&apos;,textCls:&apos;title_font&apos;,width:120,value:&apos;生日：&apos;}); 		" severity="Low"/>
        <issue line="206" char="1" reason="Mixed spaces and tabs." evidence="		var labelaPhone7 = new Gframe.controls.Label({textAlign:&apos;right&apos;,textCls:&apos;title_font&apos;,width:120,value:&apos;民族：&apos;}); 		" severity="Low"/>
        <issue line="207" char="1" reason="Mixed spaces and tabs." evidence="		var valueEmail7 = new Gframe.controls.Label({textAlign:&apos;left&apos;,width:&apos;max&apos;}); 		" severity="Low"/>
        <issue line="222" char="1" reason="Mixed spaces and tabs." evidence="		var labelaEmail8 = new Gframe.controls.Label({textAlign:&apos;right&apos;,textCls:&apos;title_font&apos;,width:120,value:&apos;政治面貌：&apos;}); 		" severity="Low"/>
        <issue line="223" char="1" reason="Mixed spaces and tabs." evidence="		var labelaPhone8 = new Gframe.controls.Label({textAlign:&apos;right&apos;,textCls:&apos;title_font&apos;,width:120,value:&apos;籍贯：&apos;}); 		" severity="Low"/>
        <issue line="224" char="1" reason="Mixed spaces and tabs." evidence="		var valueEmail8 = new Gframe.controls.Label({textAlign:&apos;left&apos;,width:&apos;max&apos;}); 		" severity="Low"/>
        <issue line="320" char="1" reason="Mixed spaces and tabs." evidence="		var labelaEmail15 = new Gframe.controls.Label({textAlign:&apos;right&apos;,textCls:&apos;title_font&apos;,width:120,value:&apos;办公电话：&apos;}); 		" severity="Low"/>
        <issue line="321" char="1" reason="Mixed spaces and tabs." evidence="		var labelaPhone15 = new Gframe.controls.Label({textAlign:&apos;right&apos;,textCls:&apos;title_font&apos;,width:120,value:&apos;家庭电话：&apos;}); 		" severity="Low"/>
        <issue line="322" char="1" reason="Mixed spaces and tabs." evidence="		var valueEmail15 = new Gframe.controls.Label({textAlign:&apos;left&apos;,width:&apos;max&apos;}); 		" severity="Low"/>
        <issue line="337" char="1" reason="Mixed spaces and tabs." evidence="		var labelaEmail16 = new Gframe.controls.Label({textAlign:&apos;right&apos;,textCls:&apos;title_font&apos;,width:120,value:&apos;手机：&apos;}); 		" severity="Low"/>
        <issue line="338" char="1" reason="Mixed spaces and tabs." evidence="		var labelaPhone16 = new Gframe.controls.Label({textAlign:&apos;right&apos;,textCls:&apos;title_font&apos;,width:120,value:&apos;电子邮箱：&apos;}); 		" severity="Low"/>
        <issue line="339" char="1" reason="Mixed spaces and tabs." evidence="		var valueEmail16 = new Gframe.controls.Label({textAlign:&apos;left&apos;,width:&apos;max&apos;}); 		" severity="Low"/>
        <issue line="354" char="1" reason="Mixed spaces and tabs." evidence="		var labelaEmail17 = new Gframe.controls.Label({textAlign:&apos;right&apos;,textCls:&apos;title_font&apos;,width:120,value:&apos;家庭地址：&apos;}); 		" severity="Low"/>
        <issue line="355" char="1" reason="Mixed spaces and tabs." evidence="		var labelaPhone17 = new Gframe.controls.Label({textAlign:&apos;right&apos;,textCls:&apos;title_font&apos;,width:120,value:&apos;邮编：&apos;}); 		" severity="Low"/>
        <issue line="356" char="1" reason="Mixed spaces and tabs." evidence="		var valueEmail17 = new Gframe.controls.Label({textAlign:&apos;left&apos;,width:&apos;max&apos;}); 		" severity="Low"/>
        <issue line="372" char="1" reason="Mixed spaces and tabs." evidence="		var labelaEmail18 = new Gframe.controls.Label({textAlign:&apos;right&apos;,textCls:&apos;title_font&apos;,width:120,value:&apos;通讯地址：&apos;}); 		" severity="Low"/>
        <issue line="373" char="1" reason="Mixed spaces and tabs." evidence="		var labelaPhone18 = new Gframe.controls.Label({textAlign:&apos;right&apos;,textCls:&apos;title_font&apos;,width:120,value:&apos;邮编：&apos;}); 		" severity="Low"/>
        <issue line="374" char="1" reason="Mixed spaces and tabs." evidence="		var valueEmail18 = new Gframe.controls.Label({textAlign:&apos;left&apos;,width:&apos;max&apos;}); 		" severity="Low"/>
        <issue line="423" char="6" reason="Missing semicolon." evidence="	}" severity="Medium"/>
        <issue line="435" char="6" reason="Missing semicolon." evidence="	}" severity="Medium"/>
        <issue line="445" char="6" reason="Missing semicolon." evidence="	}" severity="Medium"/>
    </file>
    <file name="D:\Jenkins\jobs\test\workspace\src\guserManager\userGroups\addGroups.js">
        <issue line="19" char="26" reason="Missing semicolon." evidence="						}" severity="Medium"/>
        <issue line="23" char="39" reason="Missing semicolon." evidence="						tplus.update()" severity="Medium"/>
        <issue line="40" char="7" reason="Missing semicolon." evidence="	})" severity="Medium"/>
        <issue line="55" char="1" reason="Mixed spaces and tabs." evidence="//					   	{xtype:&apos;label&apos;,textCls:&apos;title_font&apos;,textAlign:&apos;left&apos;,value:&apos;新建分组&apos;,width:70}" severity="Low"/>
        <issue line="63" char="1" reason="Mixed spaces and tabs." evidence="					   	{xtype:&apos;blank&apos;}" severity="Low"/>
        <issue line="66" char="17" reason="Comma warnings can be turned off with &apos;laxcomma&apos;." evidence="				," severity="High"/>
        <issue line="65" char="17" reason="Bad line breaking before &apos;,&apos;." evidence="				}" severity="High"/>
        <issue line="98" char="17" reason="Bad line breaking before &apos;,&apos;." evidence="				}" severity="High"/>
        <issue line="164" char="6" reason="Missing semicolon." evidence="	}" severity="Medium"/>
        <issue line="191" char="11" reason="Missing semicolon." evidence="		})" severity="Medium"/>
        <issue line="192" char="6" reason="Missing semicolon." evidence="	}" severity="Medium"/>
        <issue line="193" char="3" reason="Missing semicolon." evidence="})" severity="Medium"/>
    </file>
    <file name="D:\Jenkins\jobs\test\workspace\src\guserManager\userGroups\addUserGroup.js">
        <issue line="22" char="26" reason="Missing semicolon." evidence="						}" severity="Medium"/>
        <issue line="51" char="26" reason="Missing semicolon." evidence="						}" severity="Medium"/>
        <issue line="55" char="39" reason="Missing semicolon." evidence="						tplus.update()" severity="Medium"/>
        <issue line="82" char="7" reason="Missing semicolon." evidence="	})" severity="Medium"/>
        <issue line="110" char="1" reason="Mixed spaces and tabs." evidence="//					   	{xtype:&apos;label&apos;,textCls:&apos;title_font&apos;,textAlign:&apos;left&apos;,value:&apos;编辑分组&apos;,width:70}" severity="Low"/>
        <issue line="238" char="6" reason="Missing semicolon." evidence="	}" severity="Medium"/>
        <issue line="269" char="11" reason="Missing semicolon." evidence="		})" severity="Medium"/>
        <issue line="270" char="6" reason="Missing semicolon." evidence="	}" severity="Medium"/>
        <issue line="271" char="3" reason="Missing semicolon." evidence="})" severity="Medium"/>
        <issue line="46" char="21" reason="&apos;userGroupTree&apos; is not defined." evidence="					userGroupTree = new Treebar({serviceType:true});	" severity="High"/>
        <issue line="47" char="21" reason="&apos;userGroupTree&apos; is not defined." evidence="					userGroupTree.handler = function(node){" severity="High"/>
        <issue line="58" char="21" reason="&apos;userGroupTree&apos; is not defined." evidence="                    userGroupTree.renderer = function (tObj) {" severity="High"/>
        <issue line="67" char="28" reason="&apos;userGroupTree&apos; is not defined." evidence="					return userGroupTree;" severity="High"/>
        <issue line="76" char="42" reason="&apos;userGroupTree&apos; is not defined." evidence="							mc.fireEvent(userGroupTree.get(&apos;id&apos;),&apos;loadData&apos;,{obj:response.responseText});" severity="High"/>
    </file>
    <file name="D:\Jenkins\jobs\test\workspace\src\guserManager\userGroups\editorGroups.js">
        <issue line="21" char="26" reason="Missing semicolon." evidence="						}" severity="Medium"/>
        <issue line="25" char="39" reason="Missing semicolon." evidence="						tplus.update()" severity="Medium"/>
        <issue line="51" char="30" reason="Missing semicolon." evidence="							}" severity="Medium"/>
        <issue line="55" char="43" reason="Missing semicolon." evidence="							tplus.update()	" severity="Medium"/>
        <issue line="83" char="7" reason="Missing semicolon." evidence="	})" severity="Medium"/>
        <issue line="111" char="1" reason="Mixed spaces and tabs." evidence="//					   	{xtype:&apos;label&apos;,textCls:&apos;title_font&apos;,textAlign:&apos;left&apos;,value:&apos;编辑分组&apos;,width:70}" severity="Low"/>
        <issue line="267" char="19" reason="Missing semicolon." evidence="				})" severity="Medium"/>
        <issue line="270" char="6" reason="Missing semicolon." evidence="	}" severity="Medium"/>
        <issue line="326" char="11" reason="Missing semicolon." evidence="		})" severity="Medium"/>
        <issue line="327" char="6" reason="Missing semicolon." evidence="	}" severity="Medium"/>
        <issue line="328" char="3" reason="Missing semicolon." evidence="})" severity="Medium"/>
        <issue line="45" char="21" reason="&apos;userGroupTree&apos; is not defined." evidence="					userGroupTree = new Treebar({serviceType:true});	" severity="High"/>
        <issue line="46" char="21" reason="&apos;userGroupTree&apos; is not defined." evidence="					userGroupTree.handler = function(node){" severity="High"/>
        <issue line="59" char="21" reason="&apos;userGroupTree&apos; is not defined." evidence="                    userGroupTree.renderer = function (tObj) {" severity="High"/>
        <issue line="68" char="28" reason="&apos;userGroupTree&apos; is not defined." evidence="					return userGroupTree;" severity="High"/>
        <issue line="77" char="42" reason="&apos;userGroupTree&apos; is not defined." evidence="							mc.fireEvent(userGroupTree.get(&apos;id&apos;),&apos;loadData&apos;,{obj:response.responseText});" severity="High"/>
    </file>
    <file name="D:\Jenkins\jobs\test\workspace\src\guserManager\userGroups\lookMessage.js">
        <issue line="5" char="7" reason="Missing semicolon." evidence="	})" severity="Medium"/>
        <issue line="19" char="1" reason="Mixed spaces and tabs." evidence="//					   	{xtype:&apos;label&apos;,textCls:&apos;title_font&apos;,textAlign:&apos;left&apos;,value:&apos;分组详情&apos;,width:70}" severity="Low"/>
        <issue line="27" char="1" reason="Mixed spaces and tabs." evidence="					   	{xtype:&apos;blank&apos;}" severity="Low"/>
        <issue line="30" char="17" reason="Comma warnings can be turned off with &apos;laxcomma&apos;." evidence="				," severity="High"/>
        <issue line="29" char="17" reason="Bad line breaking before &apos;,&apos;." evidence="				}" severity="High"/>
        <issue line="50" char="17" reason="Bad line breaking before &apos;,&apos;." evidence="				}" severity="High"/>
        <issue line="102" char="63" reason="Missing semicolon." evidence="								roleName = roleName+n.name+&apos;;&apos;" severity="Medium"/>
        <issue line="104" char="78" reason="Unnecessary semicolon." evidence="							form.getByItemId(&apos;roleNames&apos;).setValue(roleName);;" severity="High"/>
        <issue line="107" char="19" reason="Missing semicolon." evidence="				})" severity="Medium"/>
        <issue line="110" char="6" reason="Missing semicolon." evidence="	}" severity="Medium"/>
        <issue line="111" char="3" reason="Missing semicolon." evidence="})" severity="Medium"/>
    </file>
    <file name="D:\Jenkins\jobs\test\workspace\src\guserManager\userGroups\userManagerMain.js">
        <issue line="14" char="29" reason="Unreachable &apos;break&apos; after &apos;return&apos;." evidence="							break;" severity="High"/>
        <issue line="17" char="29" reason="Unreachable &apos;break&apos; after &apos;return&apos;." evidence="							break;" severity="High"/>
        <issue line="20" char="29" reason="Unreachable &apos;break&apos; after &apos;return&apos;." evidence="							break;" severity="High"/>
        <issue line="23" char="29" reason="Unreachable &apos;break&apos; after &apos;return&apos;." evidence="							break;" severity="High"/>
        <issue line="75" char="7" reason="Missing semicolon." evidence="	})" severity="Medium"/>
        <issue line="84" char="6" reason="Missing semicolon." evidence="	}" severity="Medium"/>
        <issue line="90" char="6" reason="Missing semicolon." evidence="	}	" severity="Medium"/>
        <issue line="94" char="24" reason="Missing semicolon." evidence="			return &apos;群组&apos;" severity="Medium"/>
        <issue line="96" char="24" reason="Missing semicolon." evidence="			return &apos;部门&apos;" severity="Medium"/>
        <issue line="98" char="6" reason="Missing semicolon." evidence="	}" severity="Medium"/>
        <issue line="109" char="11" reason="Missing semicolon." evidence="		})" severity="Medium"/>
        <issue line="110" char="6" reason="Missing semicolon." evidence="	}" severity="Medium"/>
        <issue line="135" char="11" reason="Missing semicolon." evidence="		})" severity="Medium"/>
        <issue line="136" char="6" reason="Missing semicolon." evidence="	}" severity="Medium"/>
        <issue line="147" char="11" reason="Missing semicolon." evidence="		})" severity="Medium"/>
        <issue line="148" char="6" reason="Missing semicolon." evidence="	}" severity="Medium"/>
        <issue line="157" char="11" reason="Missing semicolon." evidence="		})" severity="Medium"/>
        <issue line="158" char="6" reason="Missing semicolon." evidence="	}" severity="Medium"/>
        <issue line="177" char="27" reason="Missing semicolon." evidence="						})" severity="Medium"/>
        <issue line="198" char="27" reason="Missing semicolon." evidence="						})							" severity="Medium"/>
        <issue line="201" char="15" reason="Missing semicolon." evidence="			})" severity="Medium"/>
        <issue line="202" char="6" reason="Missing semicolon." evidence="	}" severity="Medium"/>
        <issue line="220" char="27" reason="Missing semicolon." evidence="						})" severity="Medium"/>
        <issue line="240" char="27" reason="Missing semicolon." evidence="						})							" severity="Medium"/>
        <issue line="243" char="15" reason="Missing semicolon." evidence="			})" severity="Medium"/>
        <issue line="244" char="6" reason="Missing semicolon." evidence="	}" severity="Medium"/>
        <issue line="252" char="6" reason="Missing semicolon." evidence="	}" severity="Medium"/>
        <issue line="262" char="11" reason="Missing semicolon." evidence="		})" severity="Medium"/>
        <issue line="263" char="6" reason="Missing semicolon." evidence="	}" severity="Medium"/>
        <issue line="272" char="11" reason="Missing semicolon." evidence="		})" severity="Medium"/>
        <issue line="273" char="6" reason="Missing semicolon." evidence="	}" severity="Medium"/>
        <issue line="284" char="11" reason="Missing semicolon." evidence="		})" severity="Medium"/>
        <issue line="285" char="6" reason="Missing semicolon." evidence="	}" severity="Medium"/>
        <issue line="327" char="123" reason="Duplicate key &apos;renderer&apos;." evidence="				{header:&apos;名称&apos;,mapping:&apos;name&apos;,width:&apos;max&apos;,textAlign:&apos;left&apos;,renderer:me.changeCursor,handler:me.open,renderer:me.setCur}," severity="High"/>
        <issue line="334" char="11" reason="Missing semicolon." evidence="		})" severity="Medium"/>
        <issue line="335" char="6" reason="Missing semicolon." evidence="	}" severity="Medium"/>
        <issue line="347" char="6" reason="Missing semicolon." evidence="	}" severity="Medium"/>
        <issue line="348" char="3" reason="Missing semicolon." evidence="})" severity="Medium"/>
    </file>
</jslint>